Component: ARM Compiler 5.06 update 5 (build 528) Tool: armlink [4d35e2]

==============================================================================

Section Cross References

    startup_stm32f103xe.o(STACK) refers (Special) to heapauxi.o(.text) for __use_two_region_memory
    startup_stm32f103xe.o(HEAP) refers (Special) to heapauxi.o(.text) for __use_two_region_memory
    startup_stm32f103xe.o(RESET) refers (Special) to heapauxi.o(.text) for __use_two_region_memory
    startup_stm32f103xe.o(RESET) refers to startup_stm32f103xe.o(STACK) for __initial_sp
    startup_stm32f103xe.o(RESET) refers to startup_stm32f103xe.o(.text) for Reset_Handler
    startup_stm32f103xe.o(RESET) refers to stm32f1xx_it.o(i.NMI_Handler) for NMI_Handler
    startup_stm32f103xe.o(RESET) refers to stm32f1xx_it.o(i.HardFault_Handler) for HardFault_Handler
    startup_stm32f103xe.o(RESET) refers to stm32f1xx_it.o(i.MemManage_Handler) for MemManage_Handler
    startup_stm32f103xe.o(RESET) refers to stm32f1xx_it.o(i.BusFault_Handler) for BusFault_Handler
    startup_stm32f103xe.o(RESET) refers to stm32f1xx_it.o(i.UsageFault_Handler) for UsageFault_Handler
    startup_stm32f103xe.o(RESET) refers to stm32f1xx_it.o(i.SVC_Handler) for SVC_Handler
    startup_stm32f103xe.o(RESET) refers to stm32f1xx_it.o(i.DebugMon_Handler) for DebugMon_Handler
    startup_stm32f103xe.o(RESET) refers to stm32f1xx_it.o(i.PendSV_Handler) for PendSV_Handler
    startup_stm32f103xe.o(RESET) refers to stm32f1xx_it.o(i.SysTick_Handler) for SysTick_Handler
    startup_stm32f103xe.o(RESET) refers to stm32f1xx_it.o(i.USART1_IRQHandler) for USART1_IRQHandler
    startup_stm32f103xe.o(.text) refers (Special) to heapauxi.o(.text) for __use_two_region_memory
    startup_stm32f103xe.o(.text) refers to system_stm32f1xx.o(i.SystemInit) for SystemInit
    startup_stm32f103xe.o(.text) refers to __main.o(!!!main) for __main
    startup_stm32f103xe.o(.text) refers to startup_stm32f103xe.o(HEAP) for Heap_Mem
    startup_stm32f103xe.o(.text) refers to startup_stm32f103xe.o(STACK) for Stack_Mem
    main.o(i.HAL_UARTEx_RxEventCallback) refers to stm32f1xx_hal_uart.o(i.HAL_UARTEx_ReceiveToIdle_IT) for HAL_UARTEx_ReceiveToIdle_IT
    main.o(i.HAL_UARTEx_RxEventCallback) refers to stm32f1xx_hal.o(i.HAL_GetTick) for HAL_GetTick
    main.o(i.HAL_UARTEx_RxEventCallback) refers to main.o(.data) for .data
    main.o(i.HAL_UARTEx_RxEventCallback) refers to main.o(.bss) for .bss
    main.o(i.HAL_UARTEx_RxEventCallback) refers to usart.o(.bss) for huart1
    main.o(i.SystemClock_Config) refers to rt_memclr_w.o(.text) for __aeabi_memclr4
    main.o(i.SystemClock_Config) refers to stm32f1xx_hal_rcc.o(i.HAL_RCC_OscConfig) for HAL_RCC_OscConfig
    main.o(i.SystemClock_Config) refers to stm32f1xx_hal_rcc.o(i.HAL_RCC_ClockConfig) for HAL_RCC_ClockConfig
    main.o(i.main) refers to stm32f1xx_hal.o(i.HAL_Init) for HAL_Init
    main.o(i.main) refers to main.o(i.SystemClock_Config) for SystemClock_Config
    main.o(i.main) refers to gpio.o(i.MX_GPIO_Init) for MX_GPIO_Init
    main.o(i.main) refers to spi.o(i.MX_SPI1_Init) for MX_SPI1_Init
    main.o(i.main) refers to spi.o(i.MX_SPI2_Init) for MX_SPI2_Init
    main.o(i.main) refers to usart.o(i.MX_USART1_UART_Init) for MX_USART1_UART_Init
    main.o(i.main) refers to bootloader.o(i.BootLoader_OTA_Init) for BootLoader_OTA_Init
    main.o(i.main) refers to stm32f1xx_hal_uart.o(i.HAL_UARTEx_ReceiveToIdle_IT) for HAL_UARTEx_ReceiveToIdle_IT
    main.o(i.main) refers to button.o(i.Button_detect) for Button_detect
    main.o(i.main) refers to stm32f1xx_hal_gpio.o(i.HAL_GPIO_WritePin) for HAL_GPIO_WritePin
    main.o(i.main) refers to stm32f1xx_hal.o(i.HAL_GetTick) for HAL_GetTick
    main.o(i.main) refers to bootloader.o(i.BootLoader_OTA_Write) for BootLoader_OTA_Write
    main.o(i.main) refers to usart.o(.bss) for huart1
    main.o(i.main) refers to main.o(.bss) for .bss
    main.o(i.main) refers to main.o(.data) for .data
    gpio.o(i.MX_GPIO_Init) refers to stm32f1xx_hal_gpio.o(i.HAL_GPIO_WritePin) for HAL_GPIO_WritePin
    gpio.o(i.MX_GPIO_Init) refers to stm32f1xx_hal_gpio.o(i.HAL_GPIO_Init) for HAL_GPIO_Init
    spi.o(i.HAL_SPI_MspDeInit) refers to stm32f1xx_hal_gpio.o(i.HAL_GPIO_DeInit) for HAL_GPIO_DeInit
    spi.o(i.HAL_SPI_MspInit) refers to stm32f1xx_hal_gpio.o(i.HAL_GPIO_Init) for HAL_GPIO_Init
    spi.o(i.MX_SPI1_Init) refers to stm32f1xx_hal_spi.o(i.HAL_SPI_Init) for HAL_SPI_Init
    spi.o(i.MX_SPI1_Init) refers to main.o(i.Error_Handler) for Error_Handler
    spi.o(i.MX_SPI1_Init) refers to spi.o(.bss) for .bss
    spi.o(i.MX_SPI2_Init) refers to stm32f1xx_hal_spi.o(i.HAL_SPI_Init) for HAL_SPI_Init
    spi.o(i.MX_SPI2_Init) refers to main.o(i.Error_Handler) for Error_Handler
    spi.o(i.MX_SPI2_Init) refers to spi.o(.bss) for .bss
    usart.o(i.HAL_UART_MspDeInit) refers to stm32f1xx_hal_gpio.o(i.HAL_GPIO_DeInit) for HAL_GPIO_DeInit
[...]
    CL$$btod_ediv                            0x080059fe   Section       42  btod.o(CL$$btod_ediv)
    CL$$btod_emul                            0x08005a28   Section       42  btod.o(CL$$btod_emul)
    CL$$btod_mult_common                     0x08005a52   Section      580  btod.o(CL$$btod_mult_common)
    i.BootLoader_OTA_BlockState_print        0x08005c98   Section        0  bootloader.o(i.BootLoader_OTA_BlockState_print)
    i.BootLoader_OTA_Init                    0x08005d58   Section        0  bootloader.o(i.BootLoader_OTA_Init)
    i.BootLoader_OTA_Write                   0x08005db8   Section        0  bootloader.o(i.BootLoader_OTA_Write)
    i.BusFault_Handler                       0x08005ea0   Section        0  stm32f1xx_it.o(i.BusFault_Handler)
    i.Button_detect                          0x08005ea4   Section        0  button.o(i.Button_detect)
    i.DebugMon_Handler                       0x08005f10   Section        0  stm32f1xx_it.o(i.DebugMon_Handler)
    i.Error_Handler                          0x08005f12   Section        0  main.o(i.Error_Handler)
    i.HAL_DMA_Abort                          0x08005f16   Section        0  stm32f1xx_hal_dma.o(i.HAL_DMA_Abort)
    i.HAL_DMA_Abort_IT                       0x08005f5c   Section        0  stm32f1xx_hal_dma.o(i.HAL_DMA_Abort_IT)
    i.HAL_Delay                              0x0800608c   Section        0  stm32f1xx_hal.o(i.HAL_Delay)
    i.HAL_GPIO_Init                          0x080060b0   Section        0  stm32f1xx_hal_gpio.o(i.HAL_GPIO_Init)
    i.HAL_GPIO_ReadPin                       0x080062a8   Section        0  stm32f1xx_hal_gpio.o(i.HAL_GPIO_ReadPin)
    i.HAL_GPIO_WritePin                      0x080062b2   Section        0  stm32f1xx_hal_gpio.o(i.HAL_GPIO_WritePin)
    i.HAL_GetTick                            0x080062bc   Section        0  stm32f1xx_hal.o(i.HAL_GetTick)
    i.HAL_IncTick                            0x080062c8   Section        0  stm32f1xx_hal.o(i.HAL_IncTick)
    i.HAL_Init                               0x080062d8   Section        0  stm32f1xx_hal.o(i.HAL_Init)
    i.HAL_InitTick                           0x080062fc   Section        0  stm32f1xx_hal.o(i.HAL_InitTick)
    i.HAL_MspInit                            0x0800633c   Section        0  stm32f1xx_hal_msp.o(i.HAL_MspInit)
    i.HAL_NVIC_EnableIRQ                     0x08006378   Section        0  stm32f1xx_hal_cortex.o(i.HAL_NVIC_EnableIRQ)
    i.HAL_NVIC_SetPriority                   0x08006394   Section        0  stm32f1xx_hal_cortex.o(i.HAL_NVIC_SetPriority)
    i.HAL_NVIC_SetPriorityGrouping           0x080063d4   Section        0  stm32f1xx_hal_cortex.o(i.HAL_NVIC_SetPriorityGrouping)
    i.HAL_RCC_ClockConfig                    0x080063f8   Section        0  stm32f1xx_hal_rcc.o(i.HAL_RCC_ClockConfig)
    i.HAL_RCC_GetPCLK1Freq                   0x08006524   Section        0  stm32f1xx_hal_rcc.o(i.HAL_RCC_GetPCLK1Freq)
    i.HAL_RCC_GetPCLK2Freq                   0x08006544   Section        0  stm32f1xx_hal_rcc.o(i.HAL_RCC_GetPCLK2Freq)
    i.HAL_RCC_GetSysClockFreq                0x08006564   Section        0  stm32f1xx_hal_rcc.o(i.HAL_RCC_GetSysClockFreq)
    i.HAL_RCC_OscConfig                      0x080065b0   Section        0  stm32f1xx_hal_rcc.o(i.HAL_RCC_OscConfig)
    i.HAL_SPI_Init                           0x080068d0   Section        0  stm32f1xx_hal_spi.o(i.HAL_SPI_Init)
    i.HAL_SPI_MspInit                        0x08006984   Section        0  spi.o(i.HAL_SPI_MspInit)
    i.HAL_SPI_Receive                        0x08006a34   Section        0  stm32f1xx_hal_spi.o(i.HAL_SPI_Receive)
    i.HAL_SPI_Transmit                       0x08006b88   Section        0  stm32f1xx_hal_spi.o(i.HAL_SPI_Transmit)
    i.HAL_SPI_TransmitReceive                0x08006cee   Section        0  stm32f1xx_hal_spi.o(i.HAL_SPI_TransmitReceive)
    i.HAL_SYSTICK_Config                     0x08006ede   Section        0  stm32f1xx_hal_cortex.o(i.HAL_SYSTICK_Config)
    i.HAL_UARTEx_ReceiveToIdle_IT            0x08006f06   Section        0  stm32f1xx_hal_uart.o(i.HAL_UARTEx_ReceiveToIdle_IT)
    i.HAL_UARTEx_RxEventCallback             0x08006f54   Section        0  main.o(i.HAL_UARTEx_RxEventCallback)
    i.HAL_UART_ErrorCallback                 0x08006f8c   Section        0  stm32f1xx_hal_uart.o(i.HAL_UART_ErrorCallback)
    i.HAL_UART_IRQHandler                    0x08006f90   Section        0  stm32f1xx_hal_uart.o(i.HAL_UART_IRQHandler)
    i.HAL_UART_Init                          0x080071fc   Section        0  stm32f1xx_hal_uart.o(i.HAL_UART_Init)
    i.HAL_UART_MspInit                       0x08007260   Section        0  usart.o(i.HAL_UART_MspInit)
    i.HAL_UART_RxCpltCallback                0x080072e0   Section        0  stm32f1xx_hal_uart.o(i.HAL_UART_RxCpltCallback)
    i.HAL_UART_TxCpltCallback                0x080072e2   Section        0  stm32f1xx_hal_uart.o(i.HAL_UART_TxCpltCallback)
    i.HardFault_Handler                      0x080072e4   Section        0  stm32f1xx_it.o(i.HardFault_Handler)
    i.MX_GPIO_Init                           0x08007314   Section        0  gpio.o(i.MX_GPIO_Init)
    i.MX_SPI1_Init                           0x080073e0   Section        0  spi.o(i.MX_SPI1_Init)
    i.MX_SPI2_Init                           0x08007428   Section        0  spi.o(i.MX_SPI2_Init)
    i.MX_USART1_UART_Init                    0x0800746c   Section        0  usart.o(i.MX_USART1_UART_Init)
    i.MemManage_Handler                      0x080074a4   Section        0  stm32f1xx_it.o(i.MemManage_Handler)
    i.NMI_Handler                            0x080074a6   Section        0  stm32f1xx_it.o(i.NMI_Handler)
    i.OLED_Clear                             0x080074a8   Section        0  oled.o(i.OLED_Clear)
    i.OLED_Clearline                         0x080074ec   Section        0  oled.o(i.OLED_Clearline)
    i.OLED_DrawChar                          0x0800753c   Section        0  oled.o(i.OLED_DrawChar)
    i.OLED_DrawString                        0x0800759c   Section        0  oled.o(i.OLED_DrawString)
    i.OLED_Init                              0x080075f0   Section        0  oled.o(i.OLED_Init)
    i.OLED_Map                               0x080076fc   Section        0  oled.o(i.OLED_Map)
    i.OLED_WR_Byte                           0x08007738   Section        0  oled.o(i.OLED_WR_Byte)
    i.OLED_WR_Bytes                          0x08007788   Section        0  oled.o(i.OLED_WR_Bytes)
    i.PendSV_Handler                         0x080077dc   Section        0  stm32f1xx_it.o(i.PendSV_Handler)
    i.SPI_EndRxTransaction                   0x080077de   Section        0  stm32f1xx_hal_spi.o(i.SPI_EndRxTransaction)
    SPI_EndRxTransaction                     0x080077df   Thumb Code    92  stm32f1xx_hal_spi.o(i.SPI_EndRxTransaction)
    i.SPI_EndRxTxTransaction                 0x0800783a   Section        0  stm32f1xx_hal_spi.o(i.SPI_EndRxTxTransaction)
    SPI_EndRxTxTransaction                   0x0800783b   Thumb Code    52  stm32f1xx_hal_spi.o(i.SPI_EndRxTxTransaction)
    i.SPI_WaitFlagStateUntilTimeout          0x08007870   Section        0  stm32f1xx_hal_spi.o(i.SPI_WaitFlagStateUntilTimeout)
    SPI_WaitFlagStateUntilTimeout            0x08007871   Thumb Code   180  stm32f1xx_hal_spi.o(i.SPI_WaitFlagStateUntilTimeout)
    i.SVC_Handler                            0x08007928   Section        0  stm32f1xx_it.o(i.SVC_Handler)
    i.SysTick_Handler                        0x0800792a   Section        0  stm32f1xx_it.o(i.SysTick_Handler)
    i.SystemClock_Config                     0x0800792e   Section        0  main.o(i.SystemClock_Config)
    i.SystemInit                             0x0800798c   Section        0  system_stm32f1xx.o(i.SystemInit)
    i.UART_DMAAbortOnError                   0x0800798e   Section        0  stm32f1xx_hal_uart.o(i.UART_DMAAbortOnError)
    UART_DMAAbortOnError                     0x0800798f   Thumb Code    16  stm32f1xx_hal_uart.o(i.UART_DMAAbortOnError)
    i.UART_EndRxTransfer                     0x0800799e   Section        0  stm32f1xx_hal_uart.o(i.UART_EndRxTransfer)
    UART_EndRxTransfer                       0x0800799f   Thumb Code    78  stm32f1xx_hal_uart.o(i.UART_EndRxTransfer)
    i.UART_Receive_IT                        0x080079ec   Section        0  stm32f1xx_hal_uart.o(i.UART_Receive_IT)
    UART_Receive_IT                          0x080079ed   Thumb Code   194  stm32f1xx_hal_uart.o(i.UART_Receive_IT)
    i.UART_SetConfig                         0x08007ab0   Section        0  stm32f1xx_hal_uart.o(i.UART_SetConfig)
    UART_SetConfig                           0x08007ab1   Thumb Code   178  stm32f1xx_hal_uart.o(i.UART_SetConfig)
    i.UART_Start_Receive_IT                  0x08007b68   Section        0  stm32f1xx_hal_uart.o(i.UART_Start_Receive_IT)
    i.USART1_IRQHandler                      0x08007ba0   Section        0  stm32f1xx_it.o(i.USART1_IRQHandler)
    i.UsageFault_Handler                     0x08007bac   Section        0  stm32f1xx_it.o(i.UsageFault_Handler)
    i.__ARM_fpclassify                       0x08007bae   Section        0  fpclassify.o(i.__ARM_fpclassify)
    i.__NVIC_SetPriority                     0x08007bd6   Section        0  stm32f1xx_hal_cortex.o(i.__NVIC_SetPriority)
    __NVIC_SetPriority                       0x08007bd7   Thumb Code    32  stm32f1xx_hal_cortex.o(i.__NVIC_SetPriority)
    i._is_digit                              0x08007bf6   Section        0  __printf_wp.o(i._is_digit)
    i.ept_pop                                0x08007c04   Section        0  bootloader.o(i.ept_pop)
    i.ept_push                               0x08007c44   Section        0  bootloader.o(i.ept_push)
    i.is_ept_empty                           0x08007c80   Section        0  bootloader.o(i.is_ept_empty)
    i.is_ept_full                            0x08007c9c   Section        0  bootloader.o(i.is_ept_full)
    i.main                                   0x08007cb4   Section        0  main.o(i.main)
    i.w25q_BlockErase                        0x08007d74   Section        0  w25q.o(i.w25q_BlockErase)
    i.w25q_Init                              0x08007de0   Section        0  w25q.o(i.w25q_Init)
    i.w25q_IsBusy                            0x08007df0   Section        0  w25q.o(i.w25q_IsBusy)
    i.w25q_Read                              0x08007e00   Section        0  w25q.o(i.w25q_Read)
    i.w25q_ReadStatus                        0x08007e94   Section        0  w25q.o(i.w25q_ReadStatus)
    i.w25q_SectorErase                       0x08007f0c   Section        0  w25q.o(i.w25q_SectorErase)
    i.w25q_Write                             0x08007f78   Section        0  w25q.o(i.w25q_Write)
    i.w25q_WriteEnable                       0x08008100   Section        0  w25q.o(i.w25q_WriteEnable)
    locale$$code                             0x0800814c   Section       44  lc_numeric_c.o(locale$$code)
    locale$$code                             0x08008178   Section       44  lc_ctype_c.o(locale$$code)
    x$fpl$printf1                            0x080081a4   Section        4  printf1.o(x$fpl$printf1)
    x$fpl$printf2                            0x080081a8   Section        4  printf2.o(x$fpl$printf2)
    .constdata                               0x080081ac   Section       18  stm32f1xx_hal_rcc.o(.constdata)
    x$fpl$usenofp                            0x080081ac   Section        0  usenofp.o(x$fpl$usenofp)
    aPredivFactorTable                       0x080081ac   Data           2  stm32f1xx_hal_rcc.o(.constdata)
    aPLLMULFactorTable                       0x080081ae   Data          16  stm32f1xx_hal_rcc.o(.constdata)
    .constdata                               0x080081be   Section       16  system_stm32f1xx.o(.constdata)
    .constdata                               0x080081ce   Section        8  system_stm32f1xx.o(.constdata)
    .constdata                               0x080081d8   Section       32  bootloader.o(.constdata)
    .constdata                               0x080081f8   Section     1520  oled.o(.constdata)
    .constdata                               0x080087e8   Section        8  w25q.o(.constdata)
    Instruction                              0x080087e8   Data           8  w25q.o(.constdata)
    .constdata                               0x080087f0   Section        8  _printf_wctomb.o(.constdata)
    initial_mbstate                          0x080087f0   Data           8  _printf_wctomb.o(.constdata)
    .constdata                               0x080087f8   Section       40  _printf_hex_int_ll_ptr.o(.constdata)
    uc_hextab                                0x080087f8   Data          20  _printf_hex_int_ll_ptr.o(.constdata)
    lc_hextab                                0x0800880c   Data          20  _printf_hex_int_ll_ptr.o(.constdata)
    .constdata                               0x08008820   Section       17  __printf_flags_ss_wp.o(.constdata)
    maptable                                 0x08008820   Data          17  __printf_flags_ss_wp.o(.constdata)
    .constdata                               0x08008831   Section       38  _printf_fp_hex.o(.constdata)
    lc_hextab                                0x08008831   Data          19  _printf_fp_hex.o(.constdata)
    uc_hextab                                0x08008844   Data          19  _printf_fp_hex.o(.constdata)
    .constdata                               0x08008858   Section      148  bigflt0.o(.constdata)
    tenpwrs_x                                0x08008858   Data          60  bigflt0.o(.constdata)
    tenpwrs_i                                0x08008894   Data          64  bigflt0.o(.constdata)
    .conststring                             0x080088ec   Section       16  bootloader.o(.conststring)
    locale$$data                             0x0800891c   Section       28  lc_numeric_c.o(locale$$data)
    __lcnum_c_name                           0x08008920   Data           2  lc_numeric_c.o(locale$$data)
    __lcnum_c_start                          0x08008928   Data           0  lc_numeric_c.o(locale$$data)
    __lcnum_c_point                          0x08008934   Data           0  lc_numeric_c.o(locale$$data)
    __lcnum_c_thousands                      0x08008936   Data           0  lc_numeric_c.o(locale$$data)
    __lcnum_c_grouping                       0x08008937   Data           0  lc_numeric_c.o(locale$$data)
    locale$$data                             0x08008938   Section      272  lc_ctype_c.o(locale$$data)
    __lcnum_c_end                            0x08008938   Data           0  lc_numeric_c.o(locale$$data)
    __lcctype_c_name                         0x0800893c   Data           2  lc_ctype_c.o(locale$$data)
    __lcctype_c_start                        0x08008944   Data           0  lc_ctype_c.o(locale$$data)
    __lcctype_c_end                          0x08008a48   Data           0  lc_ctype_c.o(locale$$data)
    .data                                    0x20000000   Section       12  main.o(.data)
    .data                                    0x2000000c   Section       20  stm32f1xx_it.o(.data)
    .data                                    0x20000020   Section       12  stm32f1xx_hal.o(.data)
    .data                                    0x2000002c   Section        4  system_stm32f1xx.o(.data)
    .data                                    0x20000030   Section       16  bootloader.o(.data)
    CodeA                                    0x20000030   Data          16  bootloader.o(.data)
    .data                                    0x20000040   Section       16  bootloader.o(.data)
    CodeB                                    0x20000040   Data          16  bootloader.o(.data)
    .data                                    0x20000050   Section       16  bootloader.o(.data)
    CodeC                                    0x20000050   Data          16  bootloader.o(.data)
    .data                                    0x20000060   Section       16  bootloader.o(.data)
    CodeD                                    0x20000060   Data          16  bootloader.o(.data)
    .data                                    0x20000070   Section       44  bootloader.o(.data)
    empty_head                               0x20000070   Data           1  bootloader.o(.data)
    empty_tail                               0x20000071   Data           1  bootloader.o(.data)
    empty_turn_flag                          0x20000072   Data           1  bootloader.o(.data)
    WriteOver_lastflag                       0x20000073   Data           1  bootloader.o(.data)
    new                                      0x20000074   Data           4  bootloader.o(.data)
    cur                                      0x20000078   Data           4  bootloader.o(.data)
    last                                     0x2000007c   Data           4  bootloader.o(.data)
    FlashAddr_Code_offset                    0x20000080   Data           4  bootloader.o(.data)
    cds                                      0x20000084   Data           4  bootloader.o(.data)
    pCodeBlock                               0x20000088   Data           4  bootloader.o(.data)
    CodeBlocks                               0x2000008c   Data          16  bootloader.o(.data)
    .data                                    0x2000009c   Section        8  button.o(.data)
    .data                                    0x200000a4   Section        4  button.o(.data)
    .bss                                     0x200000a8   Section      256  main.o(.bss)
    .bss                                     0x200001a8   Section      176  spi.o(.bss)
    .bss                                     0x20000258   Section       72  usart.o(.bss)
    .bss                                     0x200002a0   Section       16  bootloader.o(.bss)
    empty                                    0x200002a0   Data          16  bootloader.o(.bss)
    .bss                                     0x200002b0   Section     1024  oled.o(.bss)
    OLED_GRAM                                0x200002b0   Data        1024  oled.o(.bss)
    .bss                                     0x200006b0   Section       96  libspace.o(.bss)
    HEAP                                     0x20000710   Section      512  startup_stm32f103xe.o(HEAP)
    Heap_Mem                                 0x20000710   Data         512  startup_stm32f103xe.o(HEAP)
    STACK                                    0x20000910   Section     1024  startup_stm32f103xe.o(STACK)
    Stack_Mem                                0x20000910   Data        1024  startup_stm32f103xe.o(STACK)
    __initial_sp                             0x20000d10   Data           0  startup_stm32f103xe.o(STACK)

    Global Symbols

    Symbol Name                              Value     Ov Type        Size  Object(Section)

    BuildAttributes$$THM_ISAv4$P$D$K$B$S$PE$A:L22UL41UL21$X:L11$S22US41US21$IEEE1$IW$USESV6$~STKCKD$USESV7$~SHL$OTIME$ROPI$IEEEJ$EBA8$UX$STANDARDLIB$REQ8$PRES8$EABIv2 0x00000000   Number         0  anon$$obj.o ABSOLUTE
    __ARM_use_no_argv                        0x00000000   Number         0  main.o ABSOLUTE
    _printf_flags                            0x00000000   Number         0  printf_stubs.o ABSOLUTE
    _printf_return_value                     0x00000000   Number         0  printf_stubs.o ABSOLUTE
    _printf_sizespec                         0x00000000   Number         0  printf_stubs.o ABSOLUTE
    _printf_widthprec                        0x00000000   Number         0  printf_stubs.o ABSOLUTE
    __ARM_exceptions_init                     - Undefined Weak Reference
    __alloca_initialize                       - Undefined Weak Reference
    __arm_preinit_                            - Undefined Weak Reference
    __cpp_initialize__aeabi_                  - Undefined Weak Reference
    __cxa_finalize                            - Undefined Weak Reference
    __sigvec_lookup                           - Undefined Weak Reference
    _atexit_init                              - Undefined Weak Reference
    _call_atexit_fns                          - Undefined Weak Reference
    _clock_init                               - Undefined Weak Reference
    _fp_trap_init                             - Undefined Weak Reference
    _fp_trap_shutdown                         - Undefined Weak Reference
    _get_lc_collate                           - Undefined Weak Reference
    _get_lc_monetary                          - Undefined Weak Reference
    _get_lc_time                              - Undefined Weak Reference
    _getenv_init                              - Undefined Weak Reference
    _handle_redirection                       - Undefined Weak Reference
    _init_alloc                               - Undefined Weak Reference
    _init_user_alloc                          - Undefined Weak Reference
    _initio                                   - Undefined Weak Reference
    _printf_mbtowc                            - Undefined Weak Reference
    _printf_wc                                - Undefined Weak Reference
    _rand_init                                - Undefined Weak Reference
    _signal_finish                            - Undefined Weak Reference
    _signal_init                              - Undefined Weak Reference
    _terminate_alloc                          - Undefined Weak Reference
    _terminate_user_alloc                     - Undefined Weak Reference
    _terminateio                              - Undefined Weak Reference
    __Vectors_Size                           0x00000130   Number         0  startup_stm32f103xe.o ABSOLUTE
    __Vectors                                0x08004000   Data           4  startup_stm32f103xe.o(RESET)
    __Vectors_End                            0x08004130   Data           0  startup_stm32f103xe.o(RESET)
    __main                                   0x08004131   Thumb Code     8  __main.o(!!!main)
    __scatterload                            0x08004139   Thumb Code     0  __scatter.o(!!!scatter)
    __scatterload_rt2                        0x08004139   Thumb Code    44  __scatter.o(!!!scatter)
    __scatterload_rt2_thumb_only             0x08004139   Thumb Code     0  __scatter.o(!!!scatter)
    __scatterload_null                       0x08004147   Thumb Code     0  __scatter.o(!!!scatter)
    __scatterload_copy                       0x0800416d   Thumb Code    26  __scatter_copy.o(!!handler_copy)
    __scatterload_zeroinit                   0x08004189   Thumb Code    28  __scatter_zi.o(!!handler_zi)
    _printf_n                                0x080041a5   Thumb Code     0  _printf_n.o(.ARM.Collect$$_printf_percent$$00000001)
    _printf_percent                          0x080041a5   Thumb Code     0  _printf_percent.o(.ARM.Collect$$_printf_percent$$00000000)
    _printf_p                                0x080041ab   Thumb Code     0  _printf_p.o(.ARM.Collect$$_printf_percent$$00000002)
    _printf_f                                0x080041b1   Thumb Code     0  _printf_f.o(.ARM.Collect$$_printf_percent$$00000003)
    _printf_e                                0x080041b7   Thumb Code     0  _printf_e.o(.ARM.Collect$$_printf_percent$$00000004)
    _printf_g                                0x080041bd   Thumb Code     0  _printf_g.o(.ARM.Collect$$_printf_percent$$00000005)
    _printf_a                                0x080041c3   Thumb Code     0  _printf_a.o(.ARM.Collect$$_printf_percent$$00000006)
    _printf_ll                               0x080041c9   Thumb Code     0  _printf_ll.o(.ARM.Collect$$_printf_percent$$00000007)
    _printf_i                                0x080041d3   Thumb Code     0  _printf_i.o(.ARM.Collect$$_printf_percent$$00000008)
    _printf_d                                0x080041d9   Thumb Code     0  _printf_d.o(.ARM.Collect$$_printf_percent$$00000009)
    _printf_u                                0x080041df   Thumb Code     0  _printf_u.o(.ARM.Collect$$_printf_percent$$0000000A)
    _printf_o                                0x080041e5   Thumb Code     0  _printf_o.o(.ARM.Collect$$_printf_percent$$0000000B)
    _printf_x                                0x080041eb   Thumb Code     0  _printf_x.o(.ARM.Collect$$_printf_percent$$0000000C)
    _printf_lli                              0x080041f1   Thumb Code     0  _printf_lli.o(.ARM.Collect$$_printf_percent$$0000000D)
    _printf_lld                              0x080041f7   Thumb Code     0  _printf_lld.o(.ARM.Collect$$_printf_percent$$0000000E)
    _printf_llu                              0x080041fd   Thumb Code     0  _printf_llu.o(.ARM.Collect$$_printf_percent$$0000000F)
    _printf_llo                              0x08004203   Thumb Code     0  _printf_llo.o(.ARM.Collect$$_printf_percent$$00000010)
    _printf_llx                              0x08004209   Thumb Code     0  _printf_llx.o(.ARM.Collect$$_printf_percent$$00000011)
    _printf_l                                0x0800420f   Thumb Code     0  _printf_l.o(.ARM.Collect$$_printf_percent$$00000012)
    _printf_c                                0x08004219   Thumb Code     0  _printf_c.o(.ARM.Collect$$_printf_percent$$00000013)
    _printf_s                                0x0800421f   Thumb Code     0  _printf_s.o(.ARM.Collect$$_printf_percent$$00000014)
    _printf_lc                               0x08004225   Thumb Code     0  _printf_lc.o(.ARM.Collect$$_printf_percent$$00000015)
    _printf_ls                               0x0800422b   Thumb Code     0  _printf_ls.o(.ARM.Collect$$_printf_percent$$00000016)
    _printf_percent_end                      0x08004231   Thumb Code     0  _printf_percent_end.o(.ARM.Collect$$_printf_percent$$00000017)
    __rt_lib_init                            0x08004235   Thumb Code     0  libinit.o(.ARM.Collect$$libinit$$00000000)
    __rt_lib_init_fp_1                       0x08004237   Thumb Code     0  libinit2.o(.ARM.Collect$$libinit$$00000002)
    __rt_lib_init_heap_1                     0x08004237   Thumb Code     0  libinit2.o(.ARM.Collect$$libinit$$0000000A)
    __rt_lib_init_lc_common                  0x08004237   Thumb Code     0  libinit2.o(.ARM.Collect$$libinit$$0000000F)
    __rt_lib_init_preinit_1                  0x08004237   Thumb Code     0  libinit2.o(.ARM.Collect$$libinit$$00000004)
    __rt_lib_init_rand_1                     0x08004237   Thumb Code     0  libinit2.o(.ARM.Collect$$libinit$$0000000E)
    __rt_lib_init_user_alloc_1               0x08004237   Thumb Code     0  libinit2.o(.ARM.Collect$$libinit$$0000000C)
    __rt_lib_init_lc_collate_1               0x0800423d   Thumb Code     0  libinit2.o(.ARM.Collect$$libinit$$00000011)
    __rt_lib_init_lc_ctype_2                 0x0800423d   Thumb Code     0  libinit2.o(.ARM.Collect$$libinit$$00000012)
    __rt_lib_init_lc_ctype_1                 0x08004249   Thumb Code     0  libinit2.o(.ARM.Collect$$libinit$$00000013)
    __rt_lib_init_lc_monetary_1              0x08004249   Thumb Code     0  libinit2.o(.ARM.Collect$$libinit$$00000015)
    __rt_lib_init_lc_numeric_2               0x08004249   Thumb Code     0  libinit2.o(.ARM.Collect$$libinit$$00000016)
    __rt_lib_init_alloca_1                   0x08004253   Thumb Code     0  libinit2.o(.ARM.Collect$$libinit$$0000002E)
    __rt_lib_init_argv_1                     0x08004253   Thumb Code     0  libinit2.o(.ARM.Collect$$libinit$$0000002C)
    __rt_lib_init_atexit_1                   0x08004253   Thumb Code     0  libinit2.o(.ARM.Collect$$libinit$$0000001B)
    __rt_lib_init_clock_1                    0x08004253   Thumb Code     0  libinit2.o(.ARM.Collect$$libinit$$00000021)
    __rt_lib_init_cpp_1                      0x08004253   Thumb Code     0  libinit2.o(.ARM.Collect$$libinit$$00000032)
    __rt_lib_init_exceptions_1               0x08004253   Thumb Code     0  libinit2.o(.ARM.Collect$$libinit$$00000030)
    __rt_lib_init_fp_trap_1                  0x08004253   Thumb Code     0  libinit2.o(.ARM.Collect$$libinit$$0000001F)
    __rt_lib_init_getenv_1                   0x08004253   Thumb Code     0  libinit2.o(.ARM.Collect$$libinit$$00000023)
    __rt_lib_init_lc_numeric_1               0x08004253   Thumb Code     0  libinit2.o(.ARM.Collect$$libinit$$00000017)
    __rt_lib_init_lc_time_1                  0x08004253   Thumb Code     0  libinit2.o(.ARM.Collect$$libinit$$00000019)
    __rt_lib_init_return                     0x08004253   Thumb Code     0  libinit2.o(.ARM.Collect$$libinit$$00000033)
    __rt_lib_init_signal_1                   0x08004253   Thumb Code     0  libinit2.o(.ARM.Collect$$libinit$$0000001D)
    __rt_lib_init_stdio_1                    0x08004253   Thumb Code     0  libinit2.o(.ARM.Collect$$libinit$$00000025)
    __rt_lib_shutdown                        0x08004255   Thumb Code     0  libshutdown.o(.ARM.Collect$$libshutdown$$00000000)
    __rt_lib_shutdown_cpp_1                  0x08004257   Thumb Code     0  libshutdown2.o(.ARM.Collect$$libshutdown$$00000002)
    __rt_lib_shutdown_fp_trap_1              0x08004257   Thumb Code     0  libshutdown2.o(.ARM.Collect$$libshutdown$$00000007)
    __rt_lib_shutdown_heap_1                 0x08004257   Thumb Code     0  libshutdown2.o(.ARM.Collect$$libshutdown$$0000000F)
    __rt_lib_shutdown_return                 0x08004257   Thumb Code     0  libshutdown2.o(.ARM.Collect$$libshutdown$$00000010)
    __rt_lib_shutdown_signal_1               0x08004257   Thumb Code     0  libshutdown2.o(.ARM.Collect$$libshutdown$$0000000A)
    __rt_lib_shutdown_stdio_1                0x08004257   Thumb Code     0  libshutdown2.o(.ARM.Collect$$libshutdown$$00000004)
    __rt_lib_shutdown_user_alloc_1           0x08004257   Thumb Code     0  libshutdown2.o(.ARM.Collect$$libshutdown$$0000000C)
    __rt_entry                               0x08004259   Thumb Code     0  __rtentry.o(.ARM.Collect$$rtentry$$00000000)
    __rt_entry_presh_1                       0x08004259   Thumb Code     0  __rtentry2.o(.ARM.Collect$$rtentry$$00000002)
    __rt_entry_sh                            0x08004259   Thumb Code     0  __rtentry4.o(.ARM.Collect$$rtentry$$00000004)
    __rt_entry_li                            0x0800425f   Thumb Code     0  __rtentry2.o(.ARM.Collect$$rtentry$$0000000A)
    __rt_entry_postsh_1                      0x0800425f   Thumb Code     0  __rtentry2.o(.ARM.Collect$$rtentry$$00000009)
    __rt_entry_main                          0x08004263   Thumb Code     0  __rtentry2.o(.ARM.Collect$$rtentry$$0000000D)
    __rt_entry_postli_1                      0x08004263   Thumb Code     0  __rtentry2.o(.ARM.Collect$$rtentry$$0000000C)
    __rt_exit                                0x0800426b   Thumb Code     0  rtexit.o(.ARM.Collect$$rtexit$$00000000)
    __rt_exit_ls                             0x0800426d   Thumb Code     0  rtexit2.o(.ARM.Collect$$rtexit$$00000003)
    __rt_exit_prels_1                        0x0800426d   Thumb Code     0  rtexit2.o(.ARM.Collect$$rtexit$$00000002)
    __rt_exit_exit                           0x08004271   Thumb Code     0  rtexit2.o(.ARM.Collect$$rtexit$$00000004)
    Reset_Handler                            0x08004279   Thumb Code     8  startup_stm32f103xe.o(.text)
    ADC1_2_IRQHandler                        0x08004293   Thumb Code     0  startup_stm32f103xe.o(.text)
    ADC3_IRQHandler                          0x08004293   Thumb Code     0  startup_stm32f103xe.o(.text)
    CAN1_RX1_IRQHandler                      0x08004293   Thumb Code     0  startup_stm32f103xe.o(.text)
    CAN1_SCE_IRQHandler                      0x08004293   Thumb Code     0  startup_stm32f103xe.o(.text)
    DMA1_Channel1_IRQHandler                 0x08004293   Thumb Code     0  startup_stm32f103xe.o(.text)
    DMA1_Channel2_IRQHandler                 0x08004293   Thumb Code     0  startup_stm32f103xe.o(.text)
    DMA1_Channel3_IRQHandler                 0x08004293   Thumb Code     0  startup_stm32f103xe.o(.text)
    DMA1_Channel4_IRQHandler                 0x08004293   Thumb Code     0  startup_stm32f103xe.o(.text)
    DMA1_Channel5_IRQHandler                 0x08004293   Thumb Code     0  startup_stm32f103xe.o(.text)
    DMA1_Channel6_IRQHandler                 0x08004293   Thumb Code     0  startup_stm32f103xe.o(.text)
    DMA1_Channel7_IRQHandler                 0x08004293   Thumb Code     0  startup_stm32f103xe.o(.text)
    DMA2_Channel1_IRQHandler                 0x08004293   Thumb Code     0  startup_stm32f103xe.o(.text)
    DMA2_Channel2_IRQHandler                 0x08004293   Thumb Code     0  startup_stm32f103xe.o(.text)
    DMA2_Channel3_IRQHandler                 0x08004293   Thumb Code     0  startup_stm32f103xe.o(.text)
    DMA2_Channel4_5_IRQHandler               0x08004293   Thumb Code     0  startup_stm32f103xe.o(.text)
    EXTI0_IRQHandler                         0x08004293   Thumb Code     0  startup_stm32f103xe.o(.text)
    EXTI15_10_IRQHandler                     0x08004293   Thumb Code     0  startup_stm32f103xe.o(.text)
    EXTI1_IRQHandler                         0x08004293   Thumb Code     0  startup_stm32f103xe.o(.text)
    EXTI2_IRQHandler                         0x08004293   Thumb Code     0  startup_stm32f103xe.o(.text)
    EXTI3_IRQHandler                         0x08004293   Thumb Code     0  startup_stm32f103xe.o(.text)
    EXTI4_IRQHandler                         0x08004293   Thumb Code     0  startup_stm32f103xe.o(.text)
    EXTI9_5_IRQHandler                       0x08004293   Thumb Code     0  startup_stm32f103xe.o(.text)
    FLASH_IRQHandler                         0x08004293   Thumb Code     0  startup_stm32f103xe.o(.text)
    FSMC_IRQHandler                          0x08004293   Thumb Code     0  startup_stm32f103xe.o(.text)
    I2C1_ER_IRQHandler                       0x08004293   Thumb Code     0  startup_stm32f103xe.o(.text)
    I2C1_EV_IRQHandler                       0x08004293   Thumb Code     0  startup_stm32f103xe.o(.text)
    I2C2_ER_IRQHandler                       0x08004293   Thumb Code     0  startup_stm32f103xe.o(.text)
    I2C2_EV_IRQHandler                       0x08004293   Thumb Code     0  startup_stm32f103xe.o(.text)
    PVD_IRQHandler                           0x08004293   Thumb Code     0  startup_stm32f103xe.o(.text)
    RCC_IRQHandler                           0x08004293   Thumb Code     0  startup_stm32f103xe.o(.text)
    RTC_Alarm_IRQHandler                     0x08004293   Thumb Code     0  startup_stm32f103xe.o(.text)
    RTC_IRQHandler                           0x08004293   Thumb Code     0  startup_stm32f103xe.o(.text)
    SDIO_IRQHandler                          0x08004293   Thumb Code     0  startup_stm32f103xe.o(.text)
    SPI1_IRQHandler                          0x08004293   Thumb Code     0  startup_stm32f103xe.o(.text)
    SPI2_IRQHandler                          0x08004293   Thumb Code     0  startup_stm32f103xe.o(.text)
    SPI3_IRQHandler                          0x08004293   Thumb Code     0  startup_stm32f103xe.o(.text)
    TAMPER_IRQHandler                        0x08004293   Thumb Code     0  startup_stm32f103xe.o(.text)
    TIM1_BRK_IRQHandler                      0x08004293   Thumb Code     0  startup_stm32f103xe.o(.text)
    TIM1_CC_IRQHandler                       0x08004293   Thumb Code     0  startup_stm32f103xe.o(.text)
    TIM1_TRG_COM_IRQHandler                  0x08004293   Thumb Code     0  startup_stm32f103xe.o(.text)
    TIM1_UP_IRQHandler                       0x08004293   Thumb Code     0  startup_stm32f103xe.o(.text)
    TIM2_IRQHandler                          0x08004293   Thumb Code     0  startup_stm32f103xe.o(.text)
    TIM3_IRQHandler                          0x08004293   Thumb Code     0  startup_stm32f103xe.o(.text)
    TIM4_IRQHandler                          0x08004293   Thumb Code     0  startup_stm32f103xe.o(.text)
    TIM5_IRQHandler                          0x08004293   Thumb Code     0  startup_stm32f103xe.o(.text)
    TIM6_IRQHandler                          0x08004293   Thumb Code     0  startup_stm32f103xe.o(.text)
    TIM7_IRQHandler                          0x08004293   Thumb Code     0  startup_stm32f103xe.o(.text)
    TIM8_BRK_IRQHandler                      0x08004293   Thumb Code     0  startup_stm32f103xe.o(.text)
    TIM8_CC_IRQHandler                       0x08004293   Thumb Code     0  startup_stm32f103xe.o(.text)
    TIM8_TRG_COM_IRQHandler                  0x08004293   Thumb Code     0  startup_stm32f103xe.o(.text)
    TIM8_UP_IRQHandler                       0x08004293   Thumb Code     0  startup_stm32f103xe.o(.text)
    UART4_IRQHandler                         0x08004293   Thumb Code     0  startup_stm32f103xe.o(.text)
    UART5_IRQHandler                         0x08004293   Thumb Code     0  startup_stm32f103xe.o(.text)
    USART2_IRQHandler                        0x08004293   Thumb Code     0  startup_stm32f103xe.o(.text)
    USART3_IRQHandler                        0x08004293   Thumb Code     0  startup_stm32f103xe.o(.text)
    USBWakeUp_IRQHandler                     0x08004293   Thumb Code     0  startup_stm32f103xe.o(.text)
    USB_HP_CAN1_TX_IRQHandler                0x08004293   Thumb Code     0  startup_stm32f103xe.o(.text)
    USB_LP_CAN1_RX0_IRQHandler               0x08004293   Thumb Code     0  startup_stm32f103xe.o(.text)
    WWDG_IRQHandler                          0x08004293   Thumb Code     0  startup_stm32f103xe.o(.text)
    __user_initial_stackheap                 0x08004295   Thumb Code     0  startup_stm32f103xe.o(.text)
    vsnprintf                                0x080042b9   Thumb Code    48  vsnprintf.o(.text)
    __aeabi_memcpy                           0x080042ed   Thumb Code     0  rt_memcpy_v6.o(.text)
    __rt_memcpy                              0x080042ed   Thumb Code   138  rt_memcpy_v6.o(.text)
    _memcpy_lastbytes                        0x08004353   Thumb Code     0  rt_memcpy_v6.o(.text)
    __aeabi_memclr4                          0x08004377   Thumb Code     0  rt_memclr_w.o(.text)
    __aeabi_memclr8                          0x08004377   Thumb Code     0  rt_memclr_w.o(.text)
    __rt_memclr_w                            0x08004377   Thumb Code    78  rt_memclr_w.o(.text)
    _memset_w                                0x0800437b   Thumb Code     0  rt_memclr_w.o(.text)
    __use_two_region_memory                  0x080043c5   Thumb Code     2  heapauxi.o(.text)
    __rt_heap_escrow$2region                 0x080043c7   Thumb Code     2  heapauxi.o(.text)
    __rt_heap_expand$2region                 0x080043c9   Thumb Code     2  heapauxi.o(.text)
    _printf_pre_padding                      0x080043cb   Thumb Code    44  _printf_pad.o(.text)
    _printf_post_padding                     0x080043f7   Thumb Code    34  _printf_pad.o(.text)
    _printf_truncate_signed                  0x08004419   Thumb Code    18  _printf_truncate.o(.text)
    _printf_truncate_unsigned                0x0800442b   Thumb Code    18  _printf_truncate.o(.text)
    _printf_str                              0x0800443d   Thumb Code    82  _printf_str.o(.text)
    _printf_int_dec                          0x08004491   Thumb Code   104  _printf_dec.o(.text)
    _printf_charcount                        0x08004509   Thumb Code    40  _printf_charcount.o(.text)
    _printf_char_common                      0x0800453b   Thumb Code    32  _printf_char_common.o(.text)
    _sputc                                   0x08004561   Thumb Code    10  _sputc.o(.text)
    _snputc                                  0x0800456b   Thumb Code    16  _snputc.o(.text)
    _printf_wctomb                           0x0800457d   Thumb Code   182  _printf_wctomb.o(.text)
    _printf_longlong_dec                     0x08004639   Thumb Code   108  _printf_longlong_dec.o(.text)
    _printf_longlong_oct                     0x080046b5   Thumb Code    66  _printf_oct_int_ll.o(.text)
    _printf_int_oct                          0x080046f7   Thumb Code    24  _printf_oct_int_ll.o(.text)
    _printf_ll_oct                           0x0800470f   Thumb Code    12  _printf_oct_int_ll.o(.text)
    _printf_longlong_hex                     0x08004725   Thumb Code    86  _printf_hex_int_ll_ptr.o(.text)
    _printf_int_hex                          0x0800477b   Thumb Code    28  _printf_hex_int_ll_ptr.o(.text)
    _printf_ll_hex                           0x08004797   Thumb Code    12  _printf_hex_int_ll_ptr.o(.text)
    _printf_hex_ptr                          0x080047a3   Thumb Code    18  _printf_hex_int_ll_ptr.o(.text)
    __printf                                 0x080047b9   Thumb Code   388  __printf_flags_ss_wp.o(.text)
    __aeabi_memcpy4                          0x08004941   Thumb Code     0  rt_memcpy_w.o(.text)
    __aeabi_memcpy8                          0x08004941   Thumb Code     0  rt_memcpy_w.o(.text)
    __rt_memcpy_w                            0x08004941   Thumb Code   100  rt_memcpy_w.o(.text)
    _memcpy_lastbytes_aligned                0x08004989   Thumb Code     0  rt_memcpy_w.o(.text)
    _ll_udiv10                               0x080049a5   Thumb Code   138  lludiv10.o(.text)
    _printf_int_common                       0x08004a2f   Thumb Code   178  _printf_intcommon.o(.text)
    __lib_sel_fp_printf                      0x08004ae1   Thumb Code     2  _printf_fp_dec.o(.text)
    _printf_fp_dec_real                      0x08004c93   Thumb Code   620  _printf_fp_dec.o(.text)
    _printf_fp_hex_real                      0x08004f01   Thumb Code   756  _printf_fp_hex.o(.text)
    _printf_cs_common                        0x080051fd   Thumb Code    20  _printf_char.o(.text)
    _printf_char                             0x08005211   Thumb Code    16  _printf_char.o(.text)
    _printf_string                           0x08005221   Thumb Code     8  _printf_char.o(.text)
    _printf_lcs_common                       0x08005229   Thumb Code    20  _printf_wchar.o(.text)
    _printf_wchar                            0x0800523d   Thumb Code    16  _printf_wchar.o(.text)
    _printf_wstring                          0x0800524d   Thumb Code     8  _printf_wchar.o(.text)
    _wcrtomb                                 0x08005255   Thumb Code    64  _wcrtomb.o(.text)
    __user_setup_stackheap                   0x08005295   Thumb Code    74  sys_stackheap_outer.o(.text)
    __rt_ctype_table                         0x080052e1   Thumb Code    16  rt_ctype_table.o(.text)
    __rt_locale                              0x080052f1   Thumb Code     8  rt_locale_intlibspace.o(.text)
    _printf_fp_infnan                        0x080052f9   Thumb Code   112  _printf_fp_infnan.o(.text)
    _btod_etento                             0x08005379   Thumb Code   224  bigflt0.o(.text)
    exit                                     0x0800545d   Thumb Code    18  exit.o(.text)
    __user_libspace                          0x08005471   Thumb Code     8  libspace.o(.text)
    __user_perproc_libspace                  0x08005471   Thumb Code     0  libspace.o(.text)
    __user_perthread_libspace                0x08005471   Thumb Code     0  libspace.o(.text)
    strcmp                                   0x08005479   Thumb Code   128  strcmpv7m.o(.text)
    _sys_exit                                0x080054f9   Thumb Code     8  sys_exit.o(.text)
    __I$use$semihosting                      0x08005505   Thumb Code     0  use_no_semi.o(.text)
    __use_no_semihosting_swi                 0x08005505   Thumb Code     2  use_no_semi.o(.text)
    __semihosting_library_function           0x08005507   Thumb Code     0  indicate_semi.o(.text)
    _btod_d2e                                0x08005507   Thumb Code    62  btod.o(CL$$btod_d2e)
    _d2e_denorm_low                          0x08005545   Thumb Code    70  btod.o(CL$$btod_d2e_denorm_low)
    _d2e_norm_op1                            0x0800558b   Thumb Code    96  btod.o(CL$$btod_d2e_norm_op1)
    __btod_div_common                        0x080055eb   Thumb Code   696  btod.o(CL$$btod_div_common)
    _e2e                                     0x08005923   Thumb Code   220  btod.o(CL$$btod_e2e)
    _btod_ediv                               0x080059ff   Thumb Code    42  btod.o(CL$$btod_ediv)
    _btod_emul                               0x08005a29   Thumb Code    42  btod.o(CL$$btod_emul)
    __btod_mult_common                       0x08005a53   Thumb Code   580  btod.o(CL$$btod_mult_common)
    BootLoader_OTA_BlockState_print          0x08005c99   Thumb Code   152  bootloader.o(i.BootLoader_OTA_BlockState_print)
    BootLoader_OTA_Init                      0x08005d59   Thumb Code    86  bootloader.o(i.BootLoader_OTA_Init)
    BootLoader_OTA_Write                     0x08005db9   Thumb Code   200  bootloader.o(i.BootLoader_OTA_Write)
    BusFault_Handler                         0x08005ea1   Thumb Code     2  stm32f1xx_it.o(i.BusFault_Handler)
    Button_detect                            0x08005ea5   Thumb Code   104  button.o(i.Button_detect)
    DebugMon_Handler                         0x08005f11   Thumb Code     2  stm32f1xx_it.o(i.DebugMon_Handler)
    Error_Handler                            0x08005f13   Thumb Code     4  main.o(i.Error_Handler)
    HAL_DMA_Abort                            0x08005f17   Thumb Code    70  stm32f1xx_hal_dma.o(i.HAL_DMA_Abort)
    HAL_DMA_Abort_IT                         0x08005f5d   Thumb Code   296  stm32f1xx_hal_dma.o(i.HAL_DMA_Abort_IT)
    HAL_Delay                                0x0800608d   Thumb Code    32  stm32f1xx_hal.o(i.HAL_Delay)
    HAL_GPIO_Init                            0x080060b1   Thumb Code   462  stm32f1xx_hal_gpio.o(i.HAL_GPIO_Init)
    HAL_GPIO_ReadPin                         0x080062a9   Thumb Code    10  stm32f1xx_hal_gpio.o(i.HAL_GPIO_ReadPin)
    HAL_GPIO_WritePin                        0x080062b3   Thumb Code    10  stm32f1xx_hal_gpio.o(i.HAL_GPIO_WritePin)
    HAL_GetTick                              0x080062bd   Thumb Code     6  stm32f1xx_hal.o(i.HAL_GetTick)
    HAL_IncTick                              0x080062c9   Thumb Code    12  stm32f1xx_hal.o(i.HAL_IncTick)
    HAL_Init                                 0x080062d9   Thumb Code    32  stm32f1xx_hal.o(i.HAL_Init)
    HAL_InitTick                             0x080062fd   Thumb Code    54  stm32f1xx_hal.o(i.HAL_InitTick)
    HAL_MspInit                              0x0800633d   Thumb Code    52  stm32f1xx_hal_msp.o(i.HAL_MspInit)
    HAL_NVIC_EnableIRQ                       0x08006379   Thumb Code    26  stm32f1xx_hal_cortex.o(i.HAL_NVIC_EnableIRQ)
    HAL_NVIC_SetPriority                     0x08006395   Thumb Code    60  stm32f1xx_hal_cortex.o(i.HAL_NVIC_SetPriority)
    HAL_NVIC_SetPriorityGrouping             0x080063d5   Thumb Code    26  stm32f1xx_hal_cortex.o(i.HAL_NVIC_SetPriorityGrouping)
    HAL_RCC_ClockConfig                      0x080063f9   Thumb Code   280  stm32f1xx_hal_rcc.o(i.HAL_RCC_ClockConfig)
    HAL_RCC_GetPCLK1Freq                     0x08006525   Thumb Code    20  stm32f1xx_hal_rcc.o(i.HAL_RCC_GetPCLK1Freq)
    HAL_RCC_GetPCLK2Freq                     0x08006545   Thumb Code    20  stm32f1xx_hal_rcc.o(i.HAL_RCC_GetPCLK2Freq)
    HAL_RCC_GetSysClockFreq                  0x08006565   Thumb Code    58  stm32f1xx_hal_rcc.o(i.HAL_RCC_GetSysClockFreq)
    HAL_RCC_OscConfig                        0x080065b1   Thumb Code   778  stm32f1xx_hal_rcc.o(i.HAL_RCC_OscConfig)
    HAL_SPI_Init                             0x080068d1   Thumb Code   178  stm32f1xx_hal_spi.o(i.HAL_SPI_Init)
    HAL_SPI_MspInit                          0x08006985   Thumb Code   154  spi.o(i.HAL_SPI_MspInit)
    HAL_SPI_Receive                          0x08006a35   Thumb Code   340  stm32f1xx_hal_spi.o(i.HAL_SPI_Receive)
    HAL_SPI_Transmit                         0x08006b89   Thumb Code   358  stm32f1xx_hal_spi.o(i.HAL_SPI_Transmit)
    HAL_SPI_TransmitReceive                  0x08006cef   Thumb Code   496  stm32f1xx_hal_spi.o(i.HAL_SPI_TransmitReceive)
    HAL_SYSTICK_Config                       0x08006edf   Thumb Code    40  stm32f1xx_hal_cortex.o(i.HAL_SYSTICK_Config)
    HAL_UARTEx_ReceiveToIdle_IT              0x08006f07   Thumb Code    78  stm32f1xx_hal_uart.o(i.HAL_UARTEx_ReceiveToIdle_IT)
    HAL_UARTEx_RxEventCallback               0x08006f55   Thumb Code    40  main.o(i.HAL_UARTEx_RxEventCallback)
    HAL_UART_ErrorCallback                   0x08006f8d   Thumb Code     2  stm32f1xx_hal_uart.o(i.HAL_UART_ErrorCallback)
    HAL_UART_IRQHandler                      0x08006f91   Thumb Code   616  stm32f1xx_hal_uart.o(i.HAL_UART_IRQHandler)
    HAL_UART_Init                            0x080071fd   Thumb Code   100  stm32f1xx_hal_uart.o(i.HAL_UART_Init)
    HAL_UART_MspInit                         0x08007261   Thumb Code   116  usart.o(i.HAL_UART_MspInit)
    HAL_UART_RxCpltCallback                  0x080072e1   Thumb Code     2  stm32f1xx_hal_uart.o(i.HAL_UART_RxCpltCallback)
    HAL_UART_TxCpltCallback                  0x080072e3   Thumb Code     2  stm32f1xx_hal_uart.o(i.HAL_UART_TxCpltCallback)
    HardFault_Handler                        0x080072e5   Thumb Code    38  stm32f1xx_it.o(i.HardFault_Handler)
    MX_GPIO_Init                             0x08007315   Thumb Code   192  gpio.o(i.MX_GPIO_Init)
    MX_SPI1_Init                             0x080073e1   Thumb Code    62  spi.o(i.MX_SPI1_Init)
    MX_SPI2_Init                             0x08007429   Thumb Code    60  spi.o(i.MX_SPI2_Init)
    MX_USART1_UART_Init                      0x0800746d   Thumb Code    48  usart.o(i.MX_USART1_UART_Init)
    MemManage_Handler                        0x080074a5   Thumb Code     2  stm32f1xx_it.o(i.MemManage_Handler)
    NMI_Handler                              0x080074a7   Thumb Code     2  stm32f1xx_it.o(i.NMI_Handler)
    OLED_Clear                               0x080074a9   Thumb Code    62  oled.o(i.OLED_Clear)
    OLED_Clearline                           0x080074ed   Thumb Code    76  oled.o(i.OLED_Clearline)
    OLED_DrawChar                            0x0800753d   Thumb Code    88  oled.o(i.OLED_DrawChar)
    OLED_DrawString                          0x0800759d   Thumb Code    82  oled.o(i.OLED_DrawString)
    OLED_Init                                0x080075f1   Thumb Code   264  oled.o(i.OLED_Init)
    OLED_Map                                 0x080076fd   Thumb Code    54  oled.o(i.OLED_Map)
    OLED_WR_Byte                             0x08007739   Thumb Code    68  oled.o(i.OLED_WR_Byte)
    OLED_WR_Bytes                            0x08007789   Thumb Code    70  oled.o(i.OLED_WR_Bytes)
    PendSV_Handler                           0x080077dd   Thumb Code     2  stm32f1xx_it.o(i.PendSV_Handler)
    SVC_Handler                              0x08007929   Thumb Code     2  stm32f1xx_it.o(i.SVC_Handler)
    SysTick_Handler                          0x0800792b   Thumb Code     4  stm32f1xx_it.o(i.SysTick_Handler)
    SystemClock_Config                       0x0800792f   Thumb Code    94  main.o(i.SystemClock_Config)
    SystemInit                               0x0800798d   Thumb Code     2  system_stm32f1xx.o(i.SystemInit)
    UART_Start_Receive_IT                    0x08007b69   Thumb Code    54  stm32f1xx_hal_uart.o(i.UART_Start_Receive_IT)
    USART1_IRQHandler                        0x08007ba1   Thumb Code     6  stm32f1xx_it.o(i.USART1_IRQHandler)
    UsageFault_Handler                       0x08007bad   Thumb Code     2  stm32f1xx_it.o(i.UsageFault_Handler)
    __ARM_fpclassify                         0x08007baf   Thumb Code    40  fpclassify.o(i.__ARM_fpclassify)
    _is_digit                                0x08007bf7   Thumb Code    14  __printf_wp.o(i._is_digit)
    ept_pop                                  0x08007c05   Thumb Code    54  bootloader.o(i.ept_pop)
    ept_push                                 0x08007c45   Thumb Code    52  bootloader.o(i.ept_push)
    is_ept_empty                             0x08007c81   Thumb Code    22  bootloader.o(i.is_ept_empty)
    is_ept_full                              0x08007c9d   Thumb Code    20  bootloader.o(i.is_ept_full)
    main                                     0x08007cb5   Thumb Code   170  main.o(i.main)
    w25q_BlockErase                          0x08007d75   Thumb Code    94  w25q.o(i.w25q_BlockErase)
    w25q_Init                                0x08007de1   Thumb Code    10  w25q.o(i.w25q_Init)
    w25q_IsBusy                              0x08007df1   Thumb Code    16  w25q.o(i.w25q_IsBusy)
    w25q_Read                                0x08007e01   Thumb Code   136  w25q.o(i.w25q_Read)
    w25q_ReadStatus                          0x08007e95   Thumb Code   106  w25q.o(i.w25q_ReadStatus)
    w25q_SectorErase                         0x08007f0d   Thumb Code    94  w25q.o(i.w25q_SectorErase)
    w25q_Write                               0x08007f79   Thumb Code   380  w25q.o(i.w25q_Write)
    w25q_WriteEnable                         0x08008101   Thumb Code    62  w25q.o(i.w25q_WriteEnable)
    _get_lc_numeric                          0x0800814d   Thumb Code    44  lc_numeric_c.o(locale$$code)
    _get_lc_ctype                            0x08008179   Thumb Code    44  lc_ctype_c.o(locale$$code)
    _printf_fp_dec                           0x080081a5   Thumb Code     4  printf1.o(x$fpl$printf1)
    _printf_fp_hex                           0x080081a9   Thumb Code     4  printf2.o(x$fpl$printf2)
    __I$use$fp                               0x080081ac   Number         0  usenofp.o(x$fpl$usenofp)
    AHBPrescTable                            0x080081be   Data          16  system_stm32f1xx.o(.constdata)
    APBPrescTable                            0x080081ce   Data           8  system_stm32f1xx.o(.constdata)
    font                                     0x080081f8   Data        1520  oled.o(.constdata)
    Region$$Table$$Base                      0x080088fc   Number         0  anon$$obj.o(Region$$Table)
    Region$$Table$$Limit                     0x0800891c   Number         0  anon$$obj.o(Region$$Table)
    __ctype                                  0x08008945   Data           0  lc_ctype_c.o(locale$$data)
    writeover_flag                           0x20000000   Data           1  main.o(.data)
    write_flag                               0x20000001   Data           1  main.o(.data)
    Rec_code_len                             0x20000004   Data           4  main.o(.data)
    Last_Rec_Tick                            0x20000008   Data           4  main.o(.data)
    fault_cfsr                               0x2000000c   Data           4  stm32f1xx_it.o(.data)
    fault_hfsr                               0x20000010   Data           4  stm32f1xx_it.o(.data)
    fault_bfar                               0x20000014   Data           4  stm32f1xx_it.o(.data)
    fault_pc                                 0x20000018   Data           4  stm32f1xx_it.o(.data)
    fault_lr                                 0x2000001c   Data           4  stm32f1xx_it.o(.data)
    uwTickFreq                               0x20000020   Data           1  stm32f1xx_hal.o(.data)
    uwTickPrio                               0x20000024   Data           4  stm32f1xx_hal.o(.data)
    uwTick                                   0x20000028   Data           4  stm32f1xx_hal.o(.data)
    SystemCoreClock                          0x2000002c   Data           4  system_stm32f1xx.o(.data)
    pc0_button                               0x2000009c   Data           8  button.o(.data)
    Buttons                                  0x200000a4   Data           4  button.o(.data)
    Buffer                                   0x200000a8   Data         256  main.o(.bss)
    hspi1                                    0x200001a8   Data          88  spi.o(.bss)
    hspi2                                    0x20000200   Data          88  spi.o(.bss)
    huart1                                   0x20000258   Data          72  usart.o(.bss)
    __libspace_start                         0x200006b0   Data          96  libspace.o(.bss)
    __temporary_stack_top$libspace           0x20000710   Data           0  libspace.o(.bss)



==============================================================================

Memory Map of the image

  Image Entry point : 0x08004131

  Load Region LR_IROM1 (Base: 0x08004000, Size: 0x00004af0, Max: 0x0007c000, ABSOLUTE)

    Execution Region ER_IROM1 (Exec base: 0x08004000, Load base: 0x08004000, Size: 0x00004a48, Max: 0x0007c000, ABSOLUTE)

    Exec Addr    Load Addr    Size         Type   Attr      Idx    E Section Name        Object

    0x08004000   0x08004000   0x00000130   Data   RO            3    RESET               startup_stm32f103xe.o
    0x08004130   0x08004130   0x00000008   Code   RO         2444  * !!!main             c_w.l(__main.o)
    0x08004138   0x08004138   0x00000034   Code   RO         2769    !!!scatter          c_w.l(__scatter.o)
    0x0800416c   0x0800416c   0x0000001a   Code   RO         2771    !!handler_copy      c_w.l(__scatter_copy.o)
    0x08004186   0x08004186   0x00000002   PAD
    0x08004188   0x08004188   0x0000001c   Code   RO         2773    !!handler_zi        c_w.l(__scatter_zi.o)
    0x080041a4   0x080041a4   0x00000000   Code   RO         2530    .ARM.Collect$$_printf_percent$$00000000  c_w.l(_printf_percent.o)
    0x080041a4   0x080041a4   0x00000006   Code   RO         2519    .ARM.Collect$$_printf_percent$$00000001  c_w.l(_printf_n.o)
    0x080041aa   0x080041aa   0x00000006   Code   RO         2521    .ARM.Collect$$_printf_percent$$00000002  c_w.l(_printf_p.o)
    0x080041b0   0x080041b0   0x00000006   Code   RO         2526    .ARM.Collect$$_printf_percent$$00000003  c_w.l(_printf_f.o)
    0x080041b6   0x080041b6   0x00000006   Code   RO         2527    .ARM.Collect$$_printf_percent$$00000004  c_w.l(_printf_e.o)
    0x080041bc   0x080041bc   0x00000006   Code   RO         2528    .ARM.Collect$$_printf_percent$$00000005  c_w.l(_printf_g.o)
    0x080041c2   0x080041c2   0x00000006   Code   RO         2529    .ARM.Collect$$_printf_percent$$00000006  c_w.l(_printf_a.o)
    0x080041c8   0x080041c8   0x0000000a   Code   RO         2534    .ARM.Collect$$_printf_percent$$00000007  c_w.l(_printf_ll.o)
    0x080041d2   0x080041d2   0x00000006   Code   RO         2523    .ARM.Collect$$_printf_percent$$00000008  c_w.l(_printf_i.o)
    0x080041d8   0x080041d8   0x00000006   Code   RO         2524    .ARM.Collect$$_printf_percent$$00000009  c_w.l(_printf_d.o)
    0x080041de   0x080041de   0x00000006   Code   RO         2525    .ARM.Collect$$_printf_percent$$0000000A  c_w.l(_printf_u.o)
    0x080041e4   0x080041e4   0x00000006   Code   RO         2522    .ARM.Collect$$_printf_percent$$0000000B  c_w.l(_printf_o.o)
    0x080041ea   0x080041ea   0x00000006   Code   RO         2520    .ARM.Collect$$_printf_percent$$0000000C  c_w.l(_printf_x.o)
    0x080041f0   0x080041f0   0x00000006   Code   RO         2531    .ARM.Collect$$_printf_percent$$0000000D  c_w.l(_printf_lli.o)
    0x080041f6   0x080041f6   0x00000006   Code   RO         2532    .ARM.Collect$$_printf_percent$$0000000E  c_w.l(_printf_lld.o)
    0x080041fc   0x080041fc   0x00000006   Code   RO         2533    .ARM.Collect$$_printf_percent$$0000000F  c_w.l(_printf_llu.o)
    0x08004202   0x08004202   0x00000006   Code   RO         2538    .ARM.Collect$$_printf_percent$$00000010  c_w.l(_printf_llo.o)
    0x08004208   0x08004208   0x00000006   Code   RO         2539    .ARM.Collect$$_printf_percent$$00000011  c_w.l(_printf_llx.o)
    0x0800420e   0x0800420e   0x0000000a   Code   RO         2535    .ARM.Collect$$_printf_percent$$00000012  c_w.l(_printf_l.o)
    0x08004218   0x08004218   0x00000006   Code   RO         2517    .ARM.Collect$$_printf_percent$$00000013  c_w.l(_printf_c.o)
    0x0800421e   0x0800421e   0x00000006   Code   RO         2518    .ARM.Collect$$_printf_percent$$00000014  c_w.l(_printf_s.o)
    0x08004224   0x08004224   0x00000006   Code   RO         2536    .ARM.Collect$$_printf_percent$$00000015  c_w.l(_printf_lc.o)
    0x0800422a   0x0800422a   0x00000006   Code   RO         2537    .ARM.Collect$$_printf_percent$$00000016  c_w.l(_printf_ls.o)
    0x08004230   0x08004230   0x00000004   Code   RO         2580    .ARM.Collect$$_printf_percent$$00000017  c_w.l(_printf_percent_end.o)
    0x08004234   0x08004234   0x00000002   Code   RO         2629    .ARM.Collect$$libinit$$00000000  c_w.l(libinit.o)
    0x08004236   0x08004236   0x00000000   Code   RO         2646    .ARM.Collect$$libinit$$00000002  c_w.l(libinit2.o)
    0x08004236   0x08004236   0x00000000   Code   RO         2648    .ARM.Collect$$libinit$$00000004  c_w.l(libinit2.o)
    0x08004236   0x08004236   0x00000000   Code   RO         2651    .ARM.Collect$$libinit$$0000000A  c_w.l(libinit2.o)
    0x08004236   0x08004236   0x00000000   Code   RO         2653    .ARM.Collect$$libinit$$0000000C  c_w.l(libinit2.o)
    0x08004236   0x08004236   0x00000000   Code   RO         2655    .ARM.Collect$$libinit$$0000000E  c_w.l(libinit2.o)
    0x08004236   0x08004236   0x00000006   Code   RO         2656    .ARM.Collect$$libinit$$0000000F  c_w.l(libinit2.o)
    0x0800423c   0x0800423c   0x00000000   Code   RO         2658    .ARM.Collect$$libinit$$00000011  c_w.l(libinit2.o)
    0x0800423c   0x0800423c   0x0000000c   Code   RO         2659    .ARM.Collect$$libinit$$00000012  c_w.l(libinit2.o)
    0x08004248   0x08004248   0x00000000   Code   RO         2660    .ARM.Collect$$libinit$$00000013  c_w.l(libinit2.o)
    0x08004248   0x08004248   0x00000000   Code   RO         2662    .ARM.Collect$$libinit$$00000015  c_w.l(libinit2.o)
    0x08004248   0x08004248   0x0000000a   Code   RO         2663    .ARM.Collect$$libinit$$00000016  c_w.l(libinit2.o)
    0x08004252   0x08004252   0x00000000   Code   RO         2664    .ARM.Collect$$libinit$$00000017  c_w.l(libinit2.o)
    0x08004252   0x08004252   0x00000000   Code   RO         2666    .ARM.Collect$$libinit$$00000019  c_w.l(libinit2.o)
    0x08004252   0x08004252   0x00000000   Code   RO         2668    .ARM.Collect$$libinit$$0000001B  c_w.l(libinit2.o)
    0x08004252   0x08004252   0x00000000   Code   RO         2670    .ARM.Collect$$libinit$$0000001D  c_w.l(libinit2.o)
    0x08004252   0x08004252   0x00000000   Code   RO         2672    .ARM.Collect$$libinit$$0000001F  c_w.l(libinit2.o)
    0x08004252   0x08004252   0x00000000   Code   RO         2674    .ARM.Collect$$libinit$$00000021  c_w.l(libinit2.o)
    0x08004252   0x08004252   0x00000000   Code   RO         2676    .ARM.Collect$$libinit$$00000023  c_w.l(libinit2.o)
    0x08004252   0x08004252   0x00000000   Code   RO         2678    .ARM.Collect$$libinit$$00000025  c_w.l(libinit2.o)
    0x08004252   0x08004252   0x00000000   Code   RO         2682    .ARM.Collect$$libinit$$0000002C  c_w.l(libinit2.o)
    0x08004252   0x08004252   0x00000000   Code   RO         2684    .ARM.Collect$$libinit$$0000002E  c_w.l(libinit2.o)
    0x08004252   0x08004252   0x00000000   Code   RO         2686    .ARM.Collect$$libinit$$00000030  c_w.l(libinit2.o)
    0x08004252   0x08004252   0x00000000   Code   RO         2688    .ARM.Collect$$libinit$$00000032  c_w.l(libinit2.o)
    0x08004252   0x08004252   0x00000002   Code   RO         2689    .ARM.Collect$$libinit$$00000033  c_w.l(libinit2.o)
    0x08004254   0x08004254   0x00000002   Code   RO         2709    .ARM.Collect$$libshutdown$$00000000  c_w.l(libshutdown.o)
    0x08004256   0x08004256   0x00000000   Code   RO         2722    .ARM.Collect$$libshutdown$$00000002  c_w.l(libshutdown2.o)
    0x08004256   0x08004256   0x00000000   Code   RO         2724    .ARM.Collect$$libshutdown$$00000004  c_w.l(libshutdown2.o)
    0x08004256   0x08004256   0x00000000   Code   RO         2727    .ARM.Collect$$libshutdown$$00000007  c_w.l(libshutdown2.o)
    0x08004256   0x08004256   0x00000000   Code   RO         2730    .ARM.Collect$$libshutdown$$0000000A  c_w.l(libshutdown2.o)
    0x08004256   0x08004256   0x00000000   Code   RO         2732    .ARM.Collect$$libshutdown$$0000000C  c_w.l(libshutdown2.o)
    0x08004256   0x08004256   0x00000000   Code   RO         2735    .ARM.Collect$$libshutdown$$0000000F  c_w.l(libshutdown2.o)
    0x08004256   0x08004256   0x00000002   Code   RO         2736    .ARM.Collect$$libshutdown$$00000010  c_w.l(libshutdown2.o)
    0x08004258   0x08004258   0x00000000   Code   RO         2446    .ARM.Collect$$rtentry$$00000000  c_w.l(__rtentry.o)
    0x08004258   0x08004258   0x00000000   Code   RO         2551    .ARM.Collect$$rtentry$$00000002  c_w.l(__rtentry2.o)
    0x08004258   0x08004258   0x00000006   Code   RO         2563    .ARM.Collect$$rtentry$$00000004  c_w.l(__rtentry4.o)
    0x0800425e   0x0800425e   0x00000000   Code   RO         2553    .ARM.Collect$$rtentry$$00000009  c_w.l(__rtentry2.o)
    0x0800425e   0x0800425e   0x00000004   Code   RO         2554    .ARM.Collect$$rtentry$$0000000A  c_w.l(__rtentry2.o)
    0x08004262   0x08004262   0x00000000   Code   RO         2556    .ARM.Collect$$rtentry$$0000000C  c_w.l(__rtentry2.o)
    0x08004262   0x08004262   0x00000008   Code   RO         2557    .ARM.Collect$$rtentry$$0000000D  c_w.l(__rtentry2.o)
    0x0800426a   0x0800426a   0x00000002   Code   RO         2638    .ARM.Collect$$rtexit$$00000000  c_w.l(rtexit.o)
    0x0800426c   0x0800426c   0x00000000   Code   RO         2691    .ARM.Collect$$rtexit$$00000002  c_w.l(rtexit2.o)
    0x0800426c   0x0800426c   0x00000004   Code   RO         2692    .ARM.Collect$$rtexit$$00000003  c_w.l(rtexit2.o)
    0x08004270   0x08004270   0x00000006   Code   RO         2693    .ARM.Collect$$rtexit$$00000004  c_w.l(rtexit2.o)
    0x08004276   0x08004276   0x00000002   PAD
    0x08004278   0x08004278   0x00000040   Code   RO            4    .text               startup_stm32f103xe.o
    0x080042b8   0x080042b8   0x00000034   Code   RO         2436    .text               c_w.l(vsnprintf.o)
    0x080042ec   0x080042ec   0x0000008a   Code   RO         2438    .text               c_w.l(rt_memcpy_v6.o)
    0x08004376   0x08004376   0x0000004e   Code   RO         2440    .text               c_w.l(rt_memclr_w.o)
    0x080043c4   0x080043c4   0x00000006   Code   RO         2442    .text               c_w.l(heapauxi.o)
    0x080043ca   0x080043ca   0x0000004e   Code   RO         2449    .text               c_w.l(_printf_pad.o)
    0x08004418   0x08004418   0x00000024   Code   RO         2451    .text               c_w.l(_printf_truncate.o)
    0x0800443c   0x0800443c   0x00000052   Code   RO         2453    .text               c_w.l(_printf_str.o)
    0x0800448e   0x0800448e   0x00000002   PAD
    0x08004490   0x08004490   0x00000078   Code   RO         2455    .text               c_w.l(_printf_dec.o)
    0x08004508   0x08004508   0x00000028   Code   RO         2457    .text               c_w.l(_printf_charcount.o)
    0x08004530   0x08004530   0x00000030   Code   RO         2459    .text               c_w.l(_printf_char_common.o)
    0x08004560   0x08004560   0x0000000a   Code   RO         2461    .text               c_w.l(_sputc.o)
    0x0800456a   0x0800456a   0x00000010   Code   RO         2463    .text               c_w.l(_snputc.o)
    0x0800457a   0x0800457a   0x00000002   PAD
    0x0800457c   0x0800457c   0x000000bc   Code   RO         2465    .text               c_w.l(_printf_wctomb.o)
    0x08004638   0x08004638   0x0000007c   Code   RO         2468    .text               c_w.l(_printf_longlong_dec.o)
    0x080046b4   0x080046b4   0x00000070   Code   RO         2474    .text               c_w.l(_printf_oct_int_ll.o)
    0x08004724   0x08004724   0x00000094   Code   RO         2494    .text               c_w.l(_printf_hex_int_ll_ptr.o)
    0x080047b8   0x080047b8   0x00000188   Code   RO         2514    .text               c_w.l(__printf_flags_ss_wp.o)
    0x08004940   0x08004940   0x00000064   Code   RO         2540    .text               c_w.l(rt_memcpy_w.o)
    0x080049a4   0x080049a4   0x0000008a   Code   RO         2565    .text               c_w.l(lludiv10.o)
    0x08004a2e   0x08004a2e   0x000000b2   Code   RO         2567    .text               c_w.l(_printf_intcommon.o)
    0x08004ae0   0x08004ae0   0x0000041e   Code   RO         2569    .text               c_w.l(_printf_fp_dec.o)
    0x08004efe   0x08004efe   0x00000002   PAD
    0x08004f00   0x08004f00   0x000002fc   Code   RO         2571    .text               c_w.l(_printf_fp_hex.o)
    0x080051fc   0x080051fc   0x0000002c   Code   RO         2576    .text               c_w.l(_printf_char.o)
    0x08005228   0x08005228   0x0000002c   Code   RO         2578    .text               c_w.l(_printf_wchar.o)
    0x08005254   0x08005254   0x00000040   Code   RO         2581    .text               c_w.l(_wcrtomb.o)
    0x08005294   0x08005294   0x0000004a   Code   RO         2583    .text               c_w.l(sys_stackheap_outer.o)
    0x080052de   0x080052de   0x00000002   PAD
    0x080052e0   0x080052e0   0x00000010   Code   RO         2585    .text               c_w.l(rt_ctype_table.o)
    0x080052f0   0x080052f0   0x00000008   Code   RO         2590    .text               c_w.l(rt_locale_intlibspace.o)
    0x080052f8   0x080052f8   0x00000080   Code   RO         2592    .text               c_w.l(_printf_fp_infnan.o)
    0x08005378   0x08005378   0x000000e4   Code   RO         2594    .text               c_w.l(bigflt0.o)
    0x0800545c   0x0800545c   0x00000012   Code   RO         2622    .text               c_w.l(exit.o)
    0x0800546e   0x0800546e   0x00000002   PAD
    0x08005470   0x08005470   0x00000008   Code   RO         2635    .text               c_w.l(libspace.o)
    0x08005478   0x08005478   0x00000080   Code   RO         2643    .text               c_w.l(strcmpv7m.o)
    0x080054f8   0x080054f8   0x0000000c   Code   RO         2701    .text               c_w.l(sys_exit.o)
    0x08005504   0x08005504   0x00000002   Code   RO         2712    .text               c_w.l(use_no_semi.o)
    0x08005506   0x08005506   0x00000000   Code   RO         2714    .text               c_w.l(indicate_semi.o)
    0x08005506   0x08005506   0x0000003e   Code   RO         2597    CL$$btod_d2e        c_w.l(btod.o)
    0x08005544   0x08005544   0x00000046   Code   RO         2599    CL$$btod_d2e_denorm_low  c_w.l(btod.o)
    0x0800558a   0x0800558a   0x00000060   Code   RO         2598    CL$$btod_d2e_norm_op1  c_w.l(btod.o)
    0x080055ea   0x080055ea   0x00000338   Code   RO         2607    CL$$btod_div_common  c_w.l(btod.o)
    0x08005922   0x08005922   0x000000dc   Code   RO         2604    CL$$btod_e2e        c_w.l(btod.o)
    0x080059fe   0x080059fe   0x0000002a   Code   RO         2601    CL$$btod_ediv       c_w.l(btod.o)
    0x08005a28   0x08005a28   0x0000002a   Code   RO         2600    CL$$btod_emul       c_w.l(btod.o)
    0x08005a52   0x08005a52   0x00000244   Code   RO         2606    CL$$btod_mult_common  c_w.l(btod.o)
    0x08005c96   0x08005c96   0x00000002   PAD
    0x08005c98   0x08005c98   0x000000c0   Code   RO         2138    i.BootLoader_OTA_BlockState_print  bootloader.o
    0x08005d58   0x08005d58   0x00000060   Code   RO         2139    i.BootLoader_OTA_Init  bootloader.o
    0x08005db8   0x08005db8   0x000000e8   Code   RO         2140    i.BootLoader_OTA_Write  bootloader.o
    0x08005ea0   0x08005ea0   0x00000002   Code   RO          288    i.BusFault_Handler  stm32f1xx_it.o
    0x08005ea2   0x08005ea2   0x00000002   PAD
    0x08005ea4   0x08005ea4   0x0000006c   Code   RO         2404    i.Button_detect     button.o
    0x08005f10   0x08005f10   0x00000002   Code   RO          289    i.DebugMon_Handler  stm32f1xx_it.o
    0x08005f12   0x08005f12   0x00000004   Code   RO           13    i.Error_Handler     main.o
    0x08005f16   0x08005f16   0x00000046   Code   RO         1139    i.HAL_DMA_Abort     stm32f1xx_hal_dma.o
    0x08005f5c   0x08005f5c   0x00000130   Code   RO         1140    i.HAL_DMA_Abort_IT  stm32f1xx_hal_dma.o
    0x0800608c   0x0800608c   0x00000024   Code   RO          765    i.HAL_Delay         stm32f1xx_hal.o
    0x080060b0   0x080060b0   0x000001f8   Code   RO         1075    i.HAL_GPIO_Init     stm32f1xx_hal_gpio.o
    0x080062a8   0x080062a8   0x0000000a   Code   RO         1077    i.HAL_GPIO_ReadPin  stm32f1xx_hal_gpio.o
    0x080062b2   0x080062b2   0x0000000a   Code   RO         1079    i.HAL_GPIO_WritePin  stm32f1xx_hal_gpio.o
    0x080062bc   0x080062bc   0x0000000c   Code   RO          769    i.HAL_GetTick       stm32f1xx_hal.o
    0x080062c8   0x080062c8   0x00000010   Code   RO          775    i.HAL_IncTick       stm32f1xx_hal.o
    0x080062d8   0x080062d8   0x00000024   Code   RO          776    i.HAL_Init          stm32f1xx_hal.o
    0x080062fc   0x080062fc   0x00000040   Code   RO          777    i.HAL_InitTick      stm32f1xx_hal.o
    0x0800633c   0x0800633c   0x0000003c   Code   RO          376    i.HAL_MspInit       stm32f1xx_hal_msp.o
    0x08006378   0x08006378   0x0000001a   Code   RO         1235    i.HAL_NVIC_EnableIRQ  stm32f1xx_hal_cortex.o
    0x08006392   0x08006392   0x00000002   PAD
    0x08006394   0x08006394   0x00000040   Code   RO         1241    i.HAL_NVIC_SetPriority  stm32f1xx_hal_cortex.o
    0x080063d4   0x080063d4   0x00000024   Code   RO         1242    i.HAL_NVIC_SetPriorityGrouping  stm32f1xx_hal_cortex.o
    0x080063f8   0x080063f8   0x0000012c   Code   RO          933    i.HAL_RCC_ClockConfig  stm32f1xx_hal_rcc.o
    0x08006524   0x08006524   0x00000020   Code   RO          940    i.HAL_RCC_GetPCLK1Freq  stm32f1xx_hal_rcc.o
    0x08006544   0x08006544   0x00000020   Code   RO          941    i.HAL_RCC_GetPCLK2Freq  stm32f1xx_hal_rcc.o
    0x08006564   0x08006564   0x0000004c   Code   RO          942    i.HAL_RCC_GetSysClockFreq  stm32f1xx_hal_rcc.o
    0x080065b0   0x080065b0   0x00000320   Code   RO          945    i.HAL_RCC_OscConfig  stm32f1xx_hal_rcc.o
    0x080068d0   0x080068d0   0x000000b2   Code   RO          447    i.HAL_SPI_Init      stm32f1xx_hal_spi.o
    0x08006982   0x08006982   0x00000002   PAD
    0x08006984   0x08006984   0x000000b0   Code   RO          199    i.HAL_SPI_MspInit   spi.o
    0x08006a34   0x08006a34   0x00000154   Code   RO          450    i.HAL_SPI_Receive   stm32f1xx_hal_spi.o
    0x08006b88   0x08006b88   0x00000166   Code   RO          455    i.HAL_SPI_Transmit  stm32f1xx_hal_spi.o
    0x08006cee   0x08006cee   0x000001f0   Code   RO          456    i.HAL_SPI_TransmitReceive  stm32f1xx_hal_spi.o
    0x08006ede   0x08006ede   0x00000028   Code   RO         1246    i.HAL_SYSTICK_Config  stm32f1xx_hal_cortex.o
    0x08006f06   0x08006f06   0x0000004e   Code   RO         1746    i.HAL_UARTEx_ReceiveToIdle_IT  stm32f1xx_hal_uart.o
    0x08006f54   0x08006f54   0x00000038   Code   RO           14    i.HAL_UARTEx_RxEventCallback  main.o
    0x08006f8c   0x08006f8c   0x00000002   Code   RO         1761    i.HAL_UART_ErrorCallback  stm32f1xx_hal_uart.o
    0x08006f8e   0x08006f8e   0x00000002   PAD
    0x08006f90   0x08006f90   0x0000026c   Code   RO         1764    i.HAL_UART_IRQHandler  stm32f1xx_hal_uart.o
    0x080071fc   0x080071fc   0x00000064   Code   RO         1765    i.HAL_UART_Init     stm32f1xx_hal_uart.o
    0x08007260   0x08007260   0x00000080   Code   RO          247    i.HAL_UART_MspInit  usart.o
    0x080072e0   0x080072e0   0x00000002   Code   RO         1771    i.HAL_UART_RxCpltCallback  stm32f1xx_hal_uart.o
    0x080072e2   0x080072e2   0x00000002   Code   RO         1776    i.HAL_UART_TxCpltCallback  stm32f1xx_hal_uart.o
    0x080072e4   0x080072e4   0x00000030   Code   RO          290    i.HardFault_Handler  stm32f1xx_it.o
    0x08007314   0x08007314   0x000000cc   Code   RO          174    i.MX_GPIO_Init      gpio.o
    0x080073e0   0x080073e0   0x00000048   Code   RO          200    i.MX_SPI1_Init      spi.o
    0x08007428   0x08007428   0x00000044   Code   RO          201    i.MX_SPI2_Init      spi.o
    0x0800746c   0x0800746c   0x00000038   Code   RO          248    i.MX_USART1_UART_Init  usart.o
    0x080074a4   0x080074a4   0x00000002   Code   RO          291    i.MemManage_Handler  stm32f1xx_it.o
    0x080074a6   0x080074a6   0x00000002   Code   RO          292    i.NMI_Handler       stm32f1xx_it.o
    0x080074a8   0x080074a8   0x00000044   Code   RO         2247    i.OLED_Clear        oled.o
    0x080074ec   0x080074ec   0x00000050   Code   RO         2248    i.OLED_Clearline    oled.o
    0x0800753c   0x0800753c   0x00000060   Code   RO         2249    i.OLED_DrawChar     oled.o
    0x0800759c   0x0800759c   0x00000052   Code   RO         2251    i.OLED_DrawString   oled.o
    0x080075ee   0x080075ee   0x00000002   PAD
    0x080075f0   0x080075f0   0x0000010c   Code   RO         2252    i.OLED_Init         oled.o
    0x080076fc   0x080076fc   0x0000003c   Code   RO         2253    i.OLED_Map          oled.o
    0x08007738   0x08007738   0x00000050   Code   RO         2254    i.OLED_WR_Byte      oled.o
    0x08007788   0x08007788   0x00000054   Code   RO         2255    i.OLED_WR_Bytes     oled.o
    0x080077dc   0x080077dc   0x00000002   Code   RO          293    i.PendSV_Handler    stm32f1xx_it.o
    0x080077de   0x080077de   0x0000005c   Code   RO          484    i.SPI_EndRxTransaction  stm32f1xx_hal_spi.o
    0x0800783a   0x0800783a   0x00000034   Code   RO          485    i.SPI_EndRxTxTransaction  stm32f1xx_hal_spi.o
    0x0800786e   0x0800786e   0x00000002   PAD
    0x08007870   0x08007870   0x000000b8   Code   RO          490    i.SPI_WaitFlagStateUntilTimeout  stm32f1xx_hal_spi.o
    0x08007928   0x08007928   0x00000002   Code   RO          294    i.SVC_Handler       stm32f1xx_it.o
    0x0800792a   0x0800792a   0x00000004   Code   RO          295    i.SysTick_Handler   stm32f1xx_it.o
    0x0800792e   0x0800792e   0x0000005e   Code   RO           15    i.SystemClock_Config  main.o
    0x0800798c   0x0800798c   0x00000002   Code   RO         2099    i.SystemInit        system_stm32f1xx.o
    0x0800798e   0x0800798e   0x00000010   Code   RO         1778    i.UART_DMAAbortOnError  stm32f1xx_hal_uart.o
    0x0800799e   0x0800799e   0x0000004e   Code   RO         1788    i.UART_EndRxTransfer  stm32f1xx_hal_uart.o
    0x080079ec   0x080079ec   0x000000c2   Code   RO         1790    i.UART_Receive_IT   stm32f1xx_hal_uart.o
    0x08007aae   0x08007aae   0x00000002   PAD
    0x08007ab0   0x08007ab0   0x000000b8   Code   RO         1791    i.UART_SetConfig    stm32f1xx_hal_uart.o
    0x08007b68   0x08007b68   0x00000036   Code   RO         1793    i.UART_Start_Receive_IT  stm32f1xx_hal_uart.o
    0x08007b9e   0x08007b9e   0x00000002   PAD
    0x08007ba0   0x08007ba0   0x0000000c   Code   RO          296    i.USART1_IRQHandler  stm32f1xx_it.o
    0x08007bac   0x08007bac   0x00000002   Code   RO          297    i.UsageFault_Handler  stm32f1xx_it.o
    0x08007bae   0x08007bae   0x00000028   Code   RO         2633    i.__ARM_fpclassify  m_ws.l(fpclassify.o)
    0x08007bd6   0x08007bd6   0x00000020   Code   RO         1248    i.__NVIC_SetPriority  stm32f1xx_hal_cortex.o
    0x08007bf6   0x08007bf6   0x0000000e   Code   RO         2507    i._is_digit         c_w.l(__printf_wp.o)
    0x08007c04   0x08007c04   0x00000040   Code   RO         2144    i.ept_pop           bootloader.o
    0x08007c44   0x08007c44   0x0000003c   Code   RO         2145    i.ept_push          bootloader.o
    0x08007c80   0x08007c80   0x0000001c   Code   RO         2146    i.is_ept_empty      bootloader.o
    0x08007c9c   0x08007c9c   0x00000018   Code   RO         2147    i.is_ept_full       bootloader.o
    0x08007cb4   0x08007cb4   0x000000c0   Code   RO           16    i.main              main.o
    0x08007d74   0x08007d74   0x0000006c   Code   RO         2330    i.w25q_BlockErase   w25q.o
    0x08007de0   0x08007de0   0x00000010   Code   RO         2331    i.w25q_Init         w25q.o
    0x08007df0   0x08007df0   0x00000010   Code   RO         2332    i.w25q_IsBusy       w25q.o
    0x08007e00   0x08007e00   0x00000094   Code   RO         2333    i.w25q_Read         w25q.o
    0x08007e94   0x08007e94   0x00000078   Code   RO         2335    i.w25q_ReadStatus   w25q.o
    0x08007f0c   0x08007f0c   0x0000006c   Code   RO         2336    i.w25q_SectorErase  w25q.o
    0x08007f78   0x08007f78   0x00000188   Code   RO         2337    i.w25q_Write        w25q.o
    0x08008100   0x08008100   0x0000004c   Code   RO         2338    i.w25q_WriteEnable  w25q.o
    0x0800814c   0x0800814c   0x0000002c   Code   RO         2620    locale$$code        c_w.l(lc_numeric_c.o)
    0x08008178   0x08008178   0x0000002c   Code   RO         2641    locale$$code        c_w.l(lc_ctype_c.o)
    0x080081a4   0x080081a4   0x00000004   Code   RO         2542    x$fpl$printf1       fz_ws.l(printf1.o)
    0x080081a8   0x080081a8   0x00000004   Code   RO         2544    x$fpl$printf2       fz_ws.l(printf2.o)
    0x080081ac   0x080081ac   0x00000000   Code   RO         2632    x$fpl$usenofp       fz_ws.l(usenofp.o)
    0x080081ac   0x080081ac   0x00000012   Data   RO          946    .constdata          stm32f1xx_hal_rcc.o
    0x080081be   0x080081be   0x00000010   Data   RO         2100    .constdata          system_stm32f1xx.o
    0x080081ce   0x080081ce   0x00000008   Data   RO         2101    .constdata          system_stm32f1xx.o
    0x080081d6   0x080081d6   0x00000002   PAD
    0x080081d8   0x080081d8   0x00000020   Data   RO         2149    .constdata          bootloader.o
    0x080081f8   0x080081f8   0x000005f0   Data   RO         2257    .constdata          oled.o
    0x080087e8   0x080087e8   0x00000008   Data   RO         2339    .constdata          w25q.o
    0x080087f0   0x080087f0   0x00000008   Data   RO         2466    .constdata          c_w.l(_printf_wctomb.o)
    0x080087f8   0x080087f8   0x00000028   Data   RO         2495    .constdata          c_w.l(_printf_hex_int_ll_ptr.o)
    0x08008820   0x08008820   0x00000011   Data   RO         2515    .constdata          c_w.l(__printf_flags_ss_wp.o)
    0x08008831   0x08008831   0x00000026   Data   RO         2572    .constdata          c_w.l(_printf_fp_hex.o)
    0x08008857   0x08008857   0x00000001   PAD
    0x08008858   0x08008858   0x00000094   Data   RO         2595    .constdata          c_w.l(bigflt0.o)
    0x080088ec   0x080088ec   0x00000010   Data   RO         2150    .conststring        bootloader.o
    0x080088fc   0x080088fc   0x00000020   Data   RO         2767    Region$$Table       anon$$obj.o
    0x0800891c   0x0800891c   0x0000001c   Data   RO         2619    locale$$data        c_w.l(lc_numeric_c.o)
    0x08008938   0x08008938   0x00000110   Data   RO         2640    locale$$data        c_w.l(lc_ctype_c.o)


    Execution Region RW_IRAM1 (Exec base: 0x20000000, Load base: 0x08008a48, Size: 0x00000d10, Max: 0x00010000, ABSOLUTE)

    Exec Addr    Load Addr    Size         Type   Attr      Idx    E Section Name        Object

    0x20000000   0x08008a48   0x0000000c   Data   RW           18    .data               main.o
    0x2000000c   0x08008a54   0x00000014   Data   RW          298    .data               stm32f1xx_it.o
    0x20000020   0x08008a68   0x0000000c   Data   RW          783    .data               stm32f1xx_hal.o
    0x2000002c   0x08008a74   0x00000004   Data   RW         2102    .data               system_stm32f1xx.o
    0x20000030   0x08008a78   0x00000010   Data   RW         2151    .data               bootloader.o
    0x20000040   0x08008a88   0x00000010   Data   RW         2152    .data               bootloader.o
    0x20000050   0x08008a98   0x00000010   Data   RW         2153    .data               bootloader.o
    0x20000060   0x08008aa8   0x00000010   Data   RW         2154    .data               bootloader.o
    0x20000070   0x08008ab8   0x0000002c   Data   RW         2155    .data               bootloader.o
    0x2000009c   0x08008ae4   0x00000008   Data   RW         2405    .data               button.o
    0x200000a4   0x08008aec   0x00000004   Data   RW         2406    .data               button.o
    0x200000a8        -       0x00000100   Zero   RW           17    .bss                main.o
    0x200001a8        -       0x000000b0   Zero   RW          202    .bss                spi.o
    0x20000258        -       0x00000048   Zero   RW          249    .bss                usart.o
    0x200002a0        -       0x00000010   Zero   RW         2148    .bss                bootloader.o
    0x200002b0        -       0x00000400   Zero   RW         2256    .bss                oled.o
    0x200006b0        -       0x00000060   Zero   RW         2636    .bss                c_w.l(libspace.o)
    0x20000710        -       0x00000200   Zero   RW            2    HEAP                startup_stm32f103xe.o
    0x20000910        -       0x00000400   Zero   RW            1    STACK               startup_stm32f103xe.o


==============================================================================

Image component sizes


      Code (inc. data)   RO Data    RW Data    ZI Data      Debug   Object Name

       696        110         48        108         16       6154   bootloader.o
       108          4          0         12          0       1425   button.o
       204         12          0          0          0        947   gpio.o
       346         38          0         12        256     463259   main.o
       818         54       1520          0       1024       6533   oled.o
       316         40          0          0        176       2262   spi.o
        64         26        304          0       1536        804   startup_stm32f103xe.o
       164         28          0         12          0       6453   stm32f1xx_hal.o
       198         14          0          0          0      28911   stm32f1xx_hal_cortex.o
       374          8          0          0          0       1811   stm32f1xx_hal_dma.o
       524         42          0          0          0       3503   stm32f1xx_hal_gpio.o
        60          8          0          0          0        862   stm32f1xx_hal_msp.o
      1240         84         18          0          0       5068   stm32f1xx_hal_rcc.o
      1700          4          0          0          0       8002   stm32f1xx_hal_spi.o
      1330         10          0          0          0       8921   stm32f1xx_hal_uart.o
        78         16          0         20          0       8636   stm32f1xx_it.o
         2          0         24          4          0       1095   system_stm32f1xx.o
       184         20          0          0         72       1654   usart.o
       984         86          8          0          0       6293   w25q.o

    ----------------------------------------------------------------------
      9406        604       1956        168       3080     562593   Object Totals
         0          0         32          0          0          0   (incl. Generated)
        16          0          2          0          0          0   (incl. Padding)

    ----------------------------------------------------------------------

      Code (inc. data)   RO Data    RW Data    ZI Data      Debug   Library Member Name

         8          0          0          0          0         68   __main.o
       392          4         17          0          0         92   __printf_flags_ss_wp.o
        14          0          0          0          0         68   __printf_wp.o
         0          0          0          0          0          0   __rtentry.o
        12          0          0          0          0          0   __rtentry2.o
         6          0          0          0          0          0   __rtentry4.o
        52          8          0          0          0          0   __scatter.o
        26          0          0          0          0          0   __scatter_copy.o
        28          0          0          0          0          0   __scatter_zi.o
         6          0          0          0          0          0   _printf_a.o
         6          0          0          0          0          0   _printf_c.o
        44          0          0          0          0        108   _printf_char.o
        48          6          0          0          0         96   _printf_char_common.o
        40          0          0          0          0         68   _printf_charcount.o
         6          0          0          0          0          0   _printf_d.o
       120         16          0          0          0         92   _printf_dec.o
         6          0          0          0          0          0   _printf_e.o
         6          0          0          0          0          0   _printf_f.o
      1054          0          0          0          0        216   _printf_fp_dec.o
       764          8         38          0          0        100   _printf_fp_hex.o
       128         16          0          0          0         84   _printf_fp_infnan.o
         6          0          0          0          0          0   _printf_g.o
       148          4         40          0          0        160   _printf_hex_int_ll_ptr.o
         6          0          0          0          0          0   _printf_i.o
       178          0          0          0          0         88   _printf_intcommon.o
        10          0          0          0          0          0   _printf_l.o
         6          0          0          0          0          0   _printf_lc.o
        10          0          0          0          0          0   _printf_ll.o
         6          0          0          0          0          0   _printf_lld.o
         6          0          0          0          0          0   _printf_lli.o
         6          0          0          0          0          0   _printf_llo.o
         6          0          0          0          0          0   _printf_llu.o
         6          0          0          0          0          0   _printf_llx.o
       124         16          0          0          0         92   _printf_longlong_dec.o
         6          0          0          0          0          0   _printf_ls.o
         6          0          0          0          0          0   _printf_n.o
         6          0          0          0          0          0   _printf_o.o
       112         10          0          0          0        124   _printf_oct_int_ll.o
         6          0          0          0          0          0   _printf_p.o
        78          0          0          0          0        108   _printf_pad.o
         0          0          0          0          0          0   _printf_percent.o
         4          0          0          0          0          0   _printf_percent_end.o
         6          0          0          0          0          0   _printf_s.o
        82          0          0          0          0         80   _printf_str.o
        36          0          0          0          0         84   _printf_truncate.o
         6          0          0          0          0          0   _printf_u.o
        44          0          0          0          0        108   _printf_wchar.o
       188          6          8          0          0         92   _printf_wctomb.o
         6          0          0          0          0          0   _printf_x.o
        16          0          0          0          0         68   _snputc.o
        10          0          0          0          0         68   _sputc.o
        64          0          0          0          0         92   _wcrtomb.o
       228          4        148          0          0         96   bigflt0.o
      1936        128          0          0          0        672   btod.o
        18          0          0          0          0         80   exit.o
         6          0          0          0          0        152   heapauxi.o
         0          0          0          0          0          0   indicate_semi.o
        44         10        272          0          0         76   lc_ctype_c.o
        44         10         28          0          0         76   lc_numeric_c.o
         2          0          0          0          0          0   libinit.o
        30          0          0          0          0          0   libinit2.o
         2          0          0          0          0          0   libshutdown.o
         2          0          0          0          0          0   libshutdown2.o
         8          4          0          0         96         68   libspace.o
       138          0          0          0          0         80   lludiv10.o
        16          4          0          0          0         76   rt_ctype_table.o
         8          4          0          0          0         68   rt_locale_intlibspace.o
        78          0          0          0          0         80   rt_memclr_w.o
       138          0          0          0          0         68   rt_memcpy_v6.o
       100          0          0          0          0         80   rt_memcpy_w.o
         2          0          0          0          0          0   rtexit.o
        10          0          0          0          0          0   rtexit2.o
       128          0          0          0          0         68   strcmpv7m.o
        12          4          0          0          0         68   sys_exit.o
        74          0          0          0          0         80   sys_stackheap_outer.o
         2          0          0          0          0         68   use_no_semi.o
        52          4          0          0          0         80   vsnprintf.o
         4          0          0          0          0         68   printf1.o
         4          0          0          0          0         68   printf2.o
         0          0          0          0          0          0   usenofp.o
        40          0          0          0          0         68   fpclassify.o

    ----------------------------------------------------------------------
      7102        266        552          0         96       4396   Library Totals
        16          0          1          0          0          0   (incl. Padding)

    ----------------------------------------------------------------------

      Code (inc. data)   RO Data    RW Data    ZI Data      Debug   Library Name

      7038        266        551          0         96       4192   c_w.l
         8          0          0          0          0        136   fz_ws.l
        40          0          0          0          0         68   m_ws.l

    ----------------------------------------------------------------------
      7102        266        552          0         96       4396   Library Totals

    ----------------------------------------------------------------------

==============================================================================


      Code (inc. data)   RO Data    RW Data    ZI Data      Debug   

     16508        870       2508        168       3176     560433   Grand Totals
     16508        870       2508        168       3176     560433   ELF Image Totals
     16508        870       2508        168          0          0   ROM Totals

==============================================================================

    Total RO  Size (Code + RO Data)                19016 (  18.57kB)
    Total RW  Size (RW Data + ZI Data)              3344 (   3.27kB)
    Total ROM Size (Code + RO Data + RW Data)      19184 (  18.73kB)

==============================================================================

