Component: ARM Compiler 5.06 update 5 (build 528) Tool: armlink [4d35e2]

==============================================================================

Section Cross References

    startup_stm32f103xe.o(STACK) refers (Special) to heapauxi.o(.text) for __use_two_region_memory
    startup_stm32f103xe.o(HEAP) refers (Special) to heapauxi.o(.text) for __use_two_region_memory
    startup_stm32f103xe.o(RESET) refers (Special) to heapauxi.o(.text) for __use_two_region_memory
    startup_stm32f103xe.o(RESET) refers to startup_stm32f103xe.o(STACK) for __initial_sp
    startup_stm32f103xe.o(RESET) refers to startup_stm32f103xe.o(.text) for Reset_Handler
    startup_stm32f103xe.o(RESET) refers to stm32f1xx_it.o(i.NMI_Handler) for NMI_Handler
    startup_stm32f103xe.o(RESET) refers to stm32f1xx_it.o(i.HardFault_Handler) for HardFault_Handler
    startup_stm32f103xe.o(RESET) refers to stm32f1xx_it.o(i.MemManage_Handler) for MemManage_Handler
    startup_stm32f103xe.o(RESET) refers to stm32f1xx_it.o(i.BusFault_Handler) for BusFault_Handler
    startup_stm32f103xe.o(RESET) refers to stm32f1xx_it.o(i.UsageFault_Handler) for UsageFault_Handler
    startup_stm32f103xe.o(RESET) refers to stm32f1xx_it.o(i.SVC_Handler) for SVC_Handler
    startup_stm32f103xe.o(RESET) refers to stm32f1xx_it.o(i.DebugMon_Handler) for DebugMon_Handler
    startup_stm32f103xe.o(RESET) refers to stm32f1xx_it.o(i.PendSV_Handler) for PendSV_Handler
    startup_stm32f103xe.o(RESET) refers to stm32f1xx_it.o(i.SysTick_Handler) for SysTick_Handler
    startup_stm32f103xe.o(RESET) refers to stm32f1xx_it.o(i.USB_LP_CAN1_RX0_IRQHandler) for USB_LP_CAN1_RX0_IRQHandler
    startup_stm32f103xe.o(.text) refers (Special) to heapauxi.o(.text) for __use_two_region_memory
    startup_stm32f103xe.o(.text) refers to system_stm32f1xx.o(i.SystemInit) for SystemInit
    startup_stm32f103xe.o(.text) refers to __main.o(!!!main) for __main
    startup_stm32f103xe.o(.text) refers to startup_stm32f103xe.o(HEAP) for Heap_Mem
    startup_stm32f103xe.o(.text) refers to startup_stm32f103xe.o(STACK) for Stack_Mem
    main.o(i.HAL_CAN_RxFifo0MsgPendingCallback) refers to stm32f1xx_hal_can.o(i.HAL_CAN_GetRxFifoFillLevel) for HAL_CAN_GetRxFifoFillLevel
    main.o(i.HAL_CAN_RxFifo0MsgPendingCallback) refers to stm32f1xx_hal_can.o(i.HAL_CAN_GetRxMessage) for HAL_CAN_GetRxMessage
    main.o(i.HAL_CAN_RxFifo0MsgPendingCallback) refers to stm32f1xx_hal.o(i.HAL_GetTick) for HAL_GetTick
    main.o(i.HAL_CAN_RxFifo0MsgPendingCallback) refers to main.o(.data) for .data
    main.o(i.HAL_CAN_RxFifo0MsgPendingCallback) refers to main.o(.bss) for .bss
    main.o(i.SystemClock_Config) refers to rt_memclr_w.o(.text) for __aeabi_memclr4
    main.o(i.SystemClock_Config) refers to stm32f1xx_hal_rcc.o(i.HAL_RCC_OscConfig) for HAL_RCC_OscConfig
    main.o(i.SystemClock_Config) refers to stm32f1xx_hal_rcc.o(i.HAL_RCC_ClockConfig) for HAL_RCC_ClockConfig
    main.o(i.main) refers to stm32f1xx_hal.o(i.HAL_Init) for HAL_Init
    main.o(i.main) refers to main.o(i.SystemClock_Config) for SystemClock_Config
    main.o(i.main) refers to gpio.o(i.MX_GPIO_Init) for MX_GPIO_Init
    main.o(i.main) refers to can.o(i.MX_CAN_Init) for MX_CAN_Init
    main.o(i.main) refers to spi.o(i.MX_SPI1_Init) for MX_SPI1_Init
    main.o(i.main) refers to spi.o(i.MX_SPI2_Init) for MX_SPI2_Init
    main.o(i.main) refers to mycan.o(i.CAN_Init) for CAN_Init
    main.o(i.main) refers to bootloader.o(i.BootLoader_OTA_Init) for BootLoader_OTA_Init
    main.o(i.main) refers to bootloader.o(i.BootLoader_OTA_Write) for BootLoader_OTA_Write
    main.o(i.main) refers to stm32f1xx_hal.o(i.HAL_GetTick) for HAL_GetTick
    main.o(i.main) refers to main.o(.data) for .data
    main.o(i.main) refers to main.o(.bss) for .bss
    gpio.o(i.MX_GPIO_Init) refers to stm32f1xx_hal_gpio.o(i.HAL_GPIO_WritePin) for HAL_GPIO_WritePin
    gpio.o(i.MX_GPIO_Init) refers to stm32f1xx_hal_gpio.o(i.HAL_GPIO_Init) for HAL_GPIO_Init
    can.o(i.HAL_CAN_MspDeInit) refers to stm32f1xx_hal_gpio.o(i.HAL_GPIO_DeInit) for HAL_GPIO_DeInit
    can.o(i.HAL_CAN_MspDeInit) refers to stm32f1xx_hal_cortex.o(i.HAL_NVIC_DisableIRQ) for HAL_NVIC_DisableIRQ
    can.o(i.HAL_CAN_MspInit) refers to stm32f1xx_hal_gpio.o(i.HAL_GPIO_Init) for HAL_GPIO_Init
    can.o(i.HAL_CAN_MspInit) refers to stm32f1xx_hal_cortex.o(i.HAL_NVIC_SetPriority) for HAL_NVIC_SetPriority
    can.o(i.HAL_CAN_MspInit) refers to stm32f1xx_hal_cortex.o(i.HAL_NVIC_EnableIRQ) for HAL_NVIC_EnableIRQ
    can.o(i.MX_CAN_Init) refers to stm32f1xx_hal_can.o(i.HAL_CAN_Init) for HAL_CAN_Init
    can.o(i.MX_CAN_Init) refers to main.o(i.Error_Handler) for Error_Handler
    can.o(i.MX_CAN_Init) refers to can.o(.bss) for .bss
    spi.o(i.HAL_SPI_MspDeInit) refers to stm32f1xx_hal_gpio.o(i.HAL_GPIO_DeInit) for HAL_GPIO_DeInit
    spi.o(i.HAL_SPI_MspInit) refers to stm32f1xx_hal_gpio.o(i.HAL_GPIO_Init) for HAL_GPIO_Init
    spi.o(i.MX_SPI1_Init) refers to stm32f1xx_hal_spi.o(i.HAL_SPI_Init) for HAL_SPI_Init
[...]
    CL$$btod_e2e                             0x08005922   Section      220  btod.o(CL$$btod_e2e)
    CL$$btod_ediv                            0x080059fe   Section       42  btod.o(CL$$btod_ediv)
    CL$$btod_emul                            0x08005a28   Section       42  btod.o(CL$$btod_emul)
    CL$$btod_mult_common                     0x08005a52   Section      580  btod.o(CL$$btod_mult_common)
    i.BootLoader_OTA_BlockState_print        0x08005c98   Section        0  bootloader.o(i.BootLoader_OTA_BlockState_print)
    i.BootLoader_OTA_Init                    0x08005d58   Section        0  bootloader.o(i.BootLoader_OTA_Init)
    i.BootLoader_OTA_Write                   0x08005db8   Section        0  bootloader.o(i.BootLoader_OTA_Write)
    i.BusFault_Handler                       0x08005ea0   Section        0  stm32f1xx_it.o(i.BusFault_Handler)
    i.CAN_Init                               0x08005ea4   Section        0  mycan.o(i.CAN_Init)
    i.DebugMon_Handler                       0x08005edc   Section        0  stm32f1xx_it.o(i.DebugMon_Handler)
    i.Error_Handler                          0x08005ede   Section        0  main.o(i.Error_Handler)
    i.HAL_CAN_ActivateNotification           0x08005ee2   Section        0  stm32f1xx_hal_can.o(i.HAL_CAN_ActivateNotification)
    i.HAL_CAN_ConfigFilter                   0x08005f08   Section        0  stm32f1xx_hal_can.o(i.HAL_CAN_ConfigFilter)
    i.HAL_CAN_ErrorCallback                  0x08005ff6   Section        0  stm32f1xx_hal_can.o(i.HAL_CAN_ErrorCallback)
    i.HAL_CAN_GetRxFifoFillLevel             0x08005ff8   Section        0  stm32f1xx_hal_can.o(i.HAL_CAN_GetRxFifoFillLevel)
    i.HAL_CAN_GetRxMessage                   0x0800601a   Section        0  stm32f1xx_hal_can.o(i.HAL_CAN_GetRxMessage)
    i.HAL_CAN_IRQHandler                     0x0800610e   Section        0  stm32f1xx_hal_can.o(i.HAL_CAN_IRQHandler)
    i.HAL_CAN_Init                           0x0800630a   Section        0  stm32f1xx_hal_can.o(i.HAL_CAN_Init)
    i.HAL_CAN_MspInit                        0x08006424   Section        0  can.o(i.HAL_CAN_MspInit)
    i.HAL_CAN_RxFifo0FullCallback            0x080064a0   Section        0  stm32f1xx_hal_can.o(i.HAL_CAN_RxFifo0FullCallback)
    i.HAL_CAN_RxFifo0MsgPendingCallback      0x080064a4   Section        0  main.o(i.HAL_CAN_RxFifo0MsgPendingCallback)
    i.HAL_CAN_RxFifo1FullCallback            0x080064ec   Section        0  stm32f1xx_hal_can.o(i.HAL_CAN_RxFifo1FullCallback)
    i.HAL_CAN_RxFifo1MsgPendingCallback      0x080064ee   Section        0  stm32f1xx_hal_can.o(i.HAL_CAN_RxFifo1MsgPendingCallback)
    i.HAL_CAN_SleepCallback                  0x080064f0   Section        0  stm32f1xx_hal_can.o(i.HAL_CAN_SleepCallback)
    i.HAL_CAN_Start                          0x080064f4   Section        0  stm32f1xx_hal_can.o(i.HAL_CAN_Start)
    i.HAL_CAN_TxMailbox0AbortCallback        0x0800654c   Section        0  stm32f1xx_hal_can.o(i.HAL_CAN_TxMailbox0AbortCallback)
    i.HAL_CAN_TxMailbox0CompleteCallback     0x0800654e   Section        0  stm32f1xx_hal_can.o(i.HAL_CAN_TxMailbox0CompleteCallback)
    i.HAL_CAN_TxMailbox1AbortCallback        0x08006550   Section        0  stm32f1xx_hal_can.o(i.HAL_CAN_TxMailbox1AbortCallback)
    i.HAL_CAN_TxMailbox1CompleteCallback     0x08006552   Section        0  stm32f1xx_hal_can.o(i.HAL_CAN_TxMailbox1CompleteCallback)
    i.HAL_CAN_TxMailbox2AbortCallback        0x08006554   Section        0  stm32f1xx_hal_can.o(i.HAL_CAN_TxMailbox2AbortCallback)
    i.HAL_CAN_TxMailbox2CompleteCallback     0x08006556   Section        0  stm32f1xx_hal_can.o(i.HAL_CAN_TxMailbox2CompleteCallback)
    i.HAL_CAN_WakeUpFromRxMsgCallback        0x08006558   Section        0  stm32f1xx_hal_can.o(i.HAL_CAN_WakeUpFromRxMsgCallback)
    i.HAL_Delay                              0x0800655c   Section        0  stm32f1xx_hal.o(i.HAL_Delay)
    i.HAL_GPIO_Init                          0x08006580   Section        0  stm32f1xx_hal_gpio.o(i.HAL_GPIO_Init)
    i.HAL_GPIO_WritePin                      0x08006778   Section        0  stm32f1xx_hal_gpio.o(i.HAL_GPIO_WritePin)
    i.HAL_GetTick                            0x08006784   Section        0  stm32f1xx_hal.o(i.HAL_GetTick)
    i.HAL_IncTick                            0x08006790   Section        0  stm32f1xx_hal.o(i.HAL_IncTick)
    i.HAL_Init                               0x080067a0   Section        0  stm32f1xx_hal.o(i.HAL_Init)
    i.HAL_InitTick                           0x080067c4   Section        0  stm32f1xx_hal.o(i.HAL_InitTick)
    i.HAL_MspInit                            0x08006804   Section        0  stm32f1xx_hal_msp.o(i.HAL_MspInit)
    i.HAL_NVIC_EnableIRQ                     0x08006840   Section        0  stm32f1xx_hal_cortex.o(i.HAL_NVIC_EnableIRQ)
    i.HAL_NVIC_SetPriority                   0x0800685c   Section        0  stm32f1xx_hal_cortex.o(i.HAL_NVIC_SetPriority)
    i.HAL_NVIC_SetPriorityGrouping           0x0800689c   Section        0  stm32f1xx_hal_cortex.o(i.HAL_NVIC_SetPriorityGrouping)
    i.HAL_RCC_ClockConfig                    0x080068c0   Section        0  stm32f1xx_hal_rcc.o(i.HAL_RCC_ClockConfig)
    i.HAL_RCC_GetSysClockFreq                0x080069ec   Section        0  stm32f1xx_hal_rcc.o(i.HAL_RCC_GetSysClockFreq)
    i.HAL_RCC_OscConfig                      0x08006a38   Section        0  stm32f1xx_hal_rcc.o(i.HAL_RCC_OscConfig)
    i.HAL_SPI_Init                           0x08006d58   Section        0  stm32f1xx_hal_spi.o(i.HAL_SPI_Init)
    i.HAL_SPI_MspInit                        0x08006e0c   Section        0  spi.o(i.HAL_SPI_MspInit)
    i.HAL_SPI_Receive                        0x08006ebc   Section        0  stm32f1xx_hal_spi.o(i.HAL_SPI_Receive)
    i.HAL_SPI_Transmit                       0x08007010   Section        0  stm32f1xx_hal_spi.o(i.HAL_SPI_Transmit)
    i.HAL_SPI_TransmitReceive                0x08007176   Section        0  stm32f1xx_hal_spi.o(i.HAL_SPI_TransmitReceive)
    i.HAL_SYSTICK_Config                     0x08007366   Section        0  stm32f1xx_hal_cortex.o(i.HAL_SYSTICK_Config)
    i.HardFault_Handler                      0x0800738e   Section        0  stm32f1xx_it.o(i.HardFault_Handler)
    i.MX_CAN_Init                            0x08007390   Section        0  can.o(i.MX_CAN_Init)
    i.MX_GPIO_Init                           0x080073d8   Section        0  gpio.o(i.MX_GPIO_Init)
    i.MX_SPI1_Init                           0x08007474   Section        0  spi.o(i.MX_SPI1_Init)
    i.MX_SPI2_Init                           0x080074bc   Section        0  spi.o(i.MX_SPI2_Init)
    i.MemManage_Handler                      0x08007500   Section        0  stm32f1xx_it.o(i.MemManage_Handler)
    i.NMI_Handler                            0x08007502   Section        0  stm32f1xx_it.o(i.NMI_Handler)
    i.OLED_Clear                             0x08007504   Section        0  oled.o(i.OLED_Clear)
    i.OLED_Clearline                         0x08007548   Section        0  oled.o(i.OLED_Clearline)
    i.OLED_DrawChar                          0x08007598   Section        0  oled.o(i.OLED_DrawChar)
    i.OLED_DrawString                        0x080075f8   Section        0  oled.o(i.OLED_DrawString)
    i.OLED_Init                              0x0800764c   Section        0  oled.o(i.OLED_Init)
    i.OLED_Map                               0x08007758   Section        0  oled.o(i.OLED_Map)
    i.OLED_WR_Byte                           0x08007794   Section        0  oled.o(i.OLED_WR_Byte)
    i.OLED_WR_Bytes                          0x080077e4   Section        0  oled.o(i.OLED_WR_Bytes)
    i.PendSV_Handler                         0x08007838   Section        0  stm32f1xx_it.o(i.PendSV_Handler)
    i.SPI_EndRxTransaction                   0x0800783a   Section        0  stm32f1xx_hal_spi.o(i.SPI_EndRxTransaction)
    SPI_EndRxTransaction                     0x0800783b   Thumb Code    92  stm32f1xx_hal_spi.o(i.SPI_EndRxTransaction)
    i.SPI_EndRxTxTransaction                 0x08007896   Section        0  stm32f1xx_hal_spi.o(i.SPI_EndRxTxTransaction)
    SPI_EndRxTxTransaction                   0x08007897   Thumb Code    52  stm32f1xx_hal_spi.o(i.SPI_EndRxTxTransaction)
    i.SPI_WaitFlagStateUntilTimeout          0x080078cc   Section        0  stm32f1xx_hal_spi.o(i.SPI_WaitFlagStateUntilTimeout)
    SPI_WaitFlagStateUntilTimeout            0x080078cd   Thumb Code   180  stm32f1xx_hal_spi.o(i.SPI_WaitFlagStateUntilTimeout)
    i.SVC_Handler                            0x08007984   Section        0  stm32f1xx_it.o(i.SVC_Handler)
    i.SysTick_Handler                        0x08007986   Section        0  stm32f1xx_it.o(i.SysTick_Handler)
    i.SystemClock_Config                     0x0800798a   Section        0  main.o(i.SystemClock_Config)
    i.SystemInit                             0x080079e8   Section        0  system_stm32f1xx.o(i.SystemInit)
    i.USB_LP_CAN1_RX0_IRQHandler             0x080079ec   Section        0  stm32f1xx_it.o(i.USB_LP_CAN1_RX0_IRQHandler)
    i.UsageFault_Handler                     0x080079f8   Section        0  stm32f1xx_it.o(i.UsageFault_Handler)
    i.__ARM_fpclassify                       0x080079fa   Section        0  fpclassify.o(i.__ARM_fpclassify)
    i.__NVIC_SetPriority                     0x08007a22   Section        0  stm32f1xx_hal_cortex.o(i.__NVIC_SetPriority)
    __NVIC_SetPriority                       0x08007a23   Thumb Code    32  stm32f1xx_hal_cortex.o(i.__NVIC_SetPriority)
    i._is_digit                              0x08007a42   Section        0  __printf_wp.o(i._is_digit)
    i.ept_pop                                0x08007a50   Section        0  bootloader.o(i.ept_pop)
    i.ept_push                               0x08007a90   Section        0  bootloader.o(i.ept_push)
    i.is_ept_empty                           0x08007acc   Section        0  bootloader.o(i.is_ept_empty)
    i.is_ept_full                            0x08007ae8   Section        0  bootloader.o(i.is_ept_full)
    i.main                                   0x08007b00   Section        0  main.o(i.main)
    i.w25q_BlockErase                        0x08007b5c   Section        0  w25q.o(i.w25q_BlockErase)
    i.w25q_Init                              0x08007bc8   Section        0  w25q.o(i.w25q_Init)
    i.w25q_IsBusy                            0x08007bd8   Section        0  w25q.o(i.w25q_IsBusy)
    i.w25q_Read                              0x08007be8   Section        0  w25q.o(i.w25q_Read)
    i.w25q_ReadStatus                        0x08007c7c   Section        0  w25q.o(i.w25q_ReadStatus)
    i.w25q_SectorErase                       0x08007cf4   Section        0  w25q.o(i.w25q_SectorErase)
    i.w25q_Write                             0x08007d60   Section        0  w25q.o(i.w25q_Write)
    i.w25q_WriteEnable                       0x08007ee8   Section        0  w25q.o(i.w25q_WriteEnable)
    locale$$code                             0x08007f34   Section       44  lc_numeric_c.o(locale$$code)
    locale$$code                             0x08007f60   Section       44  lc_ctype_c.o(locale$$code)
    x$fpl$printf1                            0x08007f8c   Section        4  printf1.o(x$fpl$printf1)
    x$fpl$printf2                            0x08007f90   Section        4  printf2.o(x$fpl$printf2)
    .constdata                               0x08007f94   Section       18  stm32f1xx_hal_rcc.o(.constdata)
    x$fpl$usenofp                            0x08007f94   Section        0  usenofp.o(x$fpl$usenofp)
    aPredivFactorTable                       0x08007f94   Data           2  stm32f1xx_hal_rcc.o(.constdata)
    aPLLMULFactorTable                       0x08007f96   Data          16  stm32f1xx_hal_rcc.o(.constdata)
    .constdata                               0x08007fa6   Section       16  system_stm32f1xx.o(.constdata)
    .constdata                               0x08007fb8   Section       32  bootloader.o(.constdata)
    .constdata                               0x08007fd8   Section     1520  oled.o(.constdata)
    .constdata                               0x080085c8   Section        8  w25q.o(.constdata)
    Instruction                              0x080085c8   Data           8  w25q.o(.constdata)
    .constdata                               0x080085d0   Section        8  _printf_wctomb.o(.constdata)
    initial_mbstate                          0x080085d0   Data           8  _printf_wctomb.o(.constdata)
    .constdata                               0x080085d8   Section       40  _printf_hex_int_ll_ptr.o(.constdata)
    uc_hextab                                0x080085d8   Data          20  _printf_hex_int_ll_ptr.o(.constdata)
    lc_hextab                                0x080085ec   Data          20  _printf_hex_int_ll_ptr.o(.constdata)
    .constdata                               0x08008600   Section       17  __printf_flags_ss_wp.o(.constdata)
    maptable                                 0x08008600   Data          17  __printf_flags_ss_wp.o(.constdata)
    .constdata                               0x08008611   Section       38  _printf_fp_hex.o(.constdata)
    lc_hextab                                0x08008611   Data          19  _printf_fp_hex.o(.constdata)
    uc_hextab                                0x08008624   Data          19  _printf_fp_hex.o(.constdata)
    .constdata                               0x08008638   Section      148  bigflt0.o(.constdata)
    tenpwrs_x                                0x08008638   Data          60  bigflt0.o(.constdata)
    tenpwrs_i                                0x08008674   Data          64  bigflt0.o(.constdata)
    .conststring                             0x080086cc   Section       16  bootloader.o(.conststring)
    locale$$data                             0x080086fc   Section       28  lc_numeric_c.o(locale$$data)
    __lcnum_c_name                           0x08008700   Data           2  lc_numeric_c.o(locale$$data)
    __lcnum_c_start                          0x08008708   Data           0  lc_numeric_c.o(locale$$data)
    __lcnum_c_point                          0x08008714   Data           0  lc_numeric_c.o(locale$$data)
    __lcnum_c_thousands                      0x08008716   Data           0  lc_numeric_c.o(locale$$data)
    __lcnum_c_grouping                       0x08008717   Data           0  lc_numeric_c.o(locale$$data)
    locale$$data                             0x08008718   Section      272  lc_ctype_c.o(locale$$data)
    __lcnum_c_end                            0x08008718   Data           0  lc_numeric_c.o(locale$$data)
    __lcctype_c_name                         0x0800871c   Data           2  lc_ctype_c.o(locale$$data)
    __lcctype_c_start                        0x08008724   Data           0  lc_ctype_c.o(locale$$data)
    __lcctype_c_end                          0x08008828   Data           0  lc_ctype_c.o(locale$$data)
    .data                                    0x20000000   Section       12  main.o(.data)
    .data                                    0x2000000c   Section       12  stm32f1xx_hal.o(.data)
    .data                                    0x20000018   Section        4  system_stm32f1xx.o(.data)
    .data                                    0x2000001c   Section       16  bootloader.o(.data)
    CodeA                                    0x2000001c   Data          16  bootloader.o(.data)
    .data                                    0x2000002c   Section       16  bootloader.o(.data)
    CodeB                                    0x2000002c   Data          16  bootloader.o(.data)
    .data                                    0x2000003c   Section       16  bootloader.o(.data)
    CodeC                                    0x2000003c   Data          16  bootloader.o(.data)
    .data                                    0x2000004c   Section       16  bootloader.o(.data)
    CodeD                                    0x2000004c   Data          16  bootloader.o(.data)
    .data                                    0x2000005c   Section       44  bootloader.o(.data)
    empty_head                               0x2000005c   Data           1  bootloader.o(.data)
    empty_tail                               0x2000005d   Data           1  bootloader.o(.data)
    empty_turn_flag                          0x2000005e   Data           1  bootloader.o(.data)
    WriteOver_lastflag                       0x2000005f   Data           1  bootloader.o(.data)
    new                                      0x20000060   Data           4  bootloader.o(.data)
    cur                                      0x20000064   Data           4  bootloader.o(.data)
    last                                     0x20000068   Data           4  bootloader.o(.data)
    FlashAddr_Code_offset                    0x2000006c   Data           4  bootloader.o(.data)
    cds                                      0x20000070   Data           4  bootloader.o(.data)
    pCodeBlock                               0x20000074   Data           4  bootloader.o(.data)
    CodeBlocks                               0x20000078   Data          16  bootloader.o(.data)
    .bss                                     0x20000088   Section      256  main.o(.bss)
    .bss                                     0x20000188   Section       40  can.o(.bss)
    .bss                                     0x200001b0   Section      176  spi.o(.bss)
    .bss                                     0x20000260   Section       16  bootloader.o(.bss)
    empty                                    0x20000260   Data          16  bootloader.o(.bss)
    .bss                                     0x20000270   Section     1024  oled.o(.bss)
    OLED_GRAM                                0x20000270   Data        1024  oled.o(.bss)
    .bss                                     0x20000670   Section       96  libspace.o(.bss)
    HEAP                                     0x200006d0   Section      512  startup_stm32f103xe.o(HEAP)
    Heap_Mem                                 0x200006d0   Data         512  startup_stm32f103xe.o(HEAP)
    STACK                                    0x200008d0   Section     1024  startup_stm32f103xe.o(STACK)
    Stack_Mem                                0x200008d0   Data        1024  startup_stm32f103xe.o(STACK)
    __initial_sp                             0x20000cd0   Data           0  startup_stm32f103xe.o(STACK)

    Global Symbols

    Symbol Name                              Value     Ov Type        Size  Object(Section)

    BuildAttributes$$THM_ISAv4$P$D$K$B$S$PE$A:L22UL41UL21$X:L11$S22US41US21$IEEE1$IW$USESV6$~STKCKD$USESV7$~SHL$OTIME$ROPI$IEEEJ$EBA8$UX$STANDARDLIB$REQ8$PRES8$EABIv2 0x00000000   Number         0  anon$$obj.o ABSOLUTE
    __ARM_use_no_argv                        0x00000000   Number         0  main.o ABSOLUTE
    _printf_flags                            0x00000000   Number         0  printf_stubs.o ABSOLUTE
    _printf_return_value                     0x00000000   Number         0  printf_stubs.o ABSOLUTE
    _printf_sizespec                         0x00000000   Number         0  printf_stubs.o ABSOLUTE
    _printf_widthprec                        0x00000000   Number         0  printf_stubs.o ABSOLUTE
    __ARM_exceptions_init                     - Undefined Weak Reference
    __alloca_initialize                       - Undefined Weak Reference
    __arm_preinit_                            - Undefined Weak Reference
    __cpp_initialize__aeabi_                  - Undefined Weak Reference
    __cxa_finalize                            - Undefined Weak Reference
    __sigvec_lookup                           - Undefined Weak Reference
    _atexit_init                              - Undefined Weak Reference
    _call_atexit_fns                          - Undefined Weak Reference
    _clock_init                               - Undefined Weak Reference
    _fp_trap_init                             - Undefined Weak Reference
    _fp_trap_shutdown                         - Undefined Weak Reference
    _get_lc_collate                           - Undefined Weak Reference
    _get_lc_monetary                          - Undefined Weak Reference
    _get_lc_time                              - Undefined Weak Reference
    _getenv_init                              - Undefined Weak Reference
    _handle_redirection                       - Undefined Weak Reference
    _init_alloc                               - Undefined Weak Reference
    _init_user_alloc                          - Undefined Weak Reference
    _initio                                   - Undefined Weak Reference
    _printf_mbtowc                            - Undefined Weak Reference
    _printf_wc                                - Undefined Weak Reference
    _rand_init                                - Undefined Weak Reference
    _signal_finish                            - Undefined Weak Reference
    _signal_init                              - Undefined Weak Reference
    _terminate_alloc                          - Undefined Weak Reference
    _terminate_user_alloc                     - Undefined Weak Reference
    _terminateio                              - Undefined Weak Reference
    __Vectors_Size                           0x00000130   Number         0  startup_stm32f103xe.o ABSOLUTE
    __Vectors                                0x08004000   Data           4  startup_stm32f103xe.o(RESET)
    __Vectors_End                            0x08004130   Data           0  startup_stm32f103xe.o(RESET)
    __main                                   0x08004131   Thumb Code     8  __main.o(!!!main)
    __scatterload                            0x08004139   Thumb Code     0  __scatter.o(!!!scatter)
    __scatterload_rt2                        0x08004139   Thumb Code    44  __scatter.o(!!!scatter)
    __scatterload_rt2_thumb_only             0x08004139   Thumb Code     0  __scatter.o(!!!scatter)
    __scatterload_null                       0x08004147   Thumb Code     0  __scatter.o(!!!scatter)
    __scatterload_copy                       0x0800416d   Thumb Code    26  __scatter_copy.o(!!handler_copy)
    __scatterload_zeroinit                   0x08004189   Thumb Code    28  __scatter_zi.o(!!handler_zi)
    _printf_n                                0x080041a5   Thumb Code     0  _printf_n.o(.ARM.Collect$$_printf_percent$$00000001)
    _printf_percent                          0x080041a5   Thumb Code     0  _printf_percent.o(.ARM.Collect$$_printf_percent$$00000000)
    _printf_p                                0x080041ab   Thumb Code     0  _printf_p.o(.ARM.Collect$$_printf_percent$$00000002)
    _printf_f                                0x080041b1   Thumb Code     0  _printf_f.o(.ARM.Collect$$_printf_percent$$00000003)
    _printf_e                                0x080041b7   Thumb Code     0  _printf_e.o(.ARM.Collect$$_printf_percent$$00000004)
    _printf_g                                0x080041bd   Thumb Code     0  _printf_g.o(.ARM.Collect$$_printf_percent$$00000005)
    _printf_a                                0x080041c3   Thumb Code     0  _printf_a.o(.ARM.Collect$$_printf_percent$$00000006)
    _printf_ll                               0x080041c9   Thumb Code     0  _printf_ll.o(.ARM.Collect$$_printf_percent$$00000007)
    _printf_i                                0x080041d3   Thumb Code     0  _printf_i.o(.ARM.Collect$$_printf_percent$$00000008)
    _printf_d                                0x080041d9   Thumb Code     0  _printf_d.o(.ARM.Collect$$_printf_percent$$00000009)
    _printf_u                                0x080041df   Thumb Code     0  _printf_u.o(.ARM.Collect$$_printf_percent$$0000000A)
    _printf_o                                0x080041e5   Thumb Code     0  _printf_o.o(.ARM.Collect$$_printf_percent$$0000000B)
    _printf_x                                0x080041eb   Thumb Code     0  _printf_x.o(.ARM.Collect$$_printf_percent$$0000000C)
    _printf_lli                              0x080041f1   Thumb Code     0  _printf_lli.o(.ARM.Collect$$_printf_percent$$0000000D)
    _printf_lld                              0x080041f7   Thumb Code     0  _printf_lld.o(.ARM.Collect$$_printf_percent$$0000000E)
    _printf_llu                              0x080041fd   Thumb Code     0  _printf_llu.o(.ARM.Collect$$_printf_percent$$0000000F)
    _printf_llo                              0x08004203   Thumb Code     0  _printf_llo.o(.ARM.Collect$$_printf_percent$$00000010)
    _printf_llx                              0x08004209   Thumb Code     0  _printf_llx.o(.ARM.Collect$$_printf_percent$$00000011)
    _printf_l                                0x0800420f   Thumb Code     0  _printf_l.o(.ARM.Collect$$_printf_percent$$00000012)
    _printf_c                                0x08004219   Thumb Code     0  _printf_c.o(.ARM.Collect$$_printf_percent$$00000013)
    _printf_s                                0x0800421f   Thumb Code     0  _printf_s.o(.ARM.Collect$$_printf_percent$$00000014)
    _printf_lc                               0x08004225   Thumb Code     0  _printf_lc.o(.ARM.Collect$$_printf_percent$$00000015)
    _printf_ls                               0x0800422b   Thumb Code     0  _printf_ls.o(.ARM.Collect$$_printf_percent$$00000016)
    _printf_percent_end                      0x08004231   Thumb Code     0  _printf_percent_end.o(.ARM.Collect$$_printf_percent$$00000017)
    __rt_lib_init                            0x08004235   Thumb Code     0  libinit.o(.ARM.Collect$$libinit$$00000000)
    __rt_lib_init_fp_1                       0x08004237   Thumb Code     0  libinit2.o(.ARM.Collect$$libinit$$00000002)
    __rt_lib_init_heap_1                     0x08004237   Thumb Code     0  libinit2.o(.ARM.Collect$$libinit$$0000000A)
    __rt_lib_init_lc_common                  0x08004237   Thumb Code     0  libinit2.o(.ARM.Collect$$libinit$$0000000F)
    __rt_lib_init_preinit_1                  0x08004237   Thumb Code     0  libinit2.o(.ARM.Collect$$libinit$$00000004)
    __rt_lib_init_rand_1                     0x08004237   Thumb Code     0  libinit2.o(.ARM.Collect$$libinit$$0000000E)
    __rt_lib_init_user_alloc_1               0x08004237   Thumb Code     0  libinit2.o(.ARM.Collect$$libinit$$0000000C)
    __rt_lib_init_lc_collate_1               0x0800423d   Thumb Code     0  libinit2.o(.ARM.Collect$$libinit$$00000011)
    __rt_lib_init_lc_ctype_2                 0x0800423d   Thumb Code     0  libinit2.o(.ARM.Collect$$libinit$$00000012)
    __rt_lib_init_lc_ctype_1                 0x08004249   Thumb Code     0  libinit2.o(.ARM.Collect$$libinit$$00000013)
    __rt_lib_init_lc_monetary_1              0x08004249   Thumb Code     0  libinit2.o(.ARM.Collect$$libinit$$00000015)
    __rt_lib_init_lc_numeric_2               0x08004249   Thumb Code     0  libinit2.o(.ARM.Collect$$libinit$$00000016)
    __rt_lib_init_alloca_1                   0x08004253   Thumb Code     0  libinit2.o(.ARM.Collect$$libinit$$0000002E)
    __rt_lib_init_argv_1                     0x08004253   Thumb Code     0  libinit2.o(.ARM.Collect$$libinit$$0000002C)
    __rt_lib_init_atexit_1                   0x08004253   Thumb Code     0  libinit2.o(.ARM.Collect$$libinit$$0000001B)
    __rt_lib_init_clock_1                    0x08004253   Thumb Code     0  libinit2.o(.ARM.Collect$$libinit$$00000021)
    __rt_lib_init_cpp_1                      0x08004253   Thumb Code     0  libinit2.o(.ARM.Collect$$libinit$$00000032)
    __rt_lib_init_exceptions_1               0x08004253   Thumb Code     0  libinit2.o(.ARM.Collect$$libinit$$00000030)
    __rt_lib_init_fp_trap_1                  0x08004253   Thumb Code     0  libinit2.o(.ARM.Collect$$libinit$$0000001F)
    __rt_lib_init_getenv_1                   0x08004253   Thumb Code     0  libinit2.o(.ARM.Collect$$libinit$$00000023)
    __rt_lib_init_lc_numeric_1               0x08004253   Thumb Code     0  libinit2.o(.ARM.Collect$$libinit$$00000017)
    __rt_lib_init_lc_time_1                  0x08004253   Thumb Code     0  libinit2.o(.ARM.Collect$$libinit$$00000019)
    __rt_lib_init_return                     0x08004253   Thumb Code     0  libinit2.o(.ARM.Collect$$libinit$$00000033)
    __rt_lib_init_signal_1                   0x08004253   Thumb Code     0  libinit2.o(.ARM.Collect$$libinit$$0000001D)
    __rt_lib_init_stdio_1                    0x08004253   Thumb Code     0  libinit2.o(.ARM.Collect$$libinit$$00000025)
    __rt_lib_shutdown                        0x08004255   Thumb Code     0  libshutdown.o(.ARM.Collect$$libshutdown$$00000000)
    __rt_lib_shutdown_cpp_1                  0x08004257   Thumb Code     0  libshutdown2.o(.ARM.Collect$$libshutdown$$00000002)
    __rt_lib_shutdown_fp_trap_1              0x08004257   Thumb Code     0  libshutdown2.o(.ARM.Collect$$libshutdown$$00000007)
    __rt_lib_shutdown_heap_1                 0x08004257   Thumb Code     0  libshutdown2.o(.ARM.Collect$$libshutdown$$0000000F)
    __rt_lib_shutdown_return                 0x08004257   Thumb Code     0  libshutdown2.o(.ARM.Collect$$libshutdown$$00000010)
    __rt_lib_shutdown_signal_1               0x08004257   Thumb Code     0  libshutdown2.o(.ARM.Collect$$libshutdown$$0000000A)
    __rt_lib_shutdown_stdio_1                0x08004257   Thumb Code     0  libshutdown2.o(.ARM.Collect$$libshutdown$$00000004)
    __rt_lib_shutdown_user_alloc_1           0x08004257   Thumb Code     0  libshutdown2.o(.ARM.Collect$$libshutdown$$0000000C)
    __rt_entry                               0x08004259   Thumb Code     0  __rtentry.o(.ARM.Collect$$rtentry$$00000000)
    __rt_entry_presh_1                       0x08004259   Thumb Code     0  __rtentry2.o(.ARM.Collect$$rtentry$$00000002)
    __rt_entry_sh                            0x08004259   Thumb Code     0  __rtentry4.o(.ARM.Collect$$rtentry$$00000004)
    __rt_entry_li                            0x0800425f   Thumb Code     0  __rtentry2.o(.ARM.Collect$$rtentry$$0000000A)
    __rt_entry_postsh_1                      0x0800425f   Thumb Code     0  __rtentry2.o(.ARM.Collect$$rtentry$$00000009)
    __rt_entry_main                          0x08004263   Thumb Code     0  __rtentry2.o(.ARM.Collect$$rtentry$$0000000D)
    __rt_entry_postli_1                      0x08004263   Thumb Code     0  __rtentry2.o(.ARM.Collect$$rtentry$$0000000C)
    __rt_exit                                0x0800426b   Thumb Code     0  rtexit.o(.ARM.Collect$$rtexit$$00000000)
    __rt_exit_ls                             0x0800426d   Thumb Code     0  rtexit2.o(.ARM.Collect$$rtexit$$00000003)
    __rt_exit_prels_1                        0x0800426d   Thumb Code     0  rtexit2.o(.ARM.Collect$$rtexit$$00000002)
    __rt_exit_exit                           0x08004271   Thumb Code     0  rtexit2.o(.ARM.Collect$$rtexit$$00000004)
    Reset_Handler                            0x08004279   Thumb Code     8  startup_stm32f103xe.o(.text)
    ADC1_2_IRQHandler                        0x08004293   Thumb Code     0  startup_stm32f103xe.o(.text)
    ADC3_IRQHandler                          0x08004293   Thumb Code     0  startup_stm32f103xe.o(.text)
    CAN1_RX1_IRQHandler                      0x08004293   Thumb Code     0  startup_stm32f103xe.o(.text)
    CAN1_SCE_IRQHandler                      0x08004293   Thumb Code     0  startup_stm32f103xe.o(.text)
    DMA1_Channel1_IRQHandler                 0x08004293   Thumb Code     0  startup_stm32f103xe.o(.text)
    DMA1_Channel2_IRQHandler                 0x08004293   Thumb Code     0  startup_stm32f103xe.o(.text)
    DMA1_Channel3_IRQHandler                 0x08004293   Thumb Code     0  startup_stm32f103xe.o(.text)
    DMA1_Channel4_IRQHandler                 0x08004293   Thumb Code     0  startup_stm32f103xe.o(.text)
    DMA1_Channel5_IRQHandler                 0x08004293   Thumb Code     0  startup_stm32f103xe.o(.text)
    DMA1_Channel6_IRQHandler                 0x08004293   Thumb Code     0  startup_stm32f103xe.o(.text)
    DMA1_Channel7_IRQHandler                 0x08004293   Thumb Code     0  startup_stm32f103xe.o(.text)
    DMA2_Channel1_IRQHandler                 0x08004293   Thumb Code     0  startup_stm32f103xe.o(.text)
    DMA2_Channel2_IRQHandler                 0x08004293   Thumb Code     0  startup_stm32f103xe.o(.text)
    DMA2_Channel3_IRQHandler                 0x08004293   Thumb Code     0  startup_stm32f103xe.o(.text)
    DMA2_Channel4_5_IRQHandler               0x08004293   Thumb Code     0  startup_stm32f103xe.o(.text)
    EXTI0_IRQHandler                         0x08004293   Thumb Code     0  startup_stm32f103xe.o(.text)
    EXTI15_10_IRQHandler                     0x08004293   Thumb Code     0  startup_stm32f103xe.o(.text)
    EXTI1_IRQHandler                         0x08004293   Thumb Code     0  startup_stm32f103xe.o(.text)
    EXTI2_IRQHandler                         0x08004293   Thumb Code     0  startup_stm32f103xe.o(.text)
    EXTI3_IRQHandler                         0x08004293   Thumb Code     0  startup_stm32f103xe.o(.text)
    EXTI4_IRQHandler                         0x08004293   Thumb Code     0  startup_stm32f103xe.o(.text)
    EXTI9_5_IRQHandler                       0x08004293   Thumb Code     0  startup_stm32f103xe.o(.text)
    FLASH_IRQHandler                         0x08004293   Thumb Code     0  startup_stm32f103xe.o(.text)
    FSMC_IRQHandler                          0x08004293   Thumb Code     0  startup_stm32f103xe.o(.text)
    I2C1_ER_IRQHandler                       0x08004293   Thumb Code     0  startup_stm32f103xe.o(.text)
    I2C1_EV_IRQHandler                       0x08004293   Thumb Code     0  startup_stm32f103xe.o(.text)
    I2C2_ER_IRQHandler                       0x08004293   Thumb Code     0  startup_stm32f103xe.o(.text)
    I2C2_EV_IRQHandler                       0x08004293   Thumb Code     0  startup_stm32f103xe.o(.text)
    PVD_IRQHandler                           0x08004293   Thumb Code     0  startup_stm32f103xe.o(.text)
    RCC_IRQHandler                           0x08004293   Thumb Code     0  startup_stm32f103xe.o(.text)
    RTC_Alarm_IRQHandler                     0x08004293   Thumb Code     0  startup_stm32f103xe.o(.text)
    RTC_IRQHandler                           0x08004293   Thumb Code     0  startup_stm32f103xe.o(.text)
    SDIO_IRQHandler                          0x08004293   Thumb Code     0  startup_stm32f103xe.o(.text)
    SPI1_IRQHandler                          0x08004293   Thumb Code     0  startup_stm32f103xe.o(.text)
    SPI2_IRQHandler                          0x08004293   Thumb Code     0  startup_stm32f103xe.o(.text)
    SPI3_IRQHandler                          0x08004293   Thumb Code     0  startup_stm32f103xe.o(.text)
    TAMPER_IRQHandler                        0x08004293   Thumb Code     0  startup_stm32f103xe.o(.text)
    TIM1_BRK_IRQHandler                      0x08004293   Thumb Code     0  startup_stm32f103xe.o(.text)
    TIM1_CC_IRQHandler                       0x08004293   Thumb Code     0  startup_stm32f103xe.o(.text)
    TIM1_TRG_COM_IRQHandler                  0x08004293   Thumb Code     0  startup_stm32f103xe.o(.text)
    TIM1_UP_IRQHandler                       0x08004293   Thumb Code     0  startup_stm32f103xe.o(.text)
    TIM2_IRQHandler                          0x08004293   Thumb Code     0  startup_stm32f103xe.o(.text)
    TIM3_IRQHandler                          0x08004293   Thumb Code     0  startup_stm32f103xe.o(.text)
    TIM4_IRQHandler                          0x08004293   Thumb Code     0  startup_stm32f103xe.o(.text)
    TIM5_IRQHandler                          0x08004293   Thumb Code     0  startup_stm32f103xe.o(.text)
    TIM6_IRQHandler                          0x08004293   Thumb Code     0  startup_stm32f103xe.o(.text)
    TIM7_IRQHandler                          0x08004293   Thumb Code     0  startup_stm32f103xe.o(.text)
    TIM8_BRK_IRQHandler                      0x08004293   Thumb Code     0  startup_stm32f103xe.o(.text)
    TIM8_CC_IRQHandler                       0x08004293   Thumb Code     0  startup_stm32f103xe.o(.text)
    TIM8_TRG_COM_IRQHandler                  0x08004293   Thumb Code     0  startup_stm32f103xe.o(.text)
    TIM8_UP_IRQHandler                       0x08004293   Thumb Code     0  startup_stm32f103xe.o(.text)
    UART4_IRQHandler                         0x08004293   Thumb Code     0  startup_stm32f103xe.o(.text)
    UART5_IRQHandler                         0x08004293   Thumb Code     0  startup_stm32f103xe.o(.text)
    USART1_IRQHandler                        0x08004293   Thumb Code     0  startup_stm32f103xe.o(.text)
    USART2_IRQHandler                        0x08004293   Thumb Code     0  startup_stm32f103xe.o(.text)
    USART3_IRQHandler                        0x08004293   Thumb Code     0  startup_stm32f103xe.o(.text)
    USBWakeUp_IRQHandler                     0x08004293   Thumb Code     0  startup_stm32f103xe.o(.text)
    USB_HP_CAN1_TX_IRQHandler                0x08004293   Thumb Code     0  startup_stm32f103xe.o(.text)
    WWDG_IRQHandler                          0x08004293   Thumb Code     0  startup_stm32f103xe.o(.text)
    __user_initial_stackheap                 0x08004295   Thumb Code     0  startup_stm32f103xe.o(.text)
    vsnprintf                                0x080042b9   Thumb Code    48  vsnprintf.o(.text)
    __aeabi_memcpy                           0x080042ed   Thumb Code     0  rt_memcpy_v6.o(.text)
    __rt_memcpy                              0x080042ed   Thumb Code   138  rt_memcpy_v6.o(.text)
    _memcpy_lastbytes                        0x08004353   Thumb Code     0  rt_memcpy_v6.o(.text)
    __aeabi_memclr4                          0x08004377   Thumb Code     0  rt_memclr_w.o(.text)
    __aeabi_memclr8                          0x08004377   Thumb Code     0  rt_memclr_w.o(.text)
    __rt_memclr_w                            0x08004377   Thumb Code    78  rt_memclr_w.o(.text)
    _memset_w                                0x0800437b   Thumb Code     0  rt_memclr_w.o(.text)
    __use_two_region_memory                  0x080043c5   Thumb Code     2  heapauxi.o(.text)
    __rt_heap_escrow$2region                 0x080043c7   Thumb Code     2  heapauxi.o(.text)
    __rt_heap_expand$2region                 0x080043c9   Thumb Code     2  heapauxi.o(.text)
    _printf_pre_padding                      0x080043cb   Thumb Code    44  _printf_pad.o(.text)
    _printf_post_padding                     0x080043f7   Thumb Code    34  _printf_pad.o(.text)
    _printf_truncate_signed                  0x08004419   Thumb Code    18  _printf_truncate.o(.text)
    _printf_truncate_unsigned                0x0800442b   Thumb Code    18  _printf_truncate.o(.text)
    _printf_str                              0x0800443d   Thumb Code    82  _printf_str.o(.text)
    _printf_int_dec                          0x08004491   Thumb Code   104  _printf_dec.o(.text)
    _printf_charcount                        0x08004509   Thumb Code    40  _printf_charcount.o(.text)
    _printf_char_common                      0x0800453b   Thumb Code    32  _printf_char_common.o(.text)
    _sputc                                   0x08004561   Thumb Code    10  _sputc.o(.text)
    _snputc                                  0x0800456b   Thumb Code    16  _snputc.o(.text)
    _printf_wctomb                           0x0800457d   Thumb Code   182  _printf_wctomb.o(.text)
    _printf_longlong_dec                     0x08004639   Thumb Code   108  _printf_longlong_dec.o(.text)
    _printf_longlong_oct                     0x080046b5   Thumb Code    66  _printf_oct_int_ll.o(.text)
    _printf_int_oct                          0x080046f7   Thumb Code    24  _printf_oct_int_ll.o(.text)
    _printf_ll_oct                           0x0800470f   Thumb Code    12  _printf_oct_int_ll.o(.text)
    _printf_longlong_hex                     0x08004725   Thumb Code    86  _printf_hex_int_ll_ptr.o(.text)
    _printf_int_hex                          0x0800477b   Thumb Code    28  _printf_hex_int_ll_ptr.o(.text)
    _printf_ll_hex                           0x08004797   Thumb Code    12  _printf_hex_int_ll_ptr.o(.text)
    _printf_hex_ptr                          0x080047a3   Thumb Code    18  _printf_hex_int_ll_ptr.o(.text)
    __printf                                 0x080047b9   Thumb Code   388  __printf_flags_ss_wp.o(.text)
    __aeabi_memcpy4                          0x08004941   Thumb Code     0  rt_memcpy_w.o(.text)
    __aeabi_memcpy8                          0x08004941   Thumb Code     0  rt_memcpy_w.o(.text)
    __rt_memcpy_w                            0x08004941   Thumb Code   100  rt_memcpy_w.o(.text)
    _memcpy_lastbytes_aligned                0x08004989   Thumb Code     0  rt_memcpy_w.o(.text)
    _ll_udiv10                               0x080049a5   Thumb Code   138  lludiv10.o(.text)
    _printf_int_common                       0x08004a2f   Thumb Code   178  _printf_intcommon.o(.text)
    __lib_sel_fp_printf                      0x08004ae1   Thumb Code     2  _printf_fp_dec.o(.text)
    _printf_fp_dec_real                      0x08004c93   Thumb Code   620  _printf_fp_dec.o(.text)
    _printf_fp_hex_real                      0x08004f01   Thumb Code   756  _printf_fp_hex.o(.text)
    _printf_cs_common                        0x080051fd   Thumb Code    20  _printf_char.o(.text)
    _printf_char                             0x08005211   Thumb Code    16  _printf_char.o(.text)
    _printf_string                           0x08005221   Thumb Code     8  _printf_char.o(.text)
    _printf_lcs_common                       0x08005229   Thumb Code    20  _printf_wchar.o(.text)
    _printf_wchar                            0x0800523d   Thumb Code    16  _printf_wchar.o(.text)
    _printf_wstring                          0x0800524d   Thumb Code     8  _printf_wchar.o(.text)
    _wcrtomb                                 0x08005255   Thumb Code    64  _wcrtomb.o(.text)
    __user_setup_stackheap                   0x08005295   Thumb Code    74  sys_stackheap_outer.o(.text)
    __rt_ctype_table                         0x080052e1   Thumb Code    16  rt_ctype_table.o(.text)
    __rt_locale                              0x080052f1   Thumb Code     8  rt_locale_intlibspace.o(.text)
    _printf_fp_infnan                        0x080052f9   Thumb Code   112  _printf_fp_infnan.o(.text)
    _btod_etento                             0x08005379   Thumb Code   224  bigflt0.o(.text)
    exit                                     0x0800545d   Thumb Code    18  exit.o(.text)
    __user_libspace                          0x08005471   Thumb Code     8  libspace.o(.text)
    __user_perproc_libspace                  0x08005471   Thumb Code     0  libspace.o(.text)
    __user_perthread_libspace                0x08005471   Thumb Code     0  libspace.o(.text)
    strcmp                                   0x08005479   Thumb Code   128  strcmpv7m.o(.text)
    _sys_exit                                0x080054f9   Thumb Code     8  sys_exit.o(.text)
    __I$use$semihosting                      0x08005505   Thumb Code     0  use_no_semi.o(.text)
    __use_no_semihosting_swi                 0x08005505   Thumb Code     2  use_no_semi.o(.text)
    __semihosting_library_function           0x08005507   Thumb Code     0  indicate_semi.o(.text)
    _btod_d2e                                0x08005507   Thumb Code    62  btod.o(CL$$btod_d2e)
    _d2e_denorm_low                          0x08005545   Thumb Code    70  btod.o(CL$$btod_d2e_denorm_low)
    _d2e_norm_op1                            0x0800558b   Thumb Code    96  btod.o(CL$$btod_d2e_norm_op1)
    __btod_div_common                        0x080055eb   Thumb Code   696  btod.o(CL$$btod_div_common)
    _e2e                                     0x08005923   Thumb Code   220  btod.o(CL$$btod_e2e)
    _btod_ediv                               0x080059ff   Thumb Code    42  btod.o(CL$$btod_ediv)
    _btod_emul                               0x08005a29   Thumb Code    42  btod.o(CL$$btod_emul)
    __btod_mult_common                       0x08005a53   Thumb Code   580  btod.o(CL$$btod_mult_common)
    BootLoader_OTA_BlockState_print          0x08005c99   Thumb Code   152  bootloader.o(i.BootLoader_OTA_BlockState_print)
    BootLoader_OTA_Init                      0x08005d59   Thumb Code    86  bootloader.o(i.BootLoader_OTA_Init)
    BootLoader_OTA_Write                     0x08005db9   Thumb Code   200  bootloader.o(i.BootLoader_OTA_Write)
    BusFault_Handler                         0x08005ea1   Thumb Code     2  stm32f1xx_it.o(i.BusFault_Handler)
    CAN_Init                                 0x08005ea5   Thumb Code    52  mycan.o(i.CAN_Init)
    DebugMon_Handler                         0x08005edd   Thumb Code     2  stm32f1xx_it.o(i.DebugMon_Handler)
    Error_Handler                            0x08005edf   Thumb Code     4  main.o(i.Error_Handler)
    HAL_CAN_ActivateNotification             0x08005ee3   Thumb Code    36  stm32f1xx_hal_can.o(i.HAL_CAN_ActivateNotification)
    HAL_CAN_ConfigFilter                     0x08005f09   Thumb Code   238  stm32f1xx_hal_can.o(i.HAL_CAN_ConfigFilter)
    HAL_CAN_ErrorCallback                    0x08005ff7   Thumb Code     2  stm32f1xx_hal_can.o(i.HAL_CAN_ErrorCallback)
    HAL_CAN_GetRxFifoFillLevel               0x08005ff9   Thumb Code    34  stm32f1xx_hal_can.o(i.HAL_CAN_GetRxFifoFillLevel)
    HAL_CAN_GetRxMessage                     0x0800601b   Thumb Code   244  stm32f1xx_hal_can.o(i.HAL_CAN_GetRxMessage)
    HAL_CAN_IRQHandler                       0x0800610f   Thumb Code   508  stm32f1xx_hal_can.o(i.HAL_CAN_IRQHandler)
    HAL_CAN_Init                             0x0800630b   Thumb Code   282  stm32f1xx_hal_can.o(i.HAL_CAN_Init)
    HAL_CAN_MspInit                          0x08006425   Thumb Code   112  can.o(i.HAL_CAN_MspInit)
    HAL_CAN_RxFifo0FullCallback              0x080064a1   Thumb Code     2  stm32f1xx_hal_can.o(i.HAL_CAN_RxFifo0FullCallback)
    HAL_CAN_RxFifo0MsgPendingCallback        0x080064a5   Thumb Code    60  main.o(i.HAL_CAN_RxFifo0MsgPendingCallback)
    HAL_CAN_RxFifo1FullCallback              0x080064ed   Thumb Code     2  stm32f1xx_hal_can.o(i.HAL_CAN_RxFifo1FullCallback)
    HAL_CAN_RxFifo1MsgPendingCallback        0x080064ef   Thumb Code     2  stm32f1xx_hal_can.o(i.HAL_CAN_RxFifo1MsgPendingCallback)
    HAL_CAN_SleepCallback                    0x080064f1   Thumb Code     2  stm32f1xx_hal_can.o(i.HAL_CAN_SleepCallback)
    HAL_CAN_Start                            0x080064f5   Thumb Code    88  stm32f1xx_hal_can.o(i.HAL_CAN_Start)
    HAL_CAN_TxMailbox0AbortCallback          0x0800654d   Thumb Code     2  stm32f1xx_hal_can.o(i.HAL_CAN_TxMailbox0AbortCallback)
    HAL_CAN_TxMailbox0CompleteCallback       0x0800654f   Thumb Code     2  stm32f1xx_hal_can.o(i.HAL_CAN_TxMailbox0CompleteCallback)
    HAL_CAN_TxMailbox1AbortCallback          0x08006551   Thumb Code     2  stm32f1xx_hal_can.o(i.HAL_CAN_TxMailbox1AbortCallback)
    HAL_CAN_TxMailbox1CompleteCallback       0x08006553   Thumb Code     2  stm32f1xx_hal_can.o(i.HAL_CAN_TxMailbox1CompleteCallback)
    HAL_CAN_TxMailbox2AbortCallback          0x08006555   Thumb Code     2  stm32f1xx_hal_can.o(i.HAL_CAN_TxMailbox2AbortCallback)
    HAL_CAN_TxMailbox2CompleteCallback       0x08006557   Thumb Code     2  stm32f1xx_hal_can.o(i.HAL_CAN_TxMailbox2CompleteCallback)
    HAL_CAN_WakeUpFromRxMsgCallback          0x08006559   Thumb Code     2  stm32f1xx_hal_can.o(i.HAL_CAN_WakeUpFromRxMsgCallback)
    HAL_Delay                                0x0800655d   Thumb Code    32  stm32f1xx_hal.o(i.HAL_Delay)
    HAL_GPIO_Init                            0x08006581   Thumb Code   462  stm32f1xx_hal_gpio.o(i.HAL_GPIO_Init)
    HAL_GPIO_WritePin                        0x08006779   Thumb Code    10  stm32f1xx_hal_gpio.o(i.HAL_GPIO_WritePin)
    HAL_GetTick                              0x08006785   Thumb Code     6  stm32f1xx_hal.o(i.HAL_GetTick)
    HAL_IncTick                              0x08006791   Thumb Code    12  stm32f1xx_hal.o(i.HAL_IncTick)
    HAL_Init                                 0x080067a1   Thumb Code    32  stm32f1xx_hal.o(i.HAL_Init)
    HAL_InitTick                             0x080067c5   Thumb Code    54  stm32f1xx_hal.o(i.HAL_InitTick)
    HAL_MspInit                              0x08006805   Thumb Code    52  stm32f1xx_hal_msp.o(i.HAL_MspInit)
    HAL_NVIC_EnableIRQ                       0x08006841   Thumb Code    26  stm32f1xx_hal_cortex.o(i.HAL_NVIC_EnableIRQ)
    HAL_NVIC_SetPriority                     0x0800685d   Thumb Code    60  stm32f1xx_hal_cortex.o(i.HAL_NVIC_SetPriority)
    HAL_NVIC_SetPriorityGrouping             0x0800689d   Thumb Code    26  stm32f1xx_hal_cortex.o(i.HAL_NVIC_SetPriorityGrouping)
    HAL_RCC_ClockConfig                      0x080068c1   Thumb Code   280  stm32f1xx_hal_rcc.o(i.HAL_RCC_ClockConfig)
    HAL_RCC_GetSysClockFreq                  0x080069ed   Thumb Code    58  stm32f1xx_hal_rcc.o(i.HAL_RCC_GetSysClockFreq)
    HAL_RCC_OscConfig                        0x08006a39   Thumb Code   778  stm32f1xx_hal_rcc.o(i.HAL_RCC_OscConfig)
    HAL_SPI_Init                             0x08006d59   Thumb Code   178  stm32f1xx_hal_spi.o(i.HAL_SPI_Init)
    HAL_SPI_MspInit                          0x08006e0d   Thumb Code   154  spi.o(i.HAL_SPI_MspInit)
    HAL_SPI_Receive                          0x08006ebd   Thumb Code   340  stm32f1xx_hal_spi.o(i.HAL_SPI_Receive)
    HAL_SPI_Transmit                         0x08007011   Thumb Code   358  stm32f1xx_hal_spi.o(i.HAL_SPI_Transmit)
    HAL_SPI_TransmitReceive                  0x08007177   Thumb Code   496  stm32f1xx_hal_spi.o(i.HAL_SPI_TransmitReceive)
    HAL_SYSTICK_Config                       0x08007367   Thumb Code    40  stm32f1xx_hal_cortex.o(i.HAL_SYSTICK_Config)
    HardFault_Handler                        0x0800738f   Thumb Code     2  stm32f1xx_it.o(i.HardFault_Handler)
    MX_CAN_Init                              0x08007391   Thumb Code    62  can.o(i.MX_CAN_Init)
    MX_GPIO_Init                             0x080073d9   Thumb Code   144  gpio.o(i.MX_GPIO_Init)
    MX_SPI1_Init                             0x08007475   Thumb Code    62  spi.o(i.MX_SPI1_Init)
    MX_SPI2_Init                             0x080074bd   Thumb Code    60  spi.o(i.MX_SPI2_Init)
    MemManage_Handler                        0x08007501   Thumb Code     2  stm32f1xx_it.o(i.MemManage_Handler)
    NMI_Handler                              0x08007503   Thumb Code     2  stm32f1xx_it.o(i.NMI_Handler)
    OLED_Clear                               0x08007505   Thumb Code    62  oled.o(i.OLED_Clear)
    OLED_Clearline                           0x08007549   Thumb Code    76  oled.o(i.OLED_Clearline)
    OLED_DrawChar                            0x08007599   Thumb Code    88  oled.o(i.OLED_DrawChar)
    OLED_DrawString                          0x080075f9   Thumb Code    82  oled.o(i.OLED_DrawString)
    OLED_Init                                0x0800764d   Thumb Code   264  oled.o(i.OLED_Init)
    OLED_Map                                 0x08007759   Thumb Code    54  oled.o(i.OLED_Map)
    OLED_WR_Byte                             0x08007795   Thumb Code    68  oled.o(i.OLED_WR_Byte)
    OLED_WR_Bytes                            0x080077e5   Thumb Code    70  oled.o(i.OLED_WR_Bytes)
    PendSV_Handler                           0x08007839   Thumb Code     2  stm32f1xx_it.o(i.PendSV_Handler)
    SVC_Handler                              0x08007985   Thumb Code     2  stm32f1xx_it.o(i.SVC_Handler)
    SysTick_Handler                          0x08007987   Thumb Code     4  stm32f1xx_it.o(i.SysTick_Handler)
    SystemClock_Config                       0x0800798b   Thumb Code    94  main.o(i.SystemClock_Config)
    SystemInit                               0x080079e9   Thumb Code     2  system_stm32f1xx.o(i.SystemInit)
    USB_LP_CAN1_RX0_IRQHandler               0x080079ed   Thumb Code     6  stm32f1xx_it.o(i.USB_LP_CAN1_RX0_IRQHandler)
    UsageFault_Handler                       0x080079f9   Thumb Code     2  stm32f1xx_it.o(i.UsageFault_Handler)
    __ARM_fpclassify                         0x080079fb   Thumb Code    40  fpclassify.o(i.__ARM_fpclassify)
    _is_digit                                0x08007a43   Thumb Code    14  __printf_wp.o(i._is_digit)
    ept_pop                                  0x08007a51   Thumb Code    54  bootloader.o(i.ept_pop)
    ept_push                                 0x08007a91   Thumb Code    52  bootloader.o(i.ept_push)
    is_ept_empty                             0x08007acd   Thumb Code    22  bootloader.o(i.is_ept_empty)
    is_ept_full                              0x08007ae9   Thumb Code    20  bootloader.o(i.is_ept_full)
    main                                     0x08007b01   Thumb Code    84  main.o(i.main)
    w25q_BlockErase                          0x08007b5d   Thumb Code    94  w25q.o(i.w25q_BlockErase)
    w25q_Init                                0x08007bc9   Thumb Code    10  w25q.o(i.w25q_Init)
    w25q_IsBusy                              0x08007bd9   Thumb Code    16  w25q.o(i.w25q_IsBusy)
    w25q_Read                                0x08007be9   Thumb Code   136  w25q.o(i.w25q_Read)
    w25q_ReadStatus                          0x08007c7d   Thumb Code   106  w25q.o(i.w25q_ReadStatus)
    w25q_SectorErase                         0x08007cf5   Thumb Code    94  w25q.o(i.w25q_SectorErase)
    w25q_Write                               0x08007d61   Thumb Code   380  w25q.o(i.w25q_Write)
    w25q_WriteEnable                         0x08007ee9   Thumb Code    62  w25q.o(i.w25q_WriteEnable)
    _get_lc_numeric                          0x08007f35   Thumb Code    44  lc_numeric_c.o(locale$$code)
    _get_lc_ctype                            0x08007f61   Thumb Code    44  lc_ctype_c.o(locale$$code)
    _printf_fp_dec                           0x08007f8d   Thumb Code     4  printf1.o(x$fpl$printf1)
    _printf_fp_hex                           0x08007f91   Thumb Code     4  printf2.o(x$fpl$printf2)
    __I$use$fp                               0x08007f94   Number         0  usenofp.o(x$fpl$usenofp)
    AHBPrescTable                            0x08007fa6   Data          16  system_stm32f1xx.o(.constdata)
    font                                     0x08007fd8   Data        1520  oled.o(.constdata)
    Region$$Table$$Base                      0x080086dc   Number         0  anon$$obj.o(Region$$Table)
    Region$$Table$$Limit                     0x080086fc   Number         0  anon$$obj.o(Region$$Table)
    __ctype                                  0x08008725   Data           0  lc_ctype_c.o(locale$$data)
    writeover_flag                           0x20000000   Data           1  main.o(.data)
    write_flag                               0x20000001   Data           1  main.o(.data)
    Rec_code_len                             0x20000004   Data           4  main.o(.data)
    Last_Rec_Tick                            0x20000008   Data           4  main.o(.data)
    uwTickFreq                               0x2000000c   Data           1  stm32f1xx_hal.o(.data)
    uwTickPrio                               0x20000010   Data           4  stm32f1xx_hal.o(.data)
    uwTick                                   0x20000014   Data           4  stm32f1xx_hal.o(.data)
    SystemCoreClock                          0x20000018   Data           4  system_stm32f1xx.o(.data)
    Buffer                                   0x20000088   Data         256  main.o(.bss)
    hcan                                     0x20000188   Data          40  can.o(.bss)
    hspi1                                    0x200001b0   Data          88  spi.o(.bss)
    hspi2                                    0x20000208   Data          88  spi.o(.bss)
    __libspace_start                         0x20000670   Data          96  libspace.o(.bss)
    __temporary_stack_top$libspace           0x200006d0   Data           0  libspace.o(.bss)



==============================================================================

Memory Map of the image

  Image Entry point : 0x08004131

  Load Region LR_IROM1 (Base: 0x08004000, Size: 0x000048b0, Max: 0x0007c000, ABSOLUTE)

    Execution Region ER_IROM1 (Exec base: 0x08004000, Load base: 0x08004000, Size: 0x00004828, Max: 0x0007c000, ABSOLUTE)

    Exec Addr    Load Addr    Size         Type   Attr      Idx    E Section Name        Object

    0x08004000   0x08004000   0x00000130   Data   RO            3    RESET               startup_stm32f103xe.o
    0x08004130   0x08004130   0x00000008   Code   RO         2354  * !!!main             c_w.l(__main.o)
    0x08004138   0x08004138   0x00000034   Code   RO         2679    !!!scatter          c_w.l(__scatter.o)
    0x0800416c   0x0800416c   0x0000001a   Code   RO         2681    !!handler_copy      c_w.l(__scatter_copy.o)
    0x08004186   0x08004186   0x00000002   PAD
    0x08004188   0x08004188   0x0000001c   Code   RO         2683    !!handler_zi        c_w.l(__scatter_zi.o)
    0x080041a4   0x080041a4   0x00000000   Code   RO         2440    .ARM.Collect$$_printf_percent$$00000000  c_w.l(_printf_percent.o)
    0x080041a4   0x080041a4   0x00000006   Code   RO         2429    .ARM.Collect$$_printf_percent$$00000001  c_w.l(_printf_n.o)
    0x080041aa   0x080041aa   0x00000006   Code   RO         2431    .ARM.Collect$$_printf_percent$$00000002  c_w.l(_printf_p.o)
    0x080041b0   0x080041b0   0x00000006   Code   RO         2436    .ARM.Collect$$_printf_percent$$00000003  c_w.l(_printf_f.o)
    0x080041b6   0x080041b6   0x00000006   Code   RO         2437    .ARM.Collect$$_printf_percent$$00000004  c_w.l(_printf_e.o)
    0x080041bc   0x080041bc   0x00000006   Code   RO         2438    .ARM.Collect$$_printf_percent$$00000005  c_w.l(_printf_g.o)
    0x080041c2   0x080041c2   0x00000006   Code   RO         2439    .ARM.Collect$$_printf_percent$$00000006  c_w.l(_printf_a.o)
    0x080041c8   0x080041c8   0x0000000a   Code   RO         2444    .ARM.Collect$$_printf_percent$$00000007  c_w.l(_printf_ll.o)
    0x080041d2   0x080041d2   0x00000006   Code   RO         2433    .ARM.Collect$$_printf_percent$$00000008  c_w.l(_printf_i.o)
    0x080041d8   0x080041d8   0x00000006   Code   RO         2434    .ARM.Collect$$_printf_percent$$00000009  c_w.l(_printf_d.o)
    0x080041de   0x080041de   0x00000006   Code   RO         2435    .ARM.Collect$$_printf_percent$$0000000A  c_w.l(_printf_u.o)
    0x080041e4   0x080041e4   0x00000006   Code   RO         2432    .ARM.Collect$$_printf_percent$$0000000B  c_w.l(_printf_o.o)
    0x080041ea   0x080041ea   0x00000006   Code   RO         2430    .ARM.Collect$$_printf_percent$$0000000C  c_w.l(_printf_x.o)
    0x080041f0   0x080041f0   0x00000006   Code   RO         2441    .ARM.Collect$$_printf_percent$$0000000D  c_w.l(_printf_lli.o)
    0x080041f6   0x080041f6   0x00000006   Code   RO         2442    .ARM.Collect$$_printf_percent$$0000000E  c_w.l(_printf_lld.o)
    0x080041fc   0x080041fc   0x00000006   Code   RO         2443    .ARM.Collect$$_printf_percent$$0000000F  c_w.l(_printf_llu.o)
    0x08004202   0x08004202   0x00000006   Code   RO         2448    .ARM.Collect$$_printf_percent$$00000010  c_w.l(_printf_llo.o)
    0x08004208   0x08004208   0x00000006   Code   RO         2449    .ARM.Collect$$_printf_percent$$00000011  c_w.l(_printf_llx.o)
    0x0800420e   0x0800420e   0x0000000a   Code   RO         2445    .ARM.Collect$$_printf_percent$$00000012  c_w.l(_printf_l.o)
    0x08004218   0x08004218   0x00000006   Code   RO         2427    .ARM.Collect$$_printf_percent$$00000013  c_w.l(_printf_c.o)
    0x0800421e   0x0800421e   0x00000006   Code   RO         2428    .ARM.Collect$$_printf_percent$$00000014  c_w.l(_printf_s.o)
    0x08004224   0x08004224   0x00000006   Code   RO         2446    .ARM.Collect$$_printf_percent$$00000015  c_w.l(_printf_lc.o)
    0x0800422a   0x0800422a   0x00000006   Code   RO         2447    .ARM.Collect$$_printf_percent$$00000016  c_w.l(_printf_ls.o)
    0x08004230   0x08004230   0x00000004   Code   RO         2490    .ARM.Collect$$_printf_percent$$00000017  c_w.l(_printf_percent_end.o)
    0x08004234   0x08004234   0x00000002   Code   RO         2539    .ARM.Collect$$libinit$$00000000  c_w.l(libinit.o)
    0x08004236   0x08004236   0x00000000   Code   RO         2556    .ARM.Collect$$libinit$$00000002  c_w.l(libinit2.o)
    0x08004236   0x08004236   0x00000000   Code   RO         2558    .ARM.Collect$$libinit$$00000004  c_w.l(libinit2.o)
    0x08004236   0x08004236   0x00000000   Code   RO         2561    .ARM.Collect$$libinit$$0000000A  c_w.l(libinit2.o)
    0x08004236   0x08004236   0x00000000   Code   RO         2563    .ARM.Collect$$libinit$$0000000C  c_w.l(libinit2.o)
    0x08004236   0x08004236   0x00000000   Code   RO         2565    .ARM.Collect$$libinit$$0000000E  c_w.l(libinit2.o)
    0x08004236   0x08004236   0x00000006   Code   RO         2566    .ARM.Collect$$libinit$$0000000F  c_w.l(libinit2.o)
    0x0800423c   0x0800423c   0x00000000   Code   RO         2568    .ARM.Collect$$libinit$$00000011  c_w.l(libinit2.o)
    0x0800423c   0x0800423c   0x0000000c   Code   RO         2569    .ARM.Collect$$libinit$$00000012  c_w.l(libinit2.o)
    0x08004248   0x08004248   0x00000000   Code   RO         2570    .ARM.Collect$$libinit$$00000013  c_w.l(libinit2.o)
    0x08004248   0x08004248   0x00000000   Code   RO         2572    .ARM.Collect$$libinit$$00000015  c_w.l(libinit2.o)
    0x08004248   0x08004248   0x0000000a   Code   RO         2573    .ARM.Collect$$libinit$$00000016  c_w.l(libinit2.o)
    0x08004252   0x08004252   0x00000000   Code   RO         2574    .ARM.Collect$$libinit$$00000017  c_w.l(libinit2.o)
    0x08004252   0x08004252   0x00000000   Code   RO         2576    .ARM.Collect$$libinit$$00000019  c_w.l(libinit2.o)
    0x08004252   0x08004252   0x00000000   Code   RO         2578    .ARM.Collect$$libinit$$0000001B  c_w.l(libinit2.o)
    0x08004252   0x08004252   0x00000000   Code   RO         2580    .ARM.Collect$$libinit$$0000001D  c_w.l(libinit2.o)
    0x08004252   0x08004252   0x00000000   Code   RO         2582    .ARM.Collect$$libinit$$0000001F  c_w.l(libinit2.o)
    0x08004252   0x08004252   0x00000000   Code   RO         2584    .ARM.Collect$$libinit$$00000021  c_w.l(libinit2.o)
    0x08004252   0x08004252   0x00000000   Code   RO         2586    .ARM.Collect$$libinit$$00000023  c_w.l(libinit2.o)
    0x08004252   0x08004252   0x00000000   Code   RO         2588    .ARM.Collect$$libinit$$00000025  c_w.l(libinit2.o)
    0x08004252   0x08004252   0x00000000   Code   RO         2592    .ARM.Collect$$libinit$$0000002C  c_w.l(libinit2.o)
    0x08004252   0x08004252   0x00000000   Code   RO         2594    .ARM.Collect$$libinit$$0000002E  c_w.l(libinit2.o)
    0x08004252   0x08004252   0x00000000   Code   RO         2596    .ARM.Collect$$libinit$$00000030  c_w.l(libinit2.o)
    0x08004252   0x08004252   0x00000000   Code   RO         2598    .ARM.Collect$$libinit$$00000032  c_w.l(libinit2.o)
    0x08004252   0x08004252   0x00000002   Code   RO         2599    .ARM.Collect$$libinit$$00000033  c_w.l(libinit2.o)
    0x08004254   0x08004254   0x00000002   Code   RO         2619    .ARM.Collect$$libshutdown$$00000000  c_w.l(libshutdown.o)
    0x08004256   0x08004256   0x00000000   Code   RO         2632    .ARM.Collect$$libshutdown$$00000002  c_w.l(libshutdown2.o)
    0x08004256   0x08004256   0x00000000   Code   RO         2634    .ARM.Collect$$libshutdown$$00000004  c_w.l(libshutdown2.o)
    0x08004256   0x08004256   0x00000000   Code   RO         2637    .ARM.Collect$$libshutdown$$00000007  c_w.l(libshutdown2.o)
    0x08004256   0x08004256   0x00000000   Code   RO         2640    .ARM.Collect$$libshutdown$$0000000A  c_w.l(libshutdown2.o)
    0x08004256   0x08004256   0x00000000   Code   RO         2642    .ARM.Collect$$libshutdown$$0000000C  c_w.l(libshutdown2.o)
    0x08004256   0x08004256   0x00000000   Code   RO         2645    .ARM.Collect$$libshutdown$$0000000F  c_w.l(libshutdown2.o)
    0x08004256   0x08004256   0x00000002   Code   RO         2646    .ARM.Collect$$libshutdown$$00000010  c_w.l(libshutdown2.o)
    0x08004258   0x08004258   0x00000000   Code   RO         2356    .ARM.Collect$$rtentry$$00000000  c_w.l(__rtentry.o)
    0x08004258   0x08004258   0x00000000   Code   RO         2461    .ARM.Collect$$rtentry$$00000002  c_w.l(__rtentry2.o)
    0x08004258   0x08004258   0x00000006   Code   RO         2473    .ARM.Collect$$rtentry$$00000004  c_w.l(__rtentry4.o)
    0x0800425e   0x0800425e   0x00000000   Code   RO         2463    .ARM.Collect$$rtentry$$00000009  c_w.l(__rtentry2.o)
    0x0800425e   0x0800425e   0x00000004   Code   RO         2464    .ARM.Collect$$rtentry$$0000000A  c_w.l(__rtentry2.o)
    0x08004262   0x08004262   0x00000000   Code   RO         2466    .ARM.Collect$$rtentry$$0000000C  c_w.l(__rtentry2.o)
    0x08004262   0x08004262   0x00000008   Code   RO         2467    .ARM.Collect$$rtentry$$0000000D  c_w.l(__rtentry2.o)
    0x0800426a   0x0800426a   0x00000002   Code   RO         2548    .ARM.Collect$$rtexit$$00000000  c_w.l(rtexit.o)
    0x0800426c   0x0800426c   0x00000000   Code   RO         2601    .ARM.Collect$$rtexit$$00000002  c_w.l(rtexit2.o)
    0x0800426c   0x0800426c   0x00000004   Code   RO         2602    .ARM.Collect$$rtexit$$00000003  c_w.l(rtexit2.o)
    0x08004270   0x08004270   0x00000006   Code   RO         2603    .ARM.Collect$$rtexit$$00000004  c_w.l(rtexit2.o)
    0x08004276   0x08004276   0x00000002   PAD
    0x08004278   0x08004278   0x00000040   Code   RO            4    .text               startup_stm32f103xe.o
    0x080042b8   0x080042b8   0x00000034   Code   RO         2346    .text               c_w.l(vsnprintf.o)
    0x080042ec   0x080042ec   0x0000008a   Code   RO         2348    .text               c_w.l(rt_memcpy_v6.o)
    0x08004376   0x08004376   0x0000004e   Code   RO         2350    .text               c_w.l(rt_memclr_w.o)
    0x080043c4   0x080043c4   0x00000006   Code   RO         2352    .text               c_w.l(heapauxi.o)
    0x080043ca   0x080043ca   0x0000004e   Code   RO         2359    .text               c_w.l(_printf_pad.o)
    0x08004418   0x08004418   0x00000024   Code   RO         2361    .text               c_w.l(_printf_truncate.o)
    0x0800443c   0x0800443c   0x00000052   Code   RO         2363    .text               c_w.l(_printf_str.o)
    0x0800448e   0x0800448e   0x00000002   PAD
    0x08004490   0x08004490   0x00000078   Code   RO         2365    .text               c_w.l(_printf_dec.o)
    0x08004508   0x08004508   0x00000028   Code   RO         2367    .text               c_w.l(_printf_charcount.o)
    0x08004530   0x08004530   0x00000030   Code   RO         2369    .text               c_w.l(_printf_char_common.o)
    0x08004560   0x08004560   0x0000000a   Code   RO         2371    .text               c_w.l(_sputc.o)
    0x0800456a   0x0800456a   0x00000010   Code   RO         2373    .text               c_w.l(_snputc.o)
    0x0800457a   0x0800457a   0x00000002   PAD
    0x0800457c   0x0800457c   0x000000bc   Code   RO         2375    .text               c_w.l(_printf_wctomb.o)
    0x08004638   0x08004638   0x0000007c   Code   RO         2378    .text               c_w.l(_printf_longlong_dec.o)
    0x080046b4   0x080046b4   0x00000070   Code   RO         2384    .text               c_w.l(_printf_oct_int_ll.o)
    0x08004724   0x08004724   0x00000094   Code   RO         2404    .text               c_w.l(_printf_hex_int_ll_ptr.o)
    0x080047b8   0x080047b8   0x00000188   Code   RO         2424    .text               c_w.l(__printf_flags_ss_wp.o)
    0x08004940   0x08004940   0x00000064   Code   RO         2450    .text               c_w.l(rt_memcpy_w.o)
    0x080049a4   0x080049a4   0x0000008a   Code   RO         2475    .text               c_w.l(lludiv10.o)
    0x08004a2e   0x08004a2e   0x000000b2   Code   RO         2477    .text               c_w.l(_printf_intcommon.o)
    0x08004ae0   0x08004ae0   0x0000041e   Code   RO         2479    .text               c_w.l(_printf_fp_dec.o)
    0x08004efe   0x08004efe   0x00000002   PAD
    0x08004f00   0x08004f00   0x000002fc   Code   RO         2481    .text               c_w.l(_printf_fp_hex.o)
    0x080051fc   0x080051fc   0x0000002c   Code   RO         2486    .text               c_w.l(_printf_char.o)
    0x08005228   0x08005228   0x0000002c   Code   RO         2488    .text               c_w.l(_printf_wchar.o)
    0x08005254   0x08005254   0x00000040   Code   RO         2491    .text               c_w.l(_wcrtomb.o)
    0x08005294   0x08005294   0x0000004a   Code   RO         2493    .text               c_w.l(sys_stackheap_outer.o)
    0x080052de   0x080052de   0x00000002   PAD
    0x080052e0   0x080052e0   0x00000010   Code   RO         2495    .text               c_w.l(rt_ctype_table.o)
    0x080052f0   0x080052f0   0x00000008   Code   RO         2500    .text               c_w.l(rt_locale_intlibspace.o)
    0x080052f8   0x080052f8   0x00000080   Code   RO         2502    .text               c_w.l(_printf_fp_infnan.o)
    0x08005378   0x08005378   0x000000e4   Code   RO         2504    .text               c_w.l(bigflt0.o)
    0x0800545c   0x0800545c   0x00000012   Code   RO         2532    .text               c_w.l(exit.o)
    0x0800546e   0x0800546e   0x00000002   PAD
    0x08005470   0x08005470   0x00000008   Code   RO         2545    .text               c_w.l(libspace.o)
    0x08005478   0x08005478   0x00000080   Code   RO         2553    .text               c_w.l(strcmpv7m.o)
    0x080054f8   0x080054f8   0x0000000c   Code   RO         2611    .text               c_w.l(sys_exit.o)
    0x08005504   0x08005504   0x00000002   Code   RO         2622    .text               c_w.l(use_no_semi.o)
    0x08005506   0x08005506   0x00000000   Code   RO         2624    .text               c_w.l(indicate_semi.o)
    0x08005506   0x08005506   0x0000003e   Code   RO         2507    CL$$btod_d2e        c_w.l(btod.o)
    0x08005544   0x08005544   0x00000046   Code   RO         2509    CL$$btod_d2e_denorm_low  c_w.l(btod.o)
    0x0800558a   0x0800558a   0x00000060   Code   RO         2508    CL$$btod_d2e_norm_op1  c_w.l(btod.o)
    0x080055ea   0x080055ea   0x00000338   Code   RO         2517    CL$$btod_div_common  c_w.l(btod.o)
    0x08005922   0x08005922   0x000000dc   Code   RO         2514    CL$$btod_e2e        c_w.l(btod.o)
    0x080059fe   0x080059fe   0x0000002a   Code   RO         2511    CL$$btod_ediv       c_w.l(btod.o)
    0x08005a28   0x08005a28   0x0000002a   Code   RO         2510    CL$$btod_emul       c_w.l(btod.o)
    0x08005a52   0x08005a52   0x00000244   Code   RO         2516    CL$$btod_mult_common  c_w.l(btod.o)
    0x08005c96   0x08005c96   0x00000002   PAD
    0x08005c98   0x08005c98   0x000000c0   Code   RO         2003    i.BootLoader_OTA_BlockState_print  bootloader.o
    0x08005d58   0x08005d58   0x00000060   Code   RO         2004    i.BootLoader_OTA_Init  bootloader.o
    0x08005db8   0x08005db8   0x000000e8   Code   RO         2005    i.BootLoader_OTA_Write  bootloader.o
    0x08005ea0   0x08005ea0   0x00000002   Code   RO          288    i.BusFault_Handler  stm32f1xx_it.o
    0x08005ea2   0x08005ea2   0x00000002   PAD
    0x08005ea4   0x08005ea4   0x00000038   Code   RO         2272    i.CAN_Init          mycan.o
    0x08005edc   0x08005edc   0x00000002   Code   RO          289    i.DebugMon_Handler  stm32f1xx_it.o
    0x08005ede   0x08005ede   0x00000004   Code   RO           13    i.Error_Handler     main.o
    0x08005ee2   0x08005ee2   0x00000024   Code   RO          431    i.HAL_CAN_ActivateNotification  stm32f1xx_hal_can.o
    0x08005f06   0x08005f06   0x00000002   PAD
    0x08005f08   0x08005f08   0x000000ee   Code   RO          433    i.HAL_CAN_ConfigFilter  stm32f1xx_hal_can.o
    0x08005ff6   0x08005ff6   0x00000002   Code   RO          436    i.HAL_CAN_ErrorCallback  stm32f1xx_hal_can.o
    0x08005ff8   0x08005ff8   0x00000022   Code   RO          438    i.HAL_CAN_GetRxFifoFillLevel  stm32f1xx_hal_can.o
    0x0800601a   0x0800601a   0x000000f4   Code   RO          439    i.HAL_CAN_GetRxMessage  stm32f1xx_hal_can.o
    0x0800610e   0x0800610e   0x000001fc   Code   RO          443    i.HAL_CAN_IRQHandler  stm32f1xx_hal_can.o
    0x0800630a   0x0800630a   0x0000011a   Code   RO          444    i.HAL_CAN_Init      stm32f1xx_hal_can.o
    0x08006424   0x08006424   0x0000007c   Code   RO          199    i.HAL_CAN_MspInit   can.o
    0x080064a0   0x080064a0   0x00000002   Code   RO          451    i.HAL_CAN_RxFifo0FullCallback  stm32f1xx_hal_can.o
    0x080064a2   0x080064a2   0x00000002   PAD
    0x080064a4   0x080064a4   0x00000048   Code   RO           14    i.HAL_CAN_RxFifo0MsgPendingCallback  main.o
    0x080064ec   0x080064ec   0x00000002   Code   RO          453    i.HAL_CAN_RxFifo1FullCallback  stm32f1xx_hal_can.o
    0x080064ee   0x080064ee   0x00000002   Code   RO          454    i.HAL_CAN_RxFifo1MsgPendingCallback  stm32f1xx_hal_can.o
    0x080064f0   0x080064f0   0x00000002   Code   RO          455    i.HAL_CAN_SleepCallback  stm32f1xx_hal_can.o
    0x080064f2   0x080064f2   0x00000002   PAD
    0x080064f4   0x080064f4   0x00000058   Code   RO          456    i.HAL_CAN_Start     stm32f1xx_hal_can.o
    0x0800654c   0x0800654c   0x00000002   Code   RO          458    i.HAL_CAN_TxMailbox0AbortCallback  stm32f1xx_hal_can.o
    0x0800654e   0x0800654e   0x00000002   Code   RO          459    i.HAL_CAN_TxMailbox0CompleteCallback  stm32f1xx_hal_can.o
    0x08006550   0x08006550   0x00000002   Code   RO          460    i.HAL_CAN_TxMailbox1AbortCallback  stm32f1xx_hal_can.o
    0x08006552   0x08006552   0x00000002   Code   RO          461    i.HAL_CAN_TxMailbox1CompleteCallback  stm32f1xx_hal_can.o
    0x08006554   0x08006554   0x00000002   Code   RO          462    i.HAL_CAN_TxMailbox2AbortCallback  stm32f1xx_hal_can.o
    0x08006556   0x08006556   0x00000002   Code   RO          463    i.HAL_CAN_TxMailbox2CompleteCallback  stm32f1xx_hal_can.o
    0x08006558   0x08006558   0x00000002   Code   RO          465    i.HAL_CAN_WakeUpFromRxMsgCallback  stm32f1xx_hal_can.o
    0x0800655a   0x0800655a   0x00000002   PAD
    0x0800655c   0x0800655c   0x00000024   Code   RO          671    i.HAL_Delay         stm32f1xx_hal.o
    0x08006580   0x08006580   0x000001f8   Code   RO          981    i.HAL_GPIO_Init     stm32f1xx_hal_gpio.o
    0x08006778   0x08006778   0x0000000a   Code   RO          985    i.HAL_GPIO_WritePin  stm32f1xx_hal_gpio.o
    0x08006782   0x08006782   0x00000002   PAD
    0x08006784   0x08006784   0x0000000c   Code   RO          675    i.HAL_GetTick       stm32f1xx_hal.o
    0x08006790   0x08006790   0x00000010   Code   RO          681    i.HAL_IncTick       stm32f1xx_hal.o
    0x080067a0   0x080067a0   0x00000024   Code   RO          682    i.HAL_Init          stm32f1xx_hal.o
    0x080067c4   0x080067c4   0x00000040   Code   RO          683    i.HAL_InitTick      stm32f1xx_hal.o
    0x08006804   0x08006804   0x0000003c   Code   RO          370    i.HAL_MspInit       stm32f1xx_hal_msp.o
    0x08006840   0x08006840   0x0000001a   Code   RO         1141    i.HAL_NVIC_EnableIRQ  stm32f1xx_hal_cortex.o
    0x0800685a   0x0800685a   0x00000002   PAD
    0x0800685c   0x0800685c   0x00000040   Code   RO         1147    i.HAL_NVIC_SetPriority  stm32f1xx_hal_cortex.o
    0x0800689c   0x0800689c   0x00000024   Code   RO         1148    i.HAL_NVIC_SetPriorityGrouping  stm32f1xx_hal_cortex.o
    0x080068c0   0x080068c0   0x0000012c   Code   RO          839    i.HAL_RCC_ClockConfig  stm32f1xx_hal_rcc.o
    0x080069ec   0x080069ec   0x0000004c   Code   RO          848    i.HAL_RCC_GetSysClockFreq  stm32f1xx_hal_rcc.o
    0x08006a38   0x08006a38   0x00000320   Code   RO          851    i.HAL_RCC_OscConfig  stm32f1xx_hal_rcc.o
    0x08006d58   0x08006d58   0x000000b2   Code   RO         1652    i.HAL_SPI_Init      stm32f1xx_hal_spi.o
    0x08006e0a   0x08006e0a   0x00000002   PAD
    0x08006e0c   0x08006e0c   0x000000b0   Code   RO          241    i.HAL_SPI_MspInit   spi.o
    0x08006ebc   0x08006ebc   0x00000154   Code   RO         1655    i.HAL_SPI_Receive   stm32f1xx_hal_spi.o
    0x08007010   0x08007010   0x00000166   Code   RO         1660    i.HAL_SPI_Transmit  stm32f1xx_hal_spi.o
    0x08007176   0x08007176   0x000001f0   Code   RO         1661    i.HAL_SPI_TransmitReceive  stm32f1xx_hal_spi.o
    0x08007366   0x08007366   0x00000028   Code   RO         1152    i.HAL_SYSTICK_Config  stm32f1xx_hal_cortex.o
    0x0800738e   0x0800738e   0x00000002   Code   RO          290    i.HardFault_Handler  stm32f1xx_it.o
    0x08007390   0x08007390   0x00000048   Code   RO          200    i.MX_CAN_Init       can.o
    0x080073d8   0x080073d8   0x0000009c   Code   RO          174    i.MX_GPIO_Init      gpio.o
    0x08007474   0x08007474   0x00000048   Code   RO          242    i.MX_SPI1_Init      spi.o
    0x080074bc   0x080074bc   0x00000044   Code   RO          243    i.MX_SPI2_Init      spi.o
    0x08007500   0x08007500   0x00000002   Code   RO          291    i.MemManage_Handler  stm32f1xx_it.o
    0x08007502   0x08007502   0x00000002   Code   RO          292    i.NMI_Handler       stm32f1xx_it.o
    0x08007504   0x08007504   0x00000044   Code   RO         2115    i.OLED_Clear        oled.o
    0x08007548   0x08007548   0x00000050   Code   RO         2116    i.OLED_Clearline    oled.o
    0x08007598   0x08007598   0x00000060   Code   RO         2117    i.OLED_DrawChar     oled.o
    0x080075f8   0x080075f8   0x00000052   Code   RO         2119    i.OLED_DrawString   oled.o
    0x0800764a   0x0800764a   0x00000002   PAD
    0x0800764c   0x0800764c   0x0000010c   Code   RO         2120    i.OLED_Init         oled.o
    0x08007758   0x08007758   0x0000003c   Code   RO         2121    i.OLED_Map          oled.o
    0x08007794   0x08007794   0x00000050   Code   RO         2122    i.OLED_WR_Byte      oled.o
    0x080077e4   0x080077e4   0x00000054   Code   RO         2123    i.OLED_WR_Bytes     oled.o
    0x08007838   0x08007838   0x00000002   Code   RO          293    i.PendSV_Handler    stm32f1xx_it.o
    0x0800783a   0x0800783a   0x0000005c   Code   RO         1689    i.SPI_EndRxTransaction  stm32f1xx_hal_spi.o
    0x08007896   0x08007896   0x00000034   Code   RO         1690    i.SPI_EndRxTxTransaction  stm32f1xx_hal_spi.o
    0x080078ca   0x080078ca   0x00000002   PAD
    0x080078cc   0x080078cc   0x000000b8   Code   RO         1695    i.SPI_WaitFlagStateUntilTimeout  stm32f1xx_hal_spi.o
    0x08007984   0x08007984   0x00000002   Code   RO          294    i.SVC_Handler       stm32f1xx_it.o
    0x08007986   0x08007986   0x00000004   Code   RO          295    i.SysTick_Handler   stm32f1xx_it.o
    0x0800798a   0x0800798a   0x0000005e   Code   RO           15    i.SystemClock_Config  main.o
    0x080079e8   0x080079e8   0x00000002   Code   RO         1964    i.SystemInit        system_stm32f1xx.o
    0x080079ea   0x080079ea   0x00000002   PAD
    0x080079ec   0x080079ec   0x0000000c   Code   RO          296    i.USB_LP_CAN1_RX0_IRQHandler  stm32f1xx_it.o
    0x080079f8   0x080079f8   0x00000002   Code   RO          297    i.UsageFault_Handler  stm32f1xx_it.o
    0x080079fa   0x080079fa   0x00000028   Code   RO         2543    i.__ARM_fpclassify  m_ws.l(fpclassify.o)
    0x08007a22   0x08007a22   0x00000020   Code   RO         1154    i.__NVIC_SetPriority  stm32f1xx_hal_cortex.o
    0x08007a42   0x08007a42   0x0000000e   Code   RO         2417    i._is_digit         c_w.l(__printf_wp.o)
    0x08007a50   0x08007a50   0x00000040   Code   RO         2009    i.ept_pop           bootloader.o
    0x08007a90   0x08007a90   0x0000003c   Code   RO         2010    i.ept_push          bootloader.o
    0x08007acc   0x08007acc   0x0000001c   Code   RO         2011    i.is_ept_empty      bootloader.o
    0x08007ae8   0x08007ae8   0x00000018   Code   RO         2012    i.is_ept_full       bootloader.o
    0x08007b00   0x08007b00   0x0000005c   Code   RO           16    i.main              main.o
    0x08007b5c   0x08007b5c   0x0000006c   Code   RO         2198    i.w25q_BlockErase   w25q.o
    0x08007bc8   0x08007bc8   0x00000010   Code   RO         2199    i.w25q_Init         w25q.o
    0x08007bd8   0x08007bd8   0x00000010   Code   RO         2200    i.w25q_IsBusy       w25q.o
    0x08007be8   0x08007be8   0x00000094   Code   RO         2201    i.w25q_Read         w25q.o
    0x08007c7c   0x08007c7c   0x00000078   Code   RO         2203    i.w25q_ReadStatus   w25q.o
    0x08007cf4   0x08007cf4   0x0000006c   Code   RO         2204    i.w25q_SectorErase  w25q.o
    0x08007d60   0x08007d60   0x00000188   Code   RO         2205    i.w25q_Write        w25q.o
    0x08007ee8   0x08007ee8   0x0000004c   Code   RO         2206    i.w25q_WriteEnable  w25q.o
    0x08007f34   0x08007f34   0x0000002c   Code   RO         2530    locale$$code        c_w.l(lc_numeric_c.o)
    0x08007f60   0x08007f60   0x0000002c   Code   RO         2551    locale$$code        c_w.l(lc_ctype_c.o)
    0x08007f8c   0x08007f8c   0x00000004   Code   RO         2452    x$fpl$printf1       fz_ws.l(printf1.o)
    0x08007f90   0x08007f90   0x00000004   Code   RO         2454    x$fpl$printf2       fz_ws.l(printf2.o)
    0x08007f94   0x08007f94   0x00000000   Code   RO         2542    x$fpl$usenofp       fz_ws.l(usenofp.o)
    0x08007f94   0x08007f94   0x00000012   Data   RO          852    .constdata          stm32f1xx_hal_rcc.o
    0x08007fa6   0x08007fa6   0x00000010   Data   RO         1965    .constdata          system_stm32f1xx.o
    0x08007fb6   0x08007fb6   0x00000002   PAD
    0x08007fb8   0x08007fb8   0x00000020   Data   RO         2014    .constdata          bootloader.o
    0x08007fd8   0x08007fd8   0x000005f0   Data   RO         2125    .constdata          oled.o
    0x080085c8   0x080085c8   0x00000008   Data   RO         2207    .constdata          w25q.o
    0x080085d0   0x080085d0   0x00000008   Data   RO         2376    .constdata          c_w.l(_printf_wctomb.o)
    0x080085d8   0x080085d8   0x00000028   Data   RO         2405    .constdata          c_w.l(_printf_hex_int_ll_ptr.o)
    0x08008600   0x08008600   0x00000011   Data   RO         2425    .constdata          c_w.l(__printf_flags_ss_wp.o)
    0x08008611   0x08008611   0x00000026   Data   RO         2482    .constdata          c_w.l(_printf_fp_hex.o)
    0x08008637   0x08008637   0x00000001   PAD
    0x08008638   0x08008638   0x00000094   Data   RO         2505    .constdata          c_w.l(bigflt0.o)
    0x080086cc   0x080086cc   0x00000010   Data   RO         2015    .conststring        bootloader.o
    0x080086dc   0x080086dc   0x00000020   Data   RO         2677    Region$$Table       anon$$obj.o
    0x080086fc   0x080086fc   0x0000001c   Data   RO         2529    locale$$data        c_w.l(lc_numeric_c.o)
    0x08008718   0x08008718   0x00000110   Data   RO         2550    locale$$data        c_w.l(lc_ctype_c.o)


    Execution Region RW_IRAM1 (Exec base: 0x20000000, Load base: 0x08008828, Size: 0x00000cd0, Max: 0x00010000, ABSOLUTE)

    Exec Addr    Load Addr    Size         Type   Attr      Idx    E Section Name        Object

    0x20000000   0x08008828   0x0000000c   Data   RW           18    .data               main.o
    0x2000000c   0x08008834   0x0000000c   Data   RW          689    .data               stm32f1xx_hal.o
    0x20000018   0x08008840   0x00000004   Data   RW         1967    .data               system_stm32f1xx.o
    0x2000001c   0x08008844   0x00000010   Data   RW         2016    .data               bootloader.o
    0x2000002c   0x08008854   0x00000010   Data   RW         2017    .data               bootloader.o
    0x2000003c   0x08008864   0x00000010   Data   RW         2018    .data               bootloader.o
    0x2000004c   0x08008874   0x00000010   Data   RW         2019    .data               bootloader.o
    0x2000005c   0x08008884   0x0000002c   Data   RW         2020    .data               bootloader.o
    0x20000088        -       0x00000100   Zero   RW           17    .bss                main.o
    0x20000188        -       0x00000028   Zero   RW          201    .bss                can.o
    0x200001b0        -       0x000000b0   Zero   RW          244    .bss                spi.o
    0x20000260        -       0x00000010   Zero   RW         2013    .bss                bootloader.o
    0x20000270        -       0x00000400   Zero   RW         2124    .bss                oled.o
    0x20000670        -       0x00000060   Zero   RW         2546    .bss                c_w.l(libspace.o)
    0x200006d0        -       0x00000200   Zero   RW            2    HEAP                startup_stm32f103xe.o
    0x200008d0        -       0x00000400   Zero   RW            1    STACK               startup_stm32f103xe.o


==============================================================================

Image component sizes


      Code (inc. data)   RO Data    RW Data    ZI Data      Debug   Object Name

       696        110         48        108         16       6186   bootloader.o
       196         22          0          0         40       1619   can.o
       156         12          0          0          0        911   gpio.o
       262         20          0         12        256     464934   main.o
        56          4          0          0          0        503   mycan.o
       818         54       1520          0       1024       6517   oled.o
       316         40          0          0        176       2258   spi.o
        64         26        304          0       1536        800   startup_stm32f103xe.o
       164         28          0         12          0       6433   stm32f1xx_hal.o
      1454          0          0          0          0      13197   stm32f1xx_hal_can.o
       198         14          0          0          0      28899   stm32f1xx_hal_cortex.o
       514         42          0          0          0       2876   stm32f1xx_hal_gpio.o
        60          8          0          0          0        854   stm32f1xx_hal_msp.o
      1176         60         18          0          0       3954   stm32f1xx_hal_rcc.o
      1700          4          0          0          0       7982   stm32f1xx_hal_spi.o
        32          6          0          0          0       4239   stm32f1xx_it.o
         2          0         16          4          0       1091   system_stm32f1xx.o
       984         86          8          0          0       6269   w25q.o

    ----------------------------------------------------------------------
      8870        536       1948        136       3048     559522   Object Totals
         0          0         32          0          0          0   (incl. Generated)
        22          0          2          0          0          0   (incl. Padding)

    ----------------------------------------------------------------------

      Code (inc. data)   RO Data    RW Data    ZI Data      Debug   Library Member Name

         8          0          0          0          0         68   __main.o
       392          4         17          0          0         92   __printf_flags_ss_wp.o
        14          0          0          0          0         68   __printf_wp.o
         0          0          0          0          0          0   __rtentry.o
        12          0          0          0          0          0   __rtentry2.o
         6          0          0          0          0          0   __rtentry4.o
        52          8          0          0          0          0   __scatter.o
        26          0          0          0          0          0   __scatter_copy.o
        28          0          0          0          0          0   __scatter_zi.o
         6          0          0          0          0          0   _printf_a.o
         6          0          0          0          0          0   _printf_c.o
        44          0          0          0          0        108   _printf_char.o
        48          6          0          0          0         96   _printf_char_common.o
        40          0          0          0          0         68   _printf_charcount.o
         6          0          0          0          0          0   _printf_d.o
       120         16          0          0          0         92   _printf_dec.o
         6          0          0          0          0          0   _printf_e.o
         6          0          0          0          0          0   _printf_f.o
      1054          0          0          0          0        216   _printf_fp_dec.o
       764          8         38          0          0        100   _printf_fp_hex.o
       128         16          0          0          0         84   _printf_fp_infnan.o
         6          0          0          0          0          0   _printf_g.o
       148          4         40          0          0        160   _printf_hex_int_ll_ptr.o
         6          0          0          0          0          0   _printf_i.o
       178          0          0          0          0         88   _printf_intcommon.o
        10          0          0          0          0          0   _printf_l.o
         6          0          0          0          0          0   _printf_lc.o
        10          0          0          0          0          0   _printf_ll.o
         6          0          0          0          0          0   _printf_lld.o
         6          0          0          0          0          0   _printf_lli.o
         6          0          0          0          0          0   _printf_llo.o
         6          0          0          0          0          0   _printf_llu.o
         6          0          0          0          0          0   _printf_llx.o
       124         16          0          0          0         92   _printf_longlong_dec.o
         6          0          0          0          0          0   _printf_ls.o
         6          0          0          0          0          0   _printf_n.o
         6          0          0          0          0          0   _printf_o.o
       112         10          0          0          0        124   _printf_oct_int_ll.o
         6          0          0          0          0          0   _printf_p.o
        78          0          0          0          0        108   _printf_pad.o
         0          0          0          0          0          0   _printf_percent.o
         4          0          0          0          0          0   _printf_percent_end.o
         6          0          0          0          0          0   _printf_s.o
        82          0          0          0          0         80   _printf_str.o
        36          0          0          0          0         84   _printf_truncate.o
         6          0          0          0          0          0   _printf_u.o
        44          0          0          0          0        108   _printf_wchar.o
       188          6          8          0          0         92   _printf_wctomb.o
         6          0          0          0          0          0   _printf_x.o
        16          0          0          0          0         68   _snputc.o
        10          0          0          0          0         68   _sputc.o
        64          0          0          0          0         92   _wcrtomb.o
       228          4        148          0          0         96   bigflt0.o
      1936        128          0          0          0        672   btod.o
        18          0          0          0          0         80   exit.o
         6          0          0          0          0        152   heapauxi.o
         0          0          0          0          0          0   indicate_semi.o
        44         10        272          0          0         76   lc_ctype_c.o
        44         10         28          0          0         76   lc_numeric_c.o
         2          0          0          0          0          0   libinit.o
        30          0          0          0          0          0   libinit2.o
         2          0          0          0          0          0   libshutdown.o
         2          0          0          0          0          0   libshutdown2.o
         8          4          0          0         96         68   libspace.o
       138          0          0          0          0         80   lludiv10.o
        16          4          0          0          0         76   rt_ctype_table.o
         8          4          0          0          0         68   rt_locale_intlibspace.o
        78          0          0          0          0         80   rt_memclr_w.o
       138          0          0          0          0         68   rt_memcpy_v6.o
       100          0          0          0          0         80   rt_memcpy_w.o
         2          0          0          0          0          0   rtexit.o
        10          0          0          0          0          0   rtexit2.o
       128          0          0          0          0         68   strcmpv7m.o
        12          4          0          0          0         68   sys_exit.o
        74          0          0          0          0         80   sys_stackheap_outer.o
         2          0          0          0          0         68   use_no_semi.o
        52          4          0          0          0         80   vsnprintf.o
         4          0          0          0          0         68   printf1.o
         4          0          0          0          0         68   printf2.o
         0          0          0          0          0          0   usenofp.o
        40          0          0          0          0         68   fpclassify.o

    ----------------------------------------------------------------------
      7102        266        552          0         96       4396   Library Totals
        16          0          1          0          0          0   (incl. Padding)

    ----------------------------------------------------------------------

      Code (inc. data)   RO Data    RW Data    ZI Data      Debug   Library Name

      7038        266        551          0         96       4192   c_w.l
         8          0          0          0          0        136   fz_ws.l
        40          0          0          0          0         68   m_ws.l

    ----------------------------------------------------------------------
      7102        266        552          0         96       4396   Library Totals

    ----------------------------------------------------------------------

==============================================================================


      Code (inc. data)   RO Data    RW Data    ZI Data      Debug   

     15972        802       2500        136       3144     557154   Grand Totals
     15972        802       2500        136       3144     557154   ELF Image Totals
     15972        802       2500        136          0          0   ROM Totals

==============================================================================

    Total RO  Size (Code + RO Data)                18472 (  18.04kB)
    Total RW  Size (RW Data + ZI Data)              3280 (   3.20kB)
    Total ROM Size (Code + RO Data + RW Data)      18608 (  18.17kB)

==============================================================================

